###############################################################################
#
# IAR ELF Linker V8.22.1.15669/W32 for ARM                17/Jul/2019  11:23:04
# Copyright 2007-2018 IAR Systems AB.
#
#    Output file  =  C:\Users\HZM\Desktop\program\p007\EWARM\p007\Exe\p007.out
#    Map file     =  C:\Users\HZM\Desktop\program\p007\EWARM\p007\List\p007.map
#    Command line =  
#        -f C:\Users\HZM\AppData\Local\Temp\EW1B37.tmp
#        (C:\Users\HZM\Desktop\program\p007\EWARM\p007\Obj\gpio.o
#        C:\Users\HZM\Desktop\program\p007\EWARM\p007\Obj\main.o
#        C:\Users\HZM\Desktop\program\p007\EWARM\p007\Obj\startup_stm32f103xb.o
#        C:\Users\HZM\Desktop\program\p007\EWARM\p007\Obj\stm32f1xx_hal.o
#        C:\Users\HZM\Desktop\program\p007\EWARM\p007\Obj\stm32f1xx_hal_cortex.o
#        C:\Users\HZM\Desktop\program\p007\EWARM\p007\Obj\stm32f1xx_hal_dma.o
#        C:\Users\HZM\Desktop\program\p007\EWARM\p007\Obj\stm32f1xx_hal_flash.o
#        C:\Users\HZM\Desktop\program\p007\EWARM\p007\Obj\stm32f1xx_hal_flash_ex.o
#        C:\Users\HZM\Desktop\program\p007\EWARM\p007\Obj\stm32f1xx_hal_gpio.o
#        C:\Users\HZM\Desktop\program\p007\EWARM\p007\Obj\stm32f1xx_hal_gpio_ex.o
#        C:\Users\HZM\Desktop\program\p007\EWARM\p007\Obj\stm32f1xx_hal_msp.o
#        C:\Users\HZM\Desktop\program\p007\EWARM\p007\Obj\stm32f1xx_hal_pwr.o
#        C:\Users\HZM\Desktop\program\p007\EWARM\p007\Obj\stm32f1xx_hal_rcc.o
#        C:\Users\HZM\Desktop\program\p007\EWARM\p007\Obj\stm32f1xx_hal_rcc_ex.o
#        C:\Users\HZM\Desktop\program\p007\EWARM\p007\Obj\stm32f1xx_hal_tim.o
#        C:\Users\HZM\Desktop\program\p007\EWARM\p007\Obj\stm32f1xx_hal_tim_ex.o
#        C:\Users\HZM\Desktop\program\p007\EWARM\p007\Obj\stm32f1xx_hal_uart.o
#        C:\Users\HZM\Desktop\program\p007\EWARM\p007\Obj\stm32f1xx_it.o
#        C:\Users\HZM\Desktop\program\p007\EWARM\p007\Obj\system_stm32f1xx.o
#        C:\Users\HZM\Desktop\program\p007\EWARM\p007\Obj\usart.o --redirect
#        _Printf=_PrintfFull --redirect _Scanf=_ScanfFull -o
#        C:\Users\HZM\Desktop\program\p007\EWARM\p007\Exe\p007.out --map
#        C:\Users\HZM\Desktop\program\p007\EWARM\p007\List\p007.map --config
#        C:\Users\HZM\Desktop\program\p007\EWARM/stm32f103xb_flash.icf
#        --semihosting --entry __iar_program_start --vfe --text_out locale)
#
###############################################################################

*******************************************************************************
*** RUNTIME MODEL ATTRIBUTES
***

CppFlavor       = *
__SystemLibrary = DLib
__dlib_version  = 6


*******************************************************************************
*** HEAP SELECTION
***

The basic heap was selected because no calls to memory allocation
functions were found in the application outside of system library
functions, and there are calls to deallocation functions in the
application.


*******************************************************************************
*** PLACEMENT SUMMARY
***

"A0":  place at 0x08000000 { ro section .intvec };
"P1":  place in [from 0x08000000 to 0x0801ffff] { ro };
define block CSTACK with size = 1K, alignment = 8 { };
define block HEAP with size = 512, alignment = 8 { };
"P2":  place in [from 0x20000000 to 0x20004fff] {
          rw, block CSTACK, block HEAP };
initialize by copy { rw };

  Section            Kind        Address    Size  Object
  -------            ----        -------    ----  ------
"A0":                                       0xec
  .intvec            ro code  0x08000000    0xec  startup_stm32f103xb.o [1]
                            - 0x080000ec    0xec

"P1":                                     0x12e2
  .text              ro code  0x080000ec   0x4f6  stm32f1xx_hal_rcc.o [1]
  .text              ro code  0x080005e4     0xc  stm32f1xx_hal.o [1]
  .text              ro code  0x080005f0    0x40  stm32f1xx_hal.o [1]
  .text              ro code  0x08000630    0xc8  stm32f1xx_hal_cortex.o [1]
  .text              ro code  0x080006f8   0x494  stm32f1xx_hal_uart.o [1]
  .text              ro code  0x08000b8c    0xbc  usart.o [1]
  .text              ro code  0x08000c48    0xb8  stm32f1xx_hal_dma.o [1]
  .text              ro code  0x08000d00     0x2  stm32f1xx_hal_uart.o [1]
  .text              ro code  0x08000d02     0x2  stm32f1xx_hal_uart.o [1]
  .text              ro code  0x08000d04     0x2  stm32f1xx_hal_uart.o [1]
  .text              ro code  0x08000d06    0x6e  main.o [1]
  .text              ro code  0x08000d74     0x6  ABImemclr4.o [4]
  .text              ro code  0x08000d7c   0x1e0  stm32f1xx_hal_gpio.o [1]
  .text              ro code  0x08000f5c    0x24  stm32f1xx_hal.o [1]
  .text              ro code  0x08000f80    0xec  gpio.o [1]
  .text              ro code  0x0800106c    0x32  ABImemset48.o [4]
  .text              ro code  0x080010a0    0x58  stm32f1xx_hal_msp.o [1]
  .text              ro code  0x080010f8    0xa6  ABImemcpy.o [4]
  .text              ro code  0x080011a0    0x5c  system_stm32f1xx.o [1]
  .text              ro code  0x080011fc    0x38  packbits_init_single.o [4]
  .text              ro code  0x08001234    0x36  stm32f1xx_it.o [1]
  .text              ro code  0x0800126c    0x10  stm32f1xx_hal.o [1]
  .text              ro code  0x0800127c    0x28  data_init.o [4]
  .iar.init_table    const    0x080012a4    0x10  - Linker created -
  .text              ro code  0x080012b4    0x1e  cmain.o [4]
  .text              ro code  0x080012d2     0x4  low_level_init.o [3]
  .text              ro code  0x080012d6     0x4  exit.o [3]
  .text              ro code  0x080012dc     0xa  cexit.o [4]
  .text              ro code  0x080012e8    0x14  exit.o [5]
  .text              ro code  0x080012fc    0x10  startup_stm32f103xb.o [1]
  .text              ro code  0x0800130c     0xc  cstartup_M.o [4]
  .rodata            const    0x08001318     0x8  system_stm32f1xx.o [1]
  .text              ro code  0x08001320     0x4  startup_stm32f103xb.o [1]
  .text              ro code  0x08001324     0x4  startup_stm32f103xb.o [1]
  .text              ro code  0x08001328     0x4  startup_stm32f103xb.o [1]
  .text              ro code  0x0800132c     0x4  startup_stm32f103xb.o [1]
  .text              ro code  0x08001330     0x4  startup_stm32f103xb.o [1]
  .text              ro code  0x08001334     0x4  startup_stm32f103xb.o [1]
  .text              ro code  0x08001338     0x4  startup_stm32f103xb.o [1]
  .text              ro code  0x0800133c     0x4  startup_stm32f103xb.o [1]
  .text              ro code  0x08001340     0x4  startup_stm32f103xb.o [1]
  .text              ro code  0x08001344     0x4  startup_stm32f103xb.o [1]
  .text              ro code  0x08001348     0x4  startup_stm32f103xb.o [1]
  .text              ro code  0x0800134c     0x4  startup_stm32f103xb.o [1]
  .text              ro code  0x08001350     0x4  startup_stm32f103xb.o [1]
  .text              ro code  0x08001354     0x4  startup_stm32f103xb.o [1]
  .text              ro code  0x08001358     0x4  startup_stm32f103xb.o [1]
  .text              ro code  0x0800135c     0x4  startup_stm32f103xb.o [1]
  .text              ro code  0x08001360     0x4  startup_stm32f103xb.o [1]
  .text              ro code  0x08001364     0x4  startup_stm32f103xb.o [1]
  .text              ro code  0x08001368     0x4  startup_stm32f103xb.o [1]
  .text              ro code  0x0800136c     0x4  startup_stm32f103xb.o [1]
  .text              ro code  0x08001370     0x4  startup_stm32f103xb.o [1]
  .text              ro code  0x08001374     0x4  startup_stm32f103xb.o [1]
  .text              ro code  0x08001378     0x4  startup_stm32f103xb.o [1]
  .text              ro code  0x0800137c     0x4  startup_stm32f103xb.o [1]
  .text              ro code  0x08001380     0x4  startup_stm32f103xb.o [1]
  .text              ro code  0x08001384     0x4  startup_stm32f103xb.o [1]
  .text              ro code  0x08001388     0x4  startup_stm32f103xb.o [1]
  .text              ro code  0x0800138c     0x4  startup_stm32f103xb.o [1]
  .text              ro code  0x08001390     0x4  startup_stm32f103xb.o [1]
  .text              ro code  0x08001394     0x4  startup_stm32f103xb.o [1]
  .text              ro code  0x08001398     0x4  startup_stm32f103xb.o [1]
  .text              ro code  0x0800139c     0x4  startup_stm32f103xb.o [1]
  .text              ro code  0x080013a0     0x4  startup_stm32f103xb.o [1]
  .text              ro code  0x080013a4     0x4  startup_stm32f103xb.o [1]
  .text              ro code  0x080013a8     0x4  startup_stm32f103xb.o [1]
  .text              ro code  0x080013ac     0x4  startup_stm32f103xb.o [1]
  .text              ro code  0x080013b0     0x4  startup_stm32f103xb.o [1]
  .text              ro code  0x080013b4     0x4  startup_stm32f103xb.o [1]
  .text              ro code  0x080013b8     0x4  startup_stm32f103xb.o [1]
  .text              ro code  0x080013bc     0x4  startup_stm32f103xb.o [1]
  .rodata            const    0x080013c0     0x0  packbits_init_single.o [4]
  Initializer bytes  const    0x080013c0     0xe  <for P2-1>
                            - 0x080013ce  0x12e2

"P2", part 1 of 2:                          0x50
  P2-1                        0x20000000    0x50  <Init block>
    .data            inited   0x20000000     0xc  stm32f1xx_hal.o [1]
    .data            inited   0x2000000c     0x4  system_stm32f1xx.o [1]
    .bss             inited   0x20000010    0x40  usart.o [1]
                            - 0x20000050    0x50

"P2", part 2 of 2:                         0x400
  CSTACK                      0x20000050   0x400  <Block>
    CSTACK           uninit   0x20000050   0x400  <Block tail>
                            - 0x20000450   0x400


*******************************************************************************
*** INIT TABLE
***

          Address     Size
          -------     ----
Copy/packbits (__iar_packbits_init_single3)
    1 source range, total size 0xe (17% of destination):
          0x080013c0   0xe
    1 destination range, total size 0x50:
          0x20000000  0x50



*******************************************************************************
*** MODULE SUMMARY
***

    Module                  ro code  ro data  rw data
    ------                  -------  -------  -------
C:\Users\HZM\Desktop\program\p007\EWARM\p007\Obj: [1]
    gpio.o                      236
    main.o                      110
    startup_stm32f103xb.o       412
    stm32f1xx_hal.o             128        2       12
    stm32f1xx_hal_cortex.o      200
    stm32f1xx_hal_dma.o         184
    stm32f1xx_hal_gpio.o        480
    stm32f1xx_hal_msp.o          88
    stm32f1xx_hal_rcc.o       1 270
    stm32f1xx_hal_uart.o      1 178
    stm32f1xx_it.o               54
    system_stm32f1xx.o           92        8        4
    usart.o                     188       12       64
    -------------------------------------------------
    Total:                    4 620       22       80

command line: [2]
    -------------------------------------------------
    Total:

dl7M_tlf.a: [3]
    exit.o                        4
    low_level_init.o              4
    -------------------------------------------------
    Total:                        8

rt7M_tl.a: [4]
    ABImemclr4.o                  6
    ABImemcpy.o                 166
    ABImemset48.o                50
    cexit.o                      10
    cmain.o                      30
    cstartup_M.o                 12
    data_init.o                  40
    packbits_init_single.o       56
    -------------------------------------------------
    Total:                      370

shb_l.a: [5]
    exit.o                       20
    -------------------------------------------------
    Total:                       20

    Gaps                         14
    Linker created                        16    1 024
-----------------------------------------------------
    Grand Total:              5 032       38    1 104


*******************************************************************************
*** ENTRY LIST
***

Entry                      Address   Size  Type      Object
-----                      -------   ----  ----      ------
.iar.init_table$$Base   0x080012a4          --   Gb  - Linker created -
.iar.init_table$$Limit  0x080012b4          --   Gb  - Linker created -
?main                   0x080012b5         Code  Gb  cmain.o [4]
AHBPrescTable           0x080011ec   0x10  Data  Gb  system_stm32f1xx.o [1]
APBPrescTable           0x08001318    0x8  Data  Gb  system_stm32f1xx.o [1]
BusFault_Handler        0x0800123b    0x2  Code  Gb  stm32f1xx_it.o [1]
CSTACK$$Base            0x20000050          --   Gb  - Linker created -
CSTACK$$Limit           0x20000450          --   Gb  - Linker created -
DebugMon_Handler        0x08001241    0x2  Code  Gb  stm32f1xx_it.o [1]
EXTI15_10_IRQHandler    0x08001255   0x16  Code  Gb  stm32f1xx_it.o [1]
Error_Handler           0x08000d73    0x2  Code  Gb  main.o [1]
HAL_DMA_Abort_IT        0x08000c49   0x9a  Code  Gb  stm32f1xx_hal_dma.o [1]
HAL_GPIO_EXTI_Callback  0x08001015   0x2c  Code  Gb  gpio.o [1]
HAL_GPIO_EXTI_IRQHandler
                        0x08000f13   0x10  Code  Gb  stm32f1xx_hal_gpio.o [1]
HAL_GPIO_Init           0x08000d7d  0x182  Code  Gb  stm32f1xx_hal_gpio.o [1]
HAL_GPIO_TogglePin      0x08000f0b    0x8  Code  Gb  stm32f1xx_hal_gpio.o [1]
HAL_GPIO_WritePin       0x08000eff    0xc  Code  Gb  stm32f1xx_hal_gpio.o [1]
HAL_GetTick             0x080005e5    0xc  Code  Wk  stm32f1xx_hal.o [1]
HAL_IncTick             0x0800126d   0x10  Code  Wk  stm32f1xx_hal.o [1]
HAL_Init                0x08000f5d   0x20  Code  Gb  stm32f1xx_hal.o [1]
HAL_InitTick            0x080005f1   0x40  Code  Wk  stm32f1xx_hal.o [1]
HAL_MspInit             0x080010a1   0x58  Code  Gb  stm32f1xx_hal_msp.o [1]
HAL_NVIC_EnableIRQ      0x080006a3    0xa  Code  Gb  stm32f1xx_hal_cortex.o [1]
HAL_NVIC_SetPriority    0x08000669   0x3a  Code  Gb  stm32f1xx_hal_cortex.o [1]
HAL_NVIC_SetPriorityGrouping
                        0x0800064f   0x1a  Code  Gb  stm32f1xx_hal_cortex.o [1]
HAL_RCC_ClockConfig     0x08000409  0x126  Code  Gb  stm32f1xx_hal_rcc.o [1]
HAL_RCC_GetPCLK1Freq    0x08000581   0x10  Code  Gb  stm32f1xx_hal_rcc.o [1]
HAL_RCC_GetPCLK2Freq    0x08000591    0xe  Code  Gb  stm32f1xx_hal_rcc.o [1]
HAL_RCC_GetSysClockFreq
                        0x08000545   0x3c  Code  Gb  stm32f1xx_hal_rcc.o [1]
HAL_RCC_GetSysClockFreq::aPLLMULFactorTable
                        0x080005d0   0x10  Data  Lc  stm32f1xx_hal_rcc.o [1]
HAL_RCC_GetSysClockFreq::aPredivFactorTable
                        0x080005e0    0x2  Data  Lc  stm32f1xx_hal_rcc.o [1]
HAL_RCC_OscConfig       0x080000ed  0x314  Code  Gb  stm32f1xx_hal_rcc.o [1]
HAL_SYSTICK_Config      0x080006b7   0x28  Code  Gb  stm32f1xx_hal_cortex.o [1]
HAL_UART_IRQHandler     0x0800082f  0x152  Code  Gb  stm32f1xx_hal_uart.o [1]
HAL_UART_Init           0x080006f9   0x1e  Code  Gb  stm32f1xx_hal_uart.o [1]
HAL_UART_MspInit        0x08000bbd   0x7c  Code  Gb  usart.o [1]
HAL_UART_Transmit       0x08000771   0xaa  Code  Gb  stm32f1xx_hal_uart.o [1]
HardFault_Handler       0x08001237    0x2  Code  Gb  stm32f1xx_it.o [1]
MX_GPIO_Init            0x08000f81   0x94  Code  Gb  gpio.o [1]
MX_USART1_UART_Init     0x08000b8d   0x30  Code  Gb  usart.o [1]
MemManage_Handler       0x08001239    0x2  Code  Gb  stm32f1xx_it.o [1]
NMI_Handler             0x08001235    0x2  Code  Gb  stm32f1xx_it.o [1]
NVIC_SetPriority        0x08000631   0x1e  Code  Lc  stm32f1xx_hal_cortex.o [1]
PendSV_Handler          0x08001243    0x2  Code  Gb  stm32f1xx_it.o [1]
RCC_IRQHandler          0x08001249    0x2  Code  Gb  stm32f1xx_it.o [1]
Region$$Table$$Base     0x080012a4          --   Gb  - Linker created -
Region$$Table$$Limit    0x080012b4          --   Gb  - Linker created -
SVC_Handler             0x0800123f    0x2  Code  Gb  stm32f1xx_it.o [1]
SysTick_Handler         0x08001245    0x4  Code  Gb  stm32f1xx_it.o [1]
SystemClock_Config      0x08000d1b   0x58  Code  Gb  main.o [1]
SystemCoreClock         0x2000000c    0x4  Data  Gb  system_stm32f1xx.o [1]
SystemInit              0x080011a1   0x3a  Code  Gb  system_stm32f1xx.o [1]
UART_DMAAbortOnError    0x08000a01    0xc  Code  Lc  stm32f1xx_hal_uart.o [1]
UART_EndRxTransfer      0x080009e5   0x1c  Code  Lc  stm32f1xx_hal_uart.o [1]
UART_Receive_IT         0x08000a0d   0x96  Code  Lc  stm32f1xx_hal_uart.o [1]
UART_SetConfig          0x08000aa3   0xde  Code  Lc  stm32f1xx_hal_uart.o [1]
UART_WaitOnFlagUntilTimeout
                        0x08000981   0x56  Code  Lc  stm32f1xx_hal_uart.o [1]
USART1_IRQHandler       0x0800124b    0x6  Code  Gb  stm32f1xx_it.o [1]
UsageFault_Handler      0x0800123d    0x2  Code  Gb  stm32f1xx_it.o [1]
__aeabi_memclr4         0x08000d75         Code  Gb  ABImemclr4.o [4]
__aeabi_memcpy          0x080010f9         Code  Gb  ABImemcpy.o [4]
__aeabi_memcpy4         0x08001119         Code  Gb  ABImemcpy.o [4]
__aeabi_memcpy8         0x08001119         Code  Gb  ABImemcpy.o [4]
__cmain                 0x080012b5         Code  Gb  cmain.o [4]
__exit                  0x080012e9   0x14  Code  Gb  exit.o [5]
__iar_Memset4_word      0x0800106d         Code  Gb  ABImemset48.o [4]
__iar_Memset8_word      0x0800106d         Code  Gb  ABImemset48.o [4]
__iar_data_init3        0x0800127d   0x28  Code  Gb  data_init.o [4]
__iar_packbits_init_single3
                        0x080011fd   0x38  Code  Gb  packbits_init_single.o [4]
__iar_program_start     0x0800130d         Code  Gb  cstartup_M.o [4]
__iar_systems$$module {Abs}
                        0x00000001         Data  Gb  command line/config [2]
__low_level_init        0x080012d3    0x4  Code  Gb  low_level_init.o [3]
__vector_table          0x08000000         Data  Gb  startup_stm32f103xb.o [1]
_call_main              0x080012c1         Code  Gb  cmain.o [4]
_exit                   0x080012dd         Code  Gb  cexit.o [4]
_main                   0x080012cf         Code  Gb  cmain.o [4]
exit                    0x080012d7    0x4  Code  Gb  exit.o [3]
huart1                  0x20000010   0x40  Data  Gb  usart.o [1]
main                    0x08000d07   0x14  Code  Gb  main.o [1]
uwTick                  0x20000004    0x4  Data  Gb  stm32f1xx_hal.o [1]
uwTickFreq              0x20000000    0x1  Data  Gb  stm32f1xx_hal.o [1]
uwTickPrio              0x20000008    0x4  Data  Gb  stm32f1xx_hal.o [1]


[1] = C:\Users\HZM\Desktop\program\p007\EWARM\p007\Obj
[2] = command line
[3] = dl7M_tlf.a
[4] = rt7M_tl.a
[5] = shb_l.a

  5 032 bytes of readonly  code memory
     38 bytes of readonly  data memory
  1 104 bytes of readwrite data memory

Errors: none
Warnings: none
