###############################################################################
#
# IAR ELF Linker V8.22.1.15669/W32 for ARM                30/Jul/2019  01:18:47
# Copyright 2007-2018 IAR Systems AB.
#
#    Output file  =  
#        D:\OneDrive\收发器\firmware\EWARM\firmware\Exe\firmware.out
#    Map file     =  
#        D:\OneDrive\收发器\firmware\EWARM\firmware\List\firmware.map
#    Command line =  
#        -f C:\Users\ncer\AppData\Local\Temp\EWDE2B.tmp
#        (D:\OneDrive\收发器\firmware\EWARM\firmware\Obj\can.o
#        D:\OneDrive\收发器\firmware\EWARM\firmware\Obj\gpio.o
#        D:\OneDrive\收发器\firmware\EWARM\firmware\Obj\main.o
#        D:\OneDrive\收发器\firmware\EWARM\firmware\Obj\nrf24l01.o
#        D:\OneDrive\收发器\firmware\EWARM\firmware\Obj\spi.o
#        D:\OneDrive\收发器\firmware\EWARM\firmware\Obj\startup_stm32f072xb.o
#        D:\OneDrive\收发器\firmware\EWARM\firmware\Obj\stm32f0xx_hal.o
#        D:\OneDrive\收发器\firmware\EWARM\firmware\Obj\stm32f0xx_hal_can.o
#        D:\OneDrive\收发器\firmware\EWARM\firmware\Obj\stm32f0xx_hal_cortex.o
#        D:\OneDrive\收发器\firmware\EWARM\firmware\Obj\stm32f0xx_hal_dma.o
#        D:\OneDrive\收发器\firmware\EWARM\firmware\Obj\stm32f0xx_hal_flash.o
#        D:\OneDrive\收发器\firmware\EWARM\firmware\Obj\stm32f0xx_hal_flash_ex.o
#        D:\OneDrive\收发器\firmware\EWARM\firmware\Obj\stm32f0xx_hal_gpio.o
#        D:\OneDrive\收发器\firmware\EWARM\firmware\Obj\stm32f0xx_hal_i2c.o
#        D:\OneDrive\收发器\firmware\EWARM\firmware\Obj\stm32f0xx_hal_i2c_ex.o
#        D:\OneDrive\收发器\firmware\EWARM\firmware\Obj\stm32f0xx_hal_msp.o
#        D:\OneDrive\收发器\firmware\EWARM\firmware\Obj\stm32f0xx_hal_pwr.o
#        D:\OneDrive\收发器\firmware\EWARM\firmware\Obj\stm32f0xx_hal_pwr_ex.o
#        D:\OneDrive\收发器\firmware\EWARM\firmware\Obj\stm32f0xx_hal_rcc.o
#        D:\OneDrive\收发器\firmware\EWARM\firmware\Obj\stm32f0xx_hal_rcc_ex.o
#        D:\OneDrive\收发器\firmware\EWARM\firmware\Obj\stm32f0xx_hal_spi.o
#        D:\OneDrive\收发器\firmware\EWARM\firmware\Obj\stm32f0xx_hal_spi_ex.o
#        D:\OneDrive\收发器\firmware\EWARM\firmware\Obj\stm32f0xx_hal_tim.o
#        D:\OneDrive\收发器\firmware\EWARM\firmware\Obj\stm32f0xx_hal_tim_ex.o
#        D:\OneDrive\收发器\firmware\EWARM\firmware\Obj\stm32f0xx_hal_uart.o
#        D:\OneDrive\收发器\firmware\EWARM\firmware\Obj\stm32f0xx_hal_uart_ex.o
#        D:\OneDrive\收发器\firmware\EWARM\firmware\Obj\stm32f0xx_it.o
#        D:\OneDrive\收发器\firmware\EWARM\firmware\Obj\system_stm32f0xx.o
#        D:\OneDrive\收发器\firmware\EWARM\firmware\Obj\usart.o --redirect
#        _Printf=_PrintfFull --redirect _Scanf=_ScanfFull -o
#        D:\OneDrive\收发器\firmware\EWARM\firmware\Exe\firmware.out --map
#        D:\OneDrive\收发器\firmware\EWARM\firmware\List\firmware.map
#        --config D:\OneDrive\收发器\firmware\EWARM/stm32f072xb_flash.icf
#        --semihosting --entry __iar_program_start --vfe --text_out locale)
#
###############################################################################

*******************************************************************************
*** RUNTIME MODEL ATTRIBUTES
***

CppFlavor       = *
__Heap_Handler  = DLMalloc
__SystemLibrary = DLib
__dlib_version  = 6


*******************************************************************************
*** HEAP SELECTION
***

The advanced heap was selected because the application calls memory
allocation functions outside of system library functions, and there
are calls to deallocation functions in the application.


*******************************************************************************
*** PLACEMENT SUMMARY
***

"A0":  place at 0x08000000 { ro section .intvec };
"P1":  place in [from 0x08000000 to 0x0801ffff] { ro };
define block CSTACK with size = 512, alignment = 8 { };
define block HEAP with size = 512, alignment = 8 { };
"P2":  place in [from 0x20000000 to 0x20003fff] {
          rw, block CSTACK, block HEAP };
initialize by copy { rw };

  Section            Kind        Address    Size  Object
  -------            ----        -------    ----  ------
"A0":                                       0xc0
  .intvec            ro code  0x08000000    0xc0  startup_stm32f072xb.o [1]
                            - 0x080000c0    0xc0

"P1":                                     0x5b08
  .text              ro code  0x080000c0  0x16e0  dlmalloc.o [3]
  .text              ro code  0x080017a0     0xa  abort.o [3]
  .text              ro code  0x080017aa     0x2  startup_stm32f072xb.o [1]
  .text              ro code  0x080017ac    0x5c  ABImemcpy.o [5]
  .text              ro code  0x08001808    0x2c  xgetmemchunk.o [3]
  .text              ro code  0x08001834    0x14  exit.o [6]
  .text              ro code  0x08001848   0xffa  xprintffull.o [3]
  .text              ro code  0x08002842     0x2  startup_stm32f072xb.o [1]
  .text              ro code  0x08002844    0x88  xlocale_c.o [3]
  .text              ro code  0x080028cc    0x16  strchr.o [5]
  .text              ro code  0x080028e2     0x2  startup_stm32f072xb.o [1]
  .text              ro code  0x080028e4    0x48  xfail_s.o [3]
  .text              ro code  0x0800292c    0x10  strlen.o [5]
  .text              ro code  0x0800293c    0x18  memchr.o [5]
  .text              ro code  0x08002954     0xa  xmbcurmax.o [3]
  .text              ro code  0x0800295e    0x6a  I64DivMod.o [5]
  .text              ro code  0x080029c8   0x184  DblMul.o [4]
  .text              ro code  0x08002b4c    0x32  DblCmpLe.o [4]
  .text              ro code  0x08002b7e    0x32  DblCmpGe.o [4]
  .text              ro code  0x08002bb0    0x52  DblToI32.o [4]
  .text              ro code  0x08002c02     0x2  startup_stm32f072xb.o [1]
  .text              ro code  0x08002c04    0x34  IxxToDbl.o [4]
  .text              ro code  0x08002c38   0x1a8  DblAddSub.o [4]
  .text              ro code  0x08002de0    0xe0  I32DivModFast.o [5]
  .text              ro code  0x08002ec0    0xc2  DblDiv.o [4]
  .text              ro code  0x08002f82     0x2  startup_stm32f072xb.o [1]
  .text              ro code  0x08002f84    0x36  I32DivMod.o [5]
  .text              ro code  0x08002fba     0x2  startup_stm32f072xb.o [1]
  .text              ro code  0x08002fbc     0x2  I64DivZer.o [5]
  .text              ro code  0x08002fbe     0x2  startup_stm32f072xb.o [1]
  .text              ro code  0x08002fc0     0x2  IntDivZer.o [5]
  .text              ro code  0x08002fc2     0x2  startup_stm32f072xb.o [1]
  .text              ro code  0x08002fc4   0x880  stm32f0xx_hal_spi.o [1]
  .text              ro code  0x08003844    0xc0  spi.o [1]
  .text              ro code  0x08003904     0xc  stm32f0xx_hal.o [1]
  .text              ro code  0x08003910   0x15c  main.o [1]
  .text              ro code  0x08003a6c   0x1dc  stm32f0xx_hal_gpio.o [1]
  .text              ro code  0x08003c48    0x20  stm32f0xx_hal.o [1]
  .text              ro code  0x08003c68    0x80  gpio.o [1]
  .text              ro code  0x08003ce8   0x118  can.o [1]
  .text              ro code  0x08003e00    0xf4  usart.o [1]
  .text              ro code  0x08003ef4   0x38c  nrf24l01.o [1]
  .text              ro code  0x08004280   0x668  stm32f0xx_hal_rcc.o [1]
  .text              ro code  0x080048e8   0x13c  stm32f0xx_hal_rcc_ex.o [1]
  .text              ro code  0x08004a24    0xaa  stm32f0xx_hal_cortex.o [1]
  .text              ro code  0x08004ace    0x24  stm32f0xx_hal.o [1]
  .text              ro code  0x08004af2     0x2  startup_stm32f072xb.o [1]
  .text              ro code  0x08004af4    0x50  stm32f0xx_hal_msp.o [1]
  .text              ro code  0x08004b44   0x664  stm32f0xx_hal_can.o [1]
  .text              ro code  0x080051a8   0x6b0  stm32f0xx_hal_uart.o [1]
  .text              ro code  0x08005858    0x40  vsnprint.o [3]
  .text              ro code  0x08005898     0x8  heaptramp0.o [3]
  .text              ro code  0x080058a0    0x20  stm32f0xx_hal.o [1]
  .text              ro code  0x080058c0     0x2  stm32f0xx_hal_can.o [1]
  .text              ro code  0x080058c2     0x2  stm32f0xx_hal_can.o [1]
  .text              ro code  0x080058c4     0x2  stm32f0xx_hal_can.o [1]
  .text              ro code  0x080058c6     0x2  startup_stm32f072xb.o [1]
  .text              ro code  0x080058c8    0x48  stm32f0xx_hal_dma.o [1]
  .text              ro code  0x08005910     0x2  stm32f0xx_hal_uart.o [1]
  .text              ro code  0x08005912     0x2  startup_stm32f072xb.o [1]
  .text              ro code  0x08005914     0x2  stm32f0xx_hal_uart_ex.o [1]
  .text              ro code  0x08005916     0x2  stm32f0xx_hal_uart.o [1]
  .text              ro code  0x08005918     0x2  stm32f0xx_hal_uart.o [1]
  .text              ro code  0x0800591a     0x2  startup_stm32f072xb.o [1]
  .text              ro code  0x0800591c    0x70  system_stm32f0xx.o [1]
  .text              ro code  0x0800598c    0x3c  stm32f0xx_it.o [1]
  .text              ro code  0x080059c8    0x10  stm32f0xx_hal.o [1]
  .text              ro code  0x080059d8    0x3c  zero_init3.o [5]
  .text              ro code  0x08005a14    0x3c  packbits_init_single.o [5]
  .text              ro code  0x08005a50    0x28  data_init.o [5]
  .iar.init_table    const    0x08005a78    0x20  - Linker created -
  .text              ro code  0x08005a98    0x1e  cmain.o [5]
  .text              ro code  0x08005ab6     0x4  low_level_init.o [3]
  .text              ro code  0x08005aba     0x8  exit.o [3]
  .text              ro code  0x08005ac2     0x2  startup_stm32f072xb.o [1]
  .text              ro code  0x08005ac4     0xa  cexit.o [5]
  .text              ro code  0x08005ace    0x1c  xsnprout.o [3]
  .text              ro code  0x08005aea    0x1c  xencoding_8859_1.o [3]
  .text              ro code  0x08005b06     0x2  startup_stm32f072xb.o [1]
  .rodata            const    0x08005b08    0x10  xprintffull.o [3]
  .text              ro code  0x08005b18    0x10  startup_stm32f072xb.o [1]
  .text              ro code  0x08005b28     0xc  cstartup_M.o [5]
  .rodata            const    0x08005b34     0x8  system_stm32f0xx.o [1]
  .rodata            const    0x08005b3c     0x6  xlocale_c.o [3]
  .text              ro code  0x08005b42     0x2  startup_stm32f072xb.o [1]
  .text              ro code  0x08005b44     0x2  startup_stm32f072xb.o [1]
  .text              ro code  0x08005b46     0x2  startup_stm32f072xb.o [1]
  .text              ro code  0x08005b48     0x2  startup_stm32f072xb.o [1]
  .text              ro code  0x08005b4a     0x2  startup_stm32f072xb.o [1]
  .text              ro code  0x08005b4c     0x2  startup_stm32f072xb.o [1]
  .text              ro code  0x08005b4e     0x2  startup_stm32f072xb.o [1]
  .text              ro code  0x08005b50     0x2  startup_stm32f072xb.o [1]
  .text              ro code  0x08005b52     0x2  startup_stm32f072xb.o [1]
  .text              ro code  0x08005b54     0x2  startup_stm32f072xb.o [1]
  .text              ro code  0x08005b56     0x2  startup_stm32f072xb.o [1]
  .text              ro code  0x08005b58     0x2  startup_stm32f072xb.o [1]
  .text              ro code  0x08005b5a     0x2  startup_stm32f072xb.o [1]
  .text              ro code  0x08005b5c     0x2  startup_stm32f072xb.o [1]
  .text              ro code  0x08005b5e     0x2  startup_stm32f072xb.o [1]
  .rodata            const    0x08005b60     0x0  zero_init3.o [5]
  .rodata            const    0x08005b60     0x0  packbits_init_single.o [5]
  Initializer bytes  const    0x08005b60    0x68  <for P2-1>
                            - 0x08005bc8  0x5b08

"P2", part 1 of 3:                          0xac
  P2-1                        0x20000000    0xac  <Init block>
    .data            inited   0x20000000     0xc  nrf24l01.o [1]
    .data            inited   0x2000000c    0x1c  nrf24l01.o [1]
    .data            inited   0x20000028     0x4  system_stm32f0xx.o [1]
    .data            inited   0x2000002c    0x38  xlocale_c.o [3]
    .data            inited   0x20000064    0x48  xlocale_c.o [3]
                            - 0x200000ac    0xac

"P2", part 2 of 3:                         0x3c0
  .bss               zero     0x200000ac   0x1d8  dlmalloc.o [3]
  .bss               zero     0x20000284    0xd8  usart.o [1]
  .bss               zero     0x2000035c    0x64  spi.o [1]
  .bss               zero     0x200003c0    0x44  can.o [1]
  .bss               zero     0x20000404    0x40  can.o [1]
  .bss               zero     0x20000444    0x18  dlmalloc.o [3]
  .bss               zero     0x2000045c     0x4  stm32f0xx_hal.o [1]
  .bss               zero     0x20000460     0x4  xgetmemchunk.o [3]
  .bss               zero     0x20000464     0x4  xfail_s.o [3]
  .bss               zero     0x20000468     0x2  main.o [1]
                            - 0x2000046a   0x3be

"P2", part 3 of 3:                         0x400
  CSTACK                      0x20000470   0x200  <Block>
    CSTACK           uninit   0x20000470   0x200  <Block tail>
  HEAP                        0x20000670   0x200  <Block>
    HEAP             uninit   0x20000670   0x200  <Block tail>
                            - 0x20000870   0x400


*******************************************************************************
*** INIT TABLE
***

          Address     Size
          -------     ----
Zero (__iar_zero_init3)
    1 destination range, total size 0x3be:
          0x200000ac  0x3be

Copy/packbits (__iar_packbits_init_single3)
    1 source range, total size 0x68 (60% of destination):
          0x08005b60   0x68
    1 destination range, total size 0xac:
          0x20000000   0xac



*******************************************************************************
*** MODULE SUMMARY
***

    Module                   ro code  ro data  rw data
    ------                   -------  -------  -------
D:\OneDrive\收发器\firmware\EWARM\firmware\Obj: [1]
    can.o                        280               132
    gpio.o                       128
    main.o                       348                 2
    nrf24l01.o                   908       24       40
    spi.o                        192               100
    startup_stm32f072xb.o        266
    stm32f0xx_hal.o              128                 4
    stm32f0xx_hal_can.o        1 642
    stm32f0xx_hal_cortex.o       170
    stm32f0xx_hal_dma.o           72
    stm32f0xx_hal_gpio.o         476
    stm32f0xx_hal_msp.o           80
    stm32f0xx_hal_rcc.o        1 640
    stm32f0xx_hal_rcc_ex.o       316
    stm32f0xx_hal_spi.o        2 176
    stm32f0xx_hal_uart.o       1 718
    stm32f0xx_hal_uart_ex.o        2
    stm32f0xx_it.o                60
    system_stm32f0xx.o           112       10        4
    usart.o                      244               216
    --------------------------------------------------
    Total:                    10 958       34      498

command line: [2]
    --------------------------------------------------
    Total:

dl6M_tlf.a: [3]
    abort.o                       10
    dlmalloc.o                 5 856               496
    exit.o                         8
    heaptramp0.o                   8
    low_level_init.o               4
    vsnprint.o                    64
    xencoding_8859_1.o            28
    xfail_s.o                     72                 4
    xgetmemchunk.o                44                 4
    xlocale_c.o                  136       84      128
    xmbcurmax.o                   10
    xprintffull.o              4 090       16
    xsnprout.o                    28
    --------------------------------------------------
    Total:                    10 358      100      632

m6M_tl.a: [4]
    DblAddSub.o                  424
    DblCmpGe.o                    50
    DblCmpLe.o                    50
    DblDiv.o                     194
    DblMul.o                     388
    DblToI32.o                    82
    IxxToDbl.o                    52
    --------------------------------------------------
    Total:                     1 240

rt6M_tl.a: [5]
    ABImemcpy.o                   92
    I32DivMod.o                   54
    I32DivModFast.o              224
    I64DivMod.o                  106
    I64DivZer.o                    2
    IntDivZer.o                    2
    cexit.o                       10
    cmain.o                       30
    cstartup_M.o                  12
    data_init.o                   40
    memchr.o                      24
    packbits_init_single.o        60
    strchr.o                      22
    strlen.o                      16
    zero_init3.o                  60
    --------------------------------------------------
    Total:                       754

shb_l.a: [6]
    exit.o                        20
    --------------------------------------------------
    Total:                        20

    Linker created                         32    1 024
------------------------------------------------------
    Grand Total:              23 330      166    2 154


*******************************************************************************
*** ENTRY LIST
***

Entry                      Address   Size  Type      Object
-----                      -------   ----  ----      ------
.iar.init_table$$Base   0x08005a78          --   Gb  - Linker created -
.iar.init_table$$Limit  0x08005a98          --   Gb  - Linker created -
?main                   0x08005a99         Code  Gb  cmain.o [5]
AHBPrescTable           0x0800597c   0x10  Data  Gb  system_stm32f0xx.o [1]
APBPrescTable           0x08005b34    0x8  Data  Gb  system_stm32f0xx.o [1]
CAN_Receive_IT          0x08005055  0x13e  Code  Lc  stm32f0xx_hal_can.o [1]
CEC_CAN_IRQHandler      0x080059b7    0xa  Code  Gb  stm32f0xx_it.o [1]
CONFIG_VALUE            0x20000000    0x1  Data  Gb  nrf24l01.o [1]
CSTACK$$Base            0x20000470          --   Gb  - Linker created -
CSTACK$$Limit           0x20000670          --   Gb  - Linker created -
CacheMore               0x08002849   0x28  Code  Lc  xlocale_c.o [3]
Can_Cofigure            0x08003d7f   0x1a  Code  Gb  can.o [1]
Can_Cofigure::RxMessage
                        0x20000420   0x24  Data  Lc  can.o [1]
Can_Cofigure::TxMessage
                        0x20000404   0x1c  Data  Lc  can.o [1]
Can_Send_Message        0x08003d99   0x28  Code  Gb  can.o [1]
EXTI4_15_IRQHandler     0x080059a1    0xc  Code  Gb  stm32f0xx_it.o [1]
HAL_CAN_IRQHandler      0x08004e7d  0x1d2  Code  Gb  stm32f0xx_hal_can.o [1]
HAL_CAN_Init            0x08004b45  0x13a  Code  Gb  stm32f0xx_hal_can.o [1]
HAL_CAN_MspInit         0x08003d29   0x56  Code  Gb  can.o [1]
HAL_CAN_Transmit        0x08004c7f  0x1cc  Code  Gb  stm32f0xx_hal_can.o [1]
HAL_DMA_Abort_IT        0x080058c9   0x48  Code  Gb  stm32f0xx_hal_dma.o [1]
HAL_Delay               0x080058a1   0x20  Code  Wk  stm32f0xx_hal.o [1]
HAL_GPIO_EXTI_Callback  0x08003ce1    0x8  Code  Gb  gpio.o [1]
HAL_GPIO_EXTI_IRQHandler
                        0x08003c15   0x14  Code  Gb  stm32f0xx_hal_gpio.o [1]
HAL_GPIO_Init           0x08003a6d  0x190  Code  Gb  stm32f0xx_hal_gpio.o [1]
HAL_GPIO_TogglePin      0x08003c0d    0x8  Code  Gb  stm32f0xx_hal_gpio.o [1]
HAL_GPIO_WritePin       0x08003bfd   0x10  Code  Gb  stm32f0xx_hal_gpio.o [1]
HAL_GetTick             0x08003905    0xc  Code  Wk  stm32f0xx_hal.o [1]
HAL_IncTick             0x080059c9   0x10  Code  Wk  stm32f0xx_hal.o [1]
HAL_Init                0x08003c49   0x1a  Code  Gb  stm32f0xx_hal.o [1]
HAL_InitTick            0x08004acf   0x24  Code  Wk  stm32f0xx_hal.o [1]
HAL_MspInit             0x08004af5   0x50  Code  Gb  stm32f0xx_hal_msp.o [1]
HAL_NVIC_EnableIRQ      0x08004a67    0xe  Code  Gb  stm32f0xx_hal_cortex.o [1]
HAL_NVIC_SetPriority    0x08004a5f    0x8  Code  Gb  stm32f0xx_hal_cortex.o [1]
HAL_RCCEx_PeriphCLKConfig
                        0x080048e9  0x11e  Code  Gb  stm32f0xx_hal_rcc_ex.o [1]
HAL_RCC_ClockConfig     0x080046cd  0x158  Code  Gb  stm32f0xx_hal_rcc.o [1]
HAL_RCC_GetHCLKFreq     0x0800487d    0x6  Code  Gb  stm32f0xx_hal_rcc.o [1]
HAL_RCC_GetPCLK1Freq    0x08004883   0x14  Code  Gb  stm32f0xx_hal_rcc.o [1]
HAL_RCC_GetSysClockFreq
                        0x0800482d   0x50  Code  Gb  stm32f0xx_hal_rcc.o [1]
HAL_RCC_GetSysClockFreq::aPLLMULFactorTable
                        0x080048c8   0x10  Data  Lc  stm32f0xx_hal_rcc.o [1]
HAL_RCC_GetSysClockFreq::aPredivFactorTable
                        0x080048d8   0x10  Data  Lc  stm32f0xx_hal_rcc.o [1]
HAL_RCC_OscConfig       0x08004281  0x448  Code  Gb  stm32f0xx_hal_rcc.o [1]
HAL_SPI_Init            0x08002fc5   0xbc  Code  Gb  stm32f0xx_hal_spi.o [1]
HAL_SPI_MspInit         0x0800388d   0x40  Code  Gb  spi.o [1]
HAL_SPI_Receive         0x0800322d  0x188  Code  Gb  stm32f0xx_hal_spi.o [1]
HAL_SPI_Transmit        0x08003081  0x1a6  Code  Gb  stm32f0xx_hal_spi.o [1]
HAL_SPI_TransmitReceive
                        0x080033bd  0x276  Code  Gb  stm32f0xx_hal_spi.o [1]
HAL_SYSTICK_CLKSourceConfig
                        0x08004a9d   0x18  Code  Gb  stm32f0xx_hal_cortex.o [1]
HAL_SYSTICK_Config      0x08004a75   0x28  Code  Gb  stm32f0xx_hal_cortex.o [1]
HAL_SYSTICK_IRQHandler  0x08004ac5    0x8  Code  Gb  stm32f0xx_hal_cortex.o [1]
HAL_UARTEx_WakeupCallback
                        0x08005915    0x2  Code  Wk  stm32f0xx_hal_uart_ex.o [1]
HAL_UART_IRQHandler     0x080052d1  0x12e  Code  Gb  stm32f0xx_hal_uart.o [1]
HAL_UART_Init           0x080051a9   0x56  Code  Gb  stm32f0xx_hal_uart.o [1]
HAL_UART_MspInit        0x08003e35   0x56  Code  Gb  usart.o [1]
HAL_UART_Transmit       0x08005211   0xbc  Code  Gb  stm32f0xx_hal_uart.o [1]
HEAP$$Base              0x20000670          --   Gb  - Linker created -
HEAP$$Limit             0x20000870          --   Gb  - Linker created -
HardFault_Handler       0x0800598f    0x2  Code  Gb  stm32f0xx_it.o [1]
LoadInt                 0x08001a35   0x74  Code  Lc  xprintffull.o [3]
MX_CAN_Init             0x08003ce9   0x40  Code  Gb  can.o [1]
MX_GPIO_Init            0x08003c69   0x74  Code  Gb  gpio.o [1]
MX_SPI1_Init            0x08003845   0x48  Code  Gb  spi.o [1]
MX_USART1_UART_Init     0x08003e01   0x34  Code  Gb  usart.o [1]
NMI_Handler             0x0800598d    0x2  Code  Gb  stm32f0xx_it.o [1]
NRF_Init                0x08004063   0xc4  Code  Gb  nrf24l01.o [1]
NRF_RX_CHANNEL_NUM      0x20000001    0x1  Data  Gb  nrf24l01.o [1]
NRF_RX_Data             0x2000001c    0xc  Data  Gb  nrf24l01.o [1]
NRF_RX_IRQ_Handler      0x0800422d   0x4c  Code  Gb  nrf24l01.o [1]
NRF_Read_Bytes          0x08003fab   0x38  Code  Gb  nrf24l01.o [1]
NRF_Read_Reg            0x08003f13   0x3e  Code  Lc  nrf24l01.o [1]
NRF_Receive             0x080041bd   0x4a  Code  Gb  nrf24l01.o [1]
NRF_Receive_Callback    0x080039cd   0x7c  Code  Gb  main.o [1]
NRF_Receive_IT          0x0800420d   0x20  Code  Gb  nrf24l01.o [1]
NRF_Set_GPIO            0x08003ef5   0x1e  Code  Lc  nrf24l01.o [1]
NRF_Set_Mode            0x08004199   0x18  Code  Lc  nrf24l01.o [1]
NRF_Set_Rx_Addr         0x0800413d   0x5c  Code  Gb  nrf24l01.o [1]
NRF_Set_Tx_Addr         0x08004127   0x16  Code  Gb  nrf24l01.o [1]
NRF_TX_Data             0x20000010    0xc  Data  Gb  nrf24l01.o [1]
NRF_Write_Bytes         0x08003fe3   0x80  Code  Lc  nrf24l01.o [1]
NRF_Write_Reg           0x08003f51   0x5a  Code  Lc  nrf24l01.o [1]
NVIC_SetPriority        0x08004a25   0x3a  Code  Lc  stm32f0xx_hal_cortex.o [1]
PendSV_Handler          0x08005993    0x2  Code  Gb  stm32f0xx_it.o [1]
Region$$Table$$Base     0x08005a78          --   Gb  - Linker created -
Region$$Table$$Limit    0x08005a98          --   Gb  - Linker created -
SPI_EndRxTransaction    0x0800377b   0x78  Code  Lc  stm32f0xx_hal_spi.o [1]
SPI_EndRxTxTransaction  0x080037f3   0x4c  Code  Lc  stm32f0xx_hal_spi.o [1]
SPI_WaitFifoStateUntilTimeout
                        0x080036d7   0xa4  Code  Lc  stm32f0xx_hal_spi.o [1]
SPI_WaitFlagStateUntilTimeout
                        0x0800363d   0x9a  Code  Lc  stm32f0xx_hal_spi.o [1]
STATUS_VALUE            0x2000000c    0x1  Data  Gb  nrf24l01.o [1]
SVC_Handler             0x08005991    0x2  Code  Gb  stm32f0xx_it.o [1]
SysTick_Handler         0x08005995    0xc  Code  Gb  stm32f0xx_it.o [1]
SystemClock_Config      0x08003951   0x7c  Code  Gb  main.o [1]
SystemCoreClock         0x20000028    0x4  Data  Gb  system_stm32f0xx.o [1]
SystemInit              0x0800591d   0x48  Code  Gb  system_stm32f0xx.o [1]
TX_ADDRESS              0x20000004    0x8  Data  Gb  nrf24l01.o [1]
UART_AdvFeatureConfig   0x08005541   0xc8  Code  Gb  stm32f0xx_hal_uart.o [1]
UART_CheckIdleState     0x08005609   0x6a  Code  Gb  stm32f0xx_hal_uart.o [1]
UART_DMAAbortOnError    0x08005749   0x14  Code  Lc  stm32f0xx_hal_uart.o [1]
UART_EndRxTransfer      0x080056f1   0x1c  Code  Lc  stm32f0xx_hal_uart.o [1]
UART_EndTransmit_IT     0x080057c5   0x1a  Code  Gb  stm32f0xx_hal_uart.o [1]
UART_Receive_IT         0x080057df   0x72  Code  Gb  stm32f0xx_hal_uart.o [1]
UART_SetConfig          0x080053ff  0x13c  Code  Gb  stm32f0xx_hal_uart.o [1]
UART_Transmit_IT        0x0800575d   0x68  Code  Gb  stm32f0xx_hal_uart.o [1]
UART_WaitOnFlagUntilTimeout
                        0x08005689   0x64  Code  Gb  stm32f0xx_hal_uart.o [1]
USART1_IRQHandler       0x080059ad    0xa  Code  Gb  stm32f0xx_it.o [1]
_Encoding_8859_1_Mbrlen
                        0x08005afb    0x2  Code  Gb  xencoding_8859_1.o [3]
_Encoding_8859_1_Wctomb
                        0x08005aeb   0x10  Code  Gb  xencoding_8859_1.o [3]
_Error_Handler          0x08003a51    0x2  Code  Gb  main.o [1]
_GenldFull              0x08002591  0x27c  Code  Lc  xprintffull.o [3]
_LdtobFull              0x08002119  0x462  Code  Lc  xprintffull.o [3]
_LitobFull              0x08001fa9  0x11a  Code  Lc  xprintffull.o [3]
_Locale_lconv           0x2000002c   0x38  Data  Lc  xlocale_c.o [3]
_PrintfFull             0x08001849  0x1d6  Code  Gb  xprintffull.o [3]
_PutcharsFull           0x0800280d   0x32  Code  Lc  xprintffull.o [3]
_PutfldFull             0x08001aa9  0x2cc  Code  Lc  xprintffull.o [3]
_PutstrFull             0x08001ee1   0xbe  Code  Lc  xprintffull.o [3]
_PuttxtFull             0x08001ddd  0x102  Code  Lc  xprintffull.o [3]
_SNProut                0x08005acf   0x1c  Code  Gb  xsnprout.o [3]
__ICFEDIT_region_RAM_end__ {Abs}
                        0x20003fff         Data  Gb  command line/config [2]
__ICFEDIT_region_RAM_start__ {Abs}
                        0x20000000         Data  Gb  command line/config [2]
__aeabi_cdcmple         0x08002b4d         Code  Gb  DblCmpLe.o [4]
__aeabi_cdrcmple        0x08002b7f         Code  Gb  DblCmpGe.o [4]
__aeabi_d2iz            0x08002bb1         Code  Gb  DblToI32.o [4]
__aeabi_d2uiz           0x08002bd5         Code  Gb  DblToI32.o [4]
__aeabi_ddiv            0x08002ec1         Code  Gb  DblDiv.o [4]
__aeabi_dmul            0x080029c9         Code  Gb  DblMul.o [4]
__aeabi_dsub            0x08002cf3         Code  Gb  DblAddSub.o [4]
__aeabi_i2d             0x08002c25         Code  Gb  IxxToDbl.o [4]
__aeabi_idiv            0x08002e0d         Code  Gb  I32DivModFast.o [5]
__aeabi_idiv0           0x08002fc1         Code  Gb  IntDivZer.o [5]
__aeabi_idivmod         0x08002e0d         Code  Gb  I32DivModFast.o [5]
__aeabi_ldiv0           0x08002fbd         Code  Gb  I64DivZer.o [5]
__aeabi_memcpy          0x080017ad         Code  Gb  ABImemcpy.o [5]
__aeabi_memcpy4         0x080017d5         Code  Wk  ABImemcpy.o [5]
__aeabi_ui2d            0x08002c05         Code  Gb  IxxToDbl.o [4]
__aeabi_uidiv           0x08002e13         Code  Gb  I32DivModFast.o [5]
__aeabi_uidivmod        0x08002e13         Code  Gb  I32DivModFast.o [5]
__aeabi_uldivmod        0x0800295f         Code  Gb  I64DivMod.o [5]
__cmain                 0x08005a99         Code  Gb  cmain.o [5]
__data_GetMemChunk      0x08001809   0x2c  Code  Gb  xgetmemchunk.o [3]
__data_GetMemChunk::start
                        0x20000460    0x4  Data  Lc  xgetmemchunk.o [3]
__exit                  0x08001835   0x14  Code  Gb  exit.o [6]
__iar_Fail_s            0x080028e5   0x22  Code  Gb  xfail_s.o [3]
__iar_Mbcurmax          0x08002955    0xa  Code  Gb  xmbcurmax.o [3]
__iar_d2uiz             0x08002bd9         Code  Gb  DblToI32.o [4]
__iar_data_init3        0x08005a51   0x28  Code  Gb  data_init.o [5]
__iar_dlfree            0x080011ed  0x5ac  Code  Gb  dlmalloc.o [3]
__iar_dlmalloc          0x08000ef1  0x2f6  Code  Gb  dlmalloc.o [3]
__iar_globLocale        0x20000064   0x48  Data  Lc  xlocale_c.o [3]
__iar_global_Locale     0x08002845    0x4  Code  Gb  xlocale_c.o [3]
__iar_packbits_init_single3
                        0x08005a15   0x3c  Code  Gb  packbits_init_single.o [5]
__iar_program_start     0x08005b29         Code  Gb  cstartup_M.o [5]
__iar_small_uidiv       0x08002f85         Code  Gb  I32DivMod.o [5]
__iar_small_uidivmod    0x08002f85         Code  Gb  I32DivMod.o [5]
__iar_systems$$module {Abs}
                        0x00000001         Data  Gb  command line/config [2]
__iar_zero_init3        0x080059d9   0x3c  Code  Gb  zero_init3.o [5]
__low_level_init        0x08005ab7    0x4  Code  Gb  low_level_init.o [3]
__vector_table          0x08000000         Data  Gb  startup_stm32f072xb.o [1]
_call_main              0x08005aa5         Code  Gb  cmain.o [5]
_exit                   0x08005ac5         Code  Gb  cexit.o [5]
_gLocale_mblen          0x080028ad    0xa  Code  Gb  xlocale_c.o [3]
_gLocale_mblenInt       0x08002871   0x34  Code  Gb  xlocale_c.o [3]
_gLocale_wctomb         0x080028b7    0xa  Code  Gb  xlocale_c.o [3]
_gLocale_wctombInt      0x080028a5    0x8  Code  Gb  xlocale_c.o [3]
_gm_                    0x200000ac  0x1d8  Data  Lc  dlmalloc.o [3]
_main                   0x08005ab3         Code  Gb  cmain.o [5]
abort                   0x080017a1    0xa  Code  Gb  abort.o [3]
add_segment             0x080004e3  0x1f6  Code  Lc  dlmalloc.o [3]
exit                    0x08005abb    0x8  Code  Gb  exit.o [3]
free                    0x08005899    0x8  Code  Gb  heaptramp0.o [3]
hcan                    0x200003c0   0x44  Data  Gb  can.o [1]
hspi1                   0x2000035c   0x64  Data  Gb  spi.o [1]
huart1                  0x20000284   0x70  Data  Gb  usart.o [1]
init_mparams            0x080000e1   0x2a  Code  Lc  dlmalloc.o [3]
init_top                0x0800010b   0x38  Code  Lc  dlmalloc.o [3]
localeconv              0x080028c1    0x4  Code  Gb  xlocale_c.o [3]
main                    0x08003911   0x40  Code  Gb  main.o [1]
memchr                  0x0800293d   0x18  Code  Gb  memchr.o [5]
mparams                 0x20000444   0x18  Data  Lc  dlmalloc.o [3]
prepend_alloc           0x08000151  0x392  Code  Lc  dlmalloc.o [3]
scale                   0x080020c3   0x48  Code  Lc  xprintffull.o [3]
sec_hand                0x20000464    0x4  Data  Lc  xfail_s.o [3]
segment_holding         0x080000c1   0x20  Code  Lc  dlmalloc.o [3]
state                   0x20000468    0x2  Data  Lc  main.o [1]
strchr                  0x080028cd    0x2  Code  Gb  strchr.o [5]
strlen                  0x0800292d   0x10  Code  Gb  strlen.o [5]
sys_alloc               0x080006e1  0x174  Code  Lc  dlmalloc.o [3]
sys_trim                0x08000855   0x6a  Code  Lc  dlmalloc.o [3]
tmalloc_large           0x080008d1  0x3e0  Code  Lc  dlmalloc.o [3]
tmalloc_small           0x08000cb5  0x23c  Code  Lc  dlmalloc.o [3]
uart_buffer             0x200002f4   0x68  Data  Gb  usart.o [1]
uprintf                 0x08003e8b   0x2e  Code  Gb  usart.o [1]
uwTick                  0x2000045c    0x4  Data  Gb  stm32f0xx_hal.o [1]
vsnprintf               0x08005859   0x40  Code  Gb  vsnprint.o [3]


[1] = D:\OneDrive\收发器\firmware\EWARM\firmware\Obj
[2] = command line
[3] = dl6M_tlf.a
[4] = m6M_tl.a
[5] = rt6M_tl.a
[6] = shb_l.a

  23 330 bytes of readonly  code memory
     166 bytes of readonly  data memory
   2 154 bytes of readwrite data memory

Errors: none
Warnings: none
