###############################################################################
#
# IAR ELF Linker V8.22.1.15669/W32 for ARM                21/Jul/2019  08:57:57
# Copyright 2007-2018 IAR Systems AB.
#
#    Output file  =  C:\Users\HZM\Desktop\program\p016\EWARM\p016\Exe\p016.out
#    Map file     =  C:\Users\HZM\Desktop\program\p016\EWARM\p016\List\p016.map
#    Command line =  
#        -f C:\Users\HZM\AppData\Local\Temp\EW3FA5.tmp
#        (C:\Users\HZM\Desktop\program\p016\EWARM\p016\Obj\gpio.o
#        C:\Users\HZM\Desktop\program\p016\EWARM\p016\Obj\main.o
#        C:\Users\HZM\Desktop\program\p016\EWARM\p016\Obj\startup_stm32f103xb.o
#        C:\Users\HZM\Desktop\program\p016\EWARM\p016\Obj\stm32f1xx_hal.o
#        C:\Users\HZM\Desktop\program\p016\EWARM\p016\Obj\stm32f1xx_hal_cortex.o
#        C:\Users\HZM\Desktop\program\p016\EWARM\p016\Obj\stm32f1xx_hal_dma.o
#        C:\Users\HZM\Desktop\program\p016\EWARM\p016\Obj\stm32f1xx_hal_flash.o
#        C:\Users\HZM\Desktop\program\p016\EWARM\p016\Obj\stm32f1xx_hal_flash_ex.o
#        C:\Users\HZM\Desktop\program\p016\EWARM\p016\Obj\stm32f1xx_hal_gpio.o
#        C:\Users\HZM\Desktop\program\p016\EWARM\p016\Obj\stm32f1xx_hal_gpio_ex.o
#        C:\Users\HZM\Desktop\program\p016\EWARM\p016\Obj\stm32f1xx_hal_msp.o
#        C:\Users\HZM\Desktop\program\p016\EWARM\p016\Obj\stm32f1xx_hal_pwr.o
#        C:\Users\HZM\Desktop\program\p016\EWARM\p016\Obj\stm32f1xx_hal_rcc.o
#        C:\Users\HZM\Desktop\program\p016\EWARM\p016\Obj\stm32f1xx_hal_rcc_ex.o
#        C:\Users\HZM\Desktop\program\p016\EWARM\p016\Obj\stm32f1xx_hal_tim.o
#        C:\Users\HZM\Desktop\program\p016\EWARM\p016\Obj\stm32f1xx_hal_tim_ex.o
#        C:\Users\HZM\Desktop\program\p016\EWARM\p016\Obj\stm32f1xx_hal_uart.o
#        C:\Users\HZM\Desktop\program\p016\EWARM\p016\Obj\stm32f1xx_it.o
#        C:\Users\HZM\Desktop\program\p016\EWARM\p016\Obj\system_stm32f1xx.o
#        C:\Users\HZM\Desktop\program\p016\EWARM\p016\Obj\tim.o
#        C:\Users\HZM\Desktop\program\p016\EWARM\p016\Obj\usart.o --redirect
#        _Printf=_PrintfFull --redirect _Scanf=_ScanfFull -o
#        C:\Users\HZM\Desktop\program\p016\EWARM\p016\Exe\p016.out --map
#        C:\Users\HZM\Desktop\program\p016\EWARM\p016\List\p016.map --config
#        C:\Users\HZM\Desktop\program\p016\EWARM/stm32f103xb_flash.icf
#        --semihosting --entry __iar_program_start --vfe --text_out locale)
#
###############################################################################

*******************************************************************************
*** RUNTIME MODEL ATTRIBUTES
***

CppFlavor       = *
__SystemLibrary = DLib
__dlib_version  = 6


*******************************************************************************
*** HEAP SELECTION
***

The basic heap was selected because no calls to memory allocation
functions were found in the application outside of system library
functions, and there are calls to deallocation functions in the
application.


*******************************************************************************
*** PLACEMENT SUMMARY
***

"A0":  place at 0x08000000 { ro section .intvec };
"P1":  place in [from 0x08000000 to 0x0801ffff] { ro };
define block CSTACK with size = 1K, alignment = 8 { };
define block HEAP with size = 512, alignment = 8 { };
"P2":  place in [from 0x20000000 to 0x20004fff] {
          rw, block CSTACK, block HEAP };
initialize by copy { rw };

  Section            Kind        Address    Size  Object
  -------            ----        -------    ----  ------
"A0":                                       0xec
  .intvec            ro code  0x08000000    0xec  startup_stm32f103xb.o [1]
                            - 0x080000ec    0xec

"P1":                                     0x231e
  .text              ro code  0x080000ec   0x662  stm32f1xx_hal_tim.o [1]
  .text              ro code  0x08000750   0x450  tim.o [1]
  .text              ro code  0x08000ba0     0x2  stm32f1xx_hal_tim.o [1]
  .text              ro code  0x08000ba2     0x2  stm32f1xx_hal_tim.o [1]
  .text              ro code  0x08000ba4     0x2  stm32f1xx_hal_tim.o [1]
  .text              ro code  0x08000ba6     0x2  stm32f1xx_hal_tim_ex.o [1]
  .text              ro code  0x08000ba8     0x2  stm32f1xx_hal_tim.o [1]
  .text              ro code  0x08000baa     0x2  stm32f1xx_hal_tim_ex.o [1]
  .text              ro code  0x08000bac     0x2  stm32f1xx_hal_tim.o [1]
  .text              ro code  0x08000bb0     0x6  ABImemclr4.o [5]
  .text              ro code  0x08000bb8    0xba  main.o [1]
  .text              ro code  0x08000c74    0x4a  stm32f1xx_hal_tim_ex.o [1]
  .text              ro code  0x08000cc0   0x1cc  stm32f1xx_hal_gpio.o [1]
  .text              ro code  0x08000e8c    0xc8  stm32f1xx_hal_cortex.o [1]
  .text              ro code  0x08000f54   0x4f0  stm32f1xx_hal_uart.o [1]
  .text              ro code  0x08001444    0x24  S32ToFlt.o [4]
  .text              ro code  0x08001468    0x22  S32ToDbl.o [4]
  .text              ro code  0x0800148c   0x1a2  DblMul.o [4]
  .text              ro code  0x08001630   0x178  DblAdd.o [4]
  .text              ro code  0x080017a8    0x3a  DblToS32.o [4]
  .text              ro code  0x080017e2     0xc  memcpy.o [5]
  .text              ro code  0x080017f0    0x32  ABImemset48.o [5]
  .text              ro code  0x08001824    0x24  stm32f1xx_hal.o [1]
  .text              ro code  0x08001848    0x88  gpio.o [1]
  .text              ro code  0x080018d0   0x100  usart.o [1]
  .text              ro code  0x080019d0   0x4f6  stm32f1xx_hal_rcc.o [1]
  .text              ro code  0x08001ec8     0xc  stm32f1xx_hal.o [1]
  .text              ro code  0x08001ed4    0xb8  stm32f1xx_hal_dma.o [1]
  .text              ro code  0x08001f8c     0x2  stm32f1xx_hal_uart.o [1]
  .text              ro code  0x08001f8e     0x2  stm32f1xx_hal_uart.o [1]
  .text              ro code  0x08001f90    0xd2  DblSub.o [4]
  .text              ro code  0x08002064    0xa6  ABImemcpy.o [5]
  .text              ro code  0x0800210c    0x40  stm32f1xx_hal.o [1]
  .text              ro code  0x0800214c    0x48  stm32f1xx_hal_msp.o [1]
  .text              ro code  0x08002194    0x5c  system_stm32f1xx.o [1]
  .text              ro code  0x080021f0    0x40  zero_init3.o [5]
  .text              ro code  0x08002230    0x38  packbits_init_single.o [5]
  .text              ro code  0x08002268    0x28  stm32f1xx_it.o [1]
  .text              ro code  0x08002290    0x10  stm32f1xx_hal.o [1]
  .text              ro code  0x080022a0    0x28  data_init.o [5]
  .iar.init_table    const    0x080022c8    0x20  - Linker created -
  .text              ro code  0x080022e8    0x1e  cmain.o [5]
  .text              ro code  0x08002306     0x4  low_level_init.o [3]
  .text              ro code  0x0800230a     0x4  exit.o [3]
  .text              ro code  0x08002310     0xa  cexit.o [5]
  .text              ro code  0x0800231c    0x14  exit.o [6]
  .text              ro code  0x08002330    0x10  startup_stm32f103xb.o [1]
  .text              ro code  0x08002340     0xc  cstartup_M.o [5]
  .rodata            const    0x0800234c     0x8  system_stm32f1xx.o [1]
  .text              ro code  0x08002354     0x4  startup_stm32f103xb.o [1]
  .text              ro code  0x08002358     0x4  startup_stm32f103xb.o [1]
  .text              ro code  0x0800235c     0x4  startup_stm32f103xb.o [1]
  .text              ro code  0x08002360     0x4  startup_stm32f103xb.o [1]
  .text              ro code  0x08002364     0x4  startup_stm32f103xb.o [1]
  .text              ro code  0x08002368     0x4  startup_stm32f103xb.o [1]
  .text              ro code  0x0800236c     0x4  startup_stm32f103xb.o [1]
  .text              ro code  0x08002370     0x4  startup_stm32f103xb.o [1]
  .text              ro code  0x08002374     0x4  startup_stm32f103xb.o [1]
  .text              ro code  0x08002378     0x4  startup_stm32f103xb.o [1]
  .text              ro code  0x0800237c     0x4  startup_stm32f103xb.o [1]
  .text              ro code  0x08002380     0x4  startup_stm32f103xb.o [1]
  .text              ro code  0x08002384     0x4  startup_stm32f103xb.o [1]
  .text              ro code  0x08002388     0x4  startup_stm32f103xb.o [1]
  .text              ro code  0x0800238c     0x4  startup_stm32f103xb.o [1]
  .text              ro code  0x08002390     0x4  startup_stm32f103xb.o [1]
  .text              ro code  0x08002394     0x4  startup_stm32f103xb.o [1]
  .text              ro code  0x08002398     0x4  startup_stm32f103xb.o [1]
  .text              ro code  0x0800239c     0x4  startup_stm32f103xb.o [1]
  .text              ro code  0x080023a0     0x4  startup_stm32f103xb.o [1]
  .text              ro code  0x080023a4     0x4  startup_stm32f103xb.o [1]
  .text              ro code  0x080023a8     0x4  startup_stm32f103xb.o [1]
  .text              ro code  0x080023ac     0x4  startup_stm32f103xb.o [1]
  .text              ro code  0x080023b0     0x4  startup_stm32f103xb.o [1]
  .text              ro code  0x080023b4     0x4  startup_stm32f103xb.o [1]
  .text              ro code  0x080023b8     0x4  startup_stm32f103xb.o [1]
  .text              ro code  0x080023bc     0x4  startup_stm32f103xb.o [1]
  .text              ro code  0x080023c0     0x4  startup_stm32f103xb.o [1]
  .text              ro code  0x080023c4     0x4  startup_stm32f103xb.o [1]
  .text              ro code  0x080023c8     0x4  startup_stm32f103xb.o [1]
  .text              ro code  0x080023cc     0x4  startup_stm32f103xb.o [1]
  .text              ro code  0x080023d0     0x4  startup_stm32f103xb.o [1]
  .text              ro code  0x080023d4     0x4  startup_stm32f103xb.o [1]
  .text              ro code  0x080023d8     0x4  startup_stm32f103xb.o [1]
  .text              ro code  0x080023dc     0x4  startup_stm32f103xb.o [1]
  .text              ro code  0x080023e0     0x4  startup_stm32f103xb.o [1]
  .text              ro code  0x080023e4     0x4  startup_stm32f103xb.o [1]
  .text              ro code  0x080023e8     0x4  startup_stm32f103xb.o [1]
  .text              ro code  0x080023ec     0x4  startup_stm32f103xb.o [1]
  .text              ro code  0x080023f0     0x4  startup_stm32f103xb.o [1]
  .text              ro code  0x080023f4     0x4  startup_stm32f103xb.o [1]
  .rodata            const    0x080023f8     0x0  zero_init3.o [5]
  .rodata            const    0x080023f8     0x0  packbits_init_single.o [5]
  Initializer bytes  const    0x080023f8    0x12  <for P2-1>
                            - 0x0800240a  0x231e

"P2", part 1 of 3:                          0x28
  P2-1                        0x20000000    0x28  <Init block>
    .data            inited   0x20000000     0xc  stm32f1xx_hal.o [1]
    .data            inited   0x2000000c     0x4  system_stm32f1xx.o [1]
    .data            inited   0x20000010    0x18  tim.o [1]
                            - 0x20000028    0x28

"P2", part 2 of 3:                         0x11c
  .bss               zero     0x20000028    0x4c  usart.o [1]
  .bss               zero     0x20000074    0x40  tim.o [1]
  .bss               zero     0x200000b4    0x40  tim.o [1]
  .bss               zero     0x200000f4    0x40  tim.o [1]
  .bss               zero     0x20000134    0x10  tim.o [1]
                            - 0x20000144   0x11c

"P2", part 3 of 3:                         0x400
  CSTACK                      0x20000148   0x400  <Block>
    CSTACK           uninit   0x20000148   0x400  <Block tail>
                            - 0x20000548   0x400


*******************************************************************************
*** INIT TABLE
***

          Address     Size
          -------     ----
Zero (__iar_zero_init3)
    1 destination range, total size 0x11c:
          0x20000028  0x11c

Copy/packbits (__iar_packbits_init_single3)
    1 source range, total size 0x12 (45% of destination):
          0x080023f8   0x12
    1 destination range, total size 0x28:
          0x20000000   0x28



*******************************************************************************
*** MODULE SUMMARY
***

    Module                  ro code  ro data  rw data
    ------                  -------  -------  -------
C:\Users\HZM\Desktop\program\p016\EWARM\p016\Obj: [1]
    gpio.o                      136
    main.o                      186
    startup_stm32f103xb.o       416
    stm32f1xx_hal.o             128        5       12
    stm32f1xx_hal_cortex.o      200
    stm32f1xx_hal_dma.o         184
    stm32f1xx_hal_gpio.o        460
    stm32f1xx_hal_msp.o          72
    stm32f1xx_hal_rcc.o       1 270
    stm32f1xx_hal_tim.o       1 644
    stm32f1xx_hal_tim_ex.o       78
    stm32f1xx_hal_uart.o      1 268
    stm32f1xx_it.o               40
    system_stm32f1xx.o           92       10        4
    tim.o                     1 104       11      232
    usart.o                     256                76
    -------------------------------------------------
    Total:                    7 534       26      324

command line: [2]
    -------------------------------------------------
    Total:

dl7M_tlf.a: [3]
    exit.o                        4
    low_level_init.o              4
    -------------------------------------------------
    Total:                        8

m7M_tl.a: [4]
    DblAdd.o                    376
    DblMul.o                    418
    DblSub.o                    210
    DblToS32.o                   58
    S32ToDbl.o                   34
    S32ToFlt.o                   36
    -------------------------------------------------
    Total:                    1 132

rt7M_tl.a: [5]
    ABImemclr4.o                  6
    ABImemcpy.o                 166
    ABImemset48.o                50
    cexit.o                      10
    cmain.o                      30
    cstartup_M.o                 12
    data_init.o                  40
    memcpy.o                     12
    packbits_init_single.o       56
    zero_init3.o                 64
    -------------------------------------------------
    Total:                      446

shb_l.a: [6]
    exit.o                       20
    -------------------------------------------------
    Total:                       20

    Gaps                         28
    Linker created                        32    1 024
-----------------------------------------------------
    Grand Total:              9 168       58    1 348


*******************************************************************************
*** ENTRY LIST
***

Entry                      Address   Size  Type      Object
-----                      -------   ----  ----      ------
.iar.init_table$$Base   0x080022c8          --   Gb  - Linker created -
.iar.init_table$$Limit  0x080022e8          --   Gb  - Linker created -
?main                   0x080022e9         Code  Gb  cmain.o [5]
AHBPrescTable           0x080021e0   0x10  Data  Gb  system_stm32f1xx.o [1]
APBPrescTable           0x0800234c    0x8  Data  Gb  system_stm32f1xx.o [1]
BusFault_Handler        0x0800226f    0x2  Code  Gb  stm32f1xx_it.o [1]
CSTACK$$Base            0x20000148          --   Gb  - Linker created -
CSTACK$$Limit           0x20000548          --   Gb  - Linker created -
DebugMon_Handler        0x08002275    0x2  Code  Gb  stm32f1xx_it.o [1]
Error_Handler           0x08000c71    0x2  Code  Gb  main.o [1]
HAL_DMA_Abort_IT        0x08001ed5   0x9a  Code  Gb  stm32f1xx_hal_dma.o [1]
HAL_GPIO_Init           0x08000cc1  0x182  Code  Gb  stm32f1xx_hal_gpio.o [1]
HAL_GPIO_TogglePin      0x08000e4f    0x8  Code  Gb  stm32f1xx_hal_gpio.o [1]
HAL_GPIO_WritePin       0x08000e43    0xc  Code  Gb  stm32f1xx_hal_gpio.o [1]
HAL_GetTick             0x08001ec9    0xc  Code  Wk  stm32f1xx_hal.o [1]
HAL_IncTick             0x08002291   0x10  Code  Wk  stm32f1xx_hal.o [1]
HAL_Init                0x08001825   0x20  Code  Gb  stm32f1xx_hal.o [1]
HAL_InitTick            0x0800210d   0x40  Code  Wk  stm32f1xx_hal.o [1]
HAL_MspInit             0x0800214d   0x48  Code  Gb  stm32f1xx_hal_msp.o [1]
HAL_NVIC_EnableIRQ      0x08000eff    0xa  Code  Gb  stm32f1xx_hal_cortex.o [1]
HAL_NVIC_SetPriority    0x08000ec5   0x3a  Code  Gb  stm32f1xx_hal_cortex.o [1]
HAL_NVIC_SetPriorityGrouping
                        0x08000eab   0x1a  Code  Gb  stm32f1xx_hal_cortex.o [1]
HAL_RCC_ClockConfig     0x08001ced  0x126  Code  Gb  stm32f1xx_hal_rcc.o [1]
HAL_RCC_GetPCLK1Freq    0x08001e65   0x10  Code  Gb  stm32f1xx_hal_rcc.o [1]
HAL_RCC_GetPCLK2Freq    0x08001e75    0xe  Code  Gb  stm32f1xx_hal_rcc.o [1]
HAL_RCC_GetSysClockFreq
                        0x08001e29   0x3c  Code  Gb  stm32f1xx_hal_rcc.o [1]
HAL_RCC_GetSysClockFreq::aPLLMULFactorTable
                        0x08001eb4   0x10  Data  Lc  stm32f1xx_hal_rcc.o [1]
HAL_RCC_GetSysClockFreq::aPredivFactorTable
                        0x08001ec4    0x2  Data  Lc  stm32f1xx_hal_rcc.o [1]
HAL_RCC_OscConfig       0x080019d1  0x314  Code  Gb  stm32f1xx_hal_rcc.o [1]
HAL_SYSTICK_Config      0x08000f13   0x28  Code  Gb  stm32f1xx_hal_cortex.o [1]
HAL_TIMEx_BreakCallback
                        0x08000ba7    0x2  Code  Wk  stm32f1xx_hal_tim_ex.o [1]
HAL_TIMEx_CommutationCallback
                        0x08000bab    0x2  Code  Wk  stm32f1xx_hal_tim_ex.o [1]
HAL_TIMEx_MasterConfigSynchronization
                        0x08000c75   0x4a  Code  Gb  stm32f1xx_hal_tim_ex.o [1]
HAL_TIM_Base_Init       0x080000ed   0x1a  Code  Gb  stm32f1xx_hal_tim.o [1]
HAL_TIM_Base_MspInit    0x08000927   0x4c  Code  Gb  tim.o [1]
HAL_TIM_Base_Start_IT   0x08000107   0x16  Code  Gb  stm32f1xx_hal_tim.o [1]
HAL_TIM_ConfigClockSource
                        0x08000451   0xac  Code  Gb  stm32f1xx_hal_tim.o [1]
HAL_TIM_Encoder_Init    0x0800018f   0x88  Code  Gb  stm32f1xx_hal_tim.o [1]
HAL_TIM_Encoder_MspInit
                        0x080008d1   0x4c  Code  Gb  tim.o [1]
HAL_TIM_IRQHandler      0x08000221  0x142  Code  Gb  stm32f1xx_hal_tim.o [1]
HAL_TIM_MspPostInit     0x08000973   0x46  Code  Gb  tim.o [1]
HAL_TIM_PWM_ConfigChannel
                        0x08000369   0xc0  Code  Gb  stm32f1xx_hal_tim.o [1]
HAL_TIM_PWM_Init        0x08000131   0x1a  Code  Gb  stm32f1xx_hal_tim.o [1]
HAL_TIM_PWM_Start       0x0800014b    0x2  Code  Gb  stm32f1xx_hal_tim.o [1]
HAL_TIM_PeriodElapsedCallback
                        0x080009db   0xa8  Code  Gb  tim.o [1]
HAL_UART_IRQHandler     0x080010e5  0x152  Code  Gb  stm32f1xx_hal_uart.o [1]
HAL_UART_Init           0x08000f55   0x1e  Code  Gb  stm32f1xx_hal_uart.o [1]
HAL_UART_MspInit        0x08001903   0x7c  Code  Gb  usart.o [1]
HAL_UART_Receive_IT     0x0800107f   0x54  Code  Gb  stm32f1xx_hal_uart.o [1]
HAL_UART_RxCpltCallback
                        0x0800197f   0x3c  Code  Gb  usart.o [1]
HAL_UART_Transmit       0x08000fcd   0xaa  Code  Gb  stm32f1xx_hal_uart.o [1]
HardFault_Handler       0x0800226b    0x2  Code  Gb  stm32f1xx_it.o [1]
MX_GPIO_Init            0x08001849   0x80  Code  Gb  gpio.o [1]
MX_TIM2_Init            0x08000751   0x68  Code  Gb  tim.o [1]
MX_TIM3_Init            0x080007b9   0x64  Code  Gb  tim.o [1]
MX_TIM4_Init            0x0800082b   0x60  Code  Gb  tim.o [1]
MX_USART1_UART_Init     0x080018d1   0x32  Code  Gb  usart.o [1]
MemManage_Handler       0x0800226d    0x2  Code  Gb  stm32f1xx_it.o [1]
NMI_Handler             0x08002269    0x2  Code  Gb  stm32f1xx_it.o [1]
NVIC_SetPriority        0x08000e8d   0x1e  Code  Lc  stm32f1xx_hal_cortex.o [1]
PendSV_Handler          0x08002277    0x2  Code  Gb  stm32f1xx_it.o [1]
Region$$Table$$Base     0x080022c8          --   Gb  - Linker created -
Region$$Table$$Limit    0x080022e8          --   Gb  - Linker created -
SVC_Handler             0x08002273    0x2  Code  Gb  stm32f1xx_it.o [1]
SysTick_Handler         0x08002279    0x4  Code  Gb  stm32f1xx_it.o [1]
SystemClock_Config      0x08000c19   0x58  Code  Gb  main.o [1]
SystemCoreClock         0x2000000c    0x4  Data  Gb  system_stm32f1xx.o [1]
SystemInit              0x08002195   0x3a  Code  Gb  system_stm32f1xx.o [1]
TIM3_IRQHandler         0x0800227d    0x6  Code  Gb  stm32f1xx_it.o [1]
TIM_Base_SetConfig      0x08000531   0x5e  Code  Gb  stm32f1xx_hal_tim.o [1]
TIM_CCxChannelCmd       0x08000737   0x12  Code  Gb  stm32f1xx_hal_tim.o [1]
TIM_ETR_SetConfig       0x08000723   0x14  Code  Lc  stm32f1xx_hal_tim.o [1]
TIM_ITRx_SetConfig      0x08000713   0x10  Code  Lc  stm32f1xx_hal_tim.o [1]
TIM_OC1_SetConfig       0x0800058f   0x44  Code  Lc  stm32f1xx_hal_tim.o [1]
TIM_OC2_SetConfig       0x080005d3   0x52  Code  Gb  stm32f1xx_hal_tim.o [1]
TIM_OC3_SetConfig       0x08000625   0x4a  Code  Lc  stm32f1xx_hal_tim.o [1]
TIM_OC4_SetConfig       0x0800067b   0x40  Code  Lc  stm32f1xx_hal_tim.o [1]
TIM_TI1_ConfigInputStage
                        0x080006d1   0x1e  Code  Lc  stm32f1xx_hal_tim.o [1]
TIM_TI2_ConfigInputStage
                        0x080006ef   0x24  Code  Lc  stm32f1xx_hal_tim.o [1]
UART_DMAAbortOnError    0x080012b9    0xc  Code  Lc  stm32f1xx_hal_uart.o [1]
UART_EndRxTransfer      0x0800129b   0x1c  Code  Lc  stm32f1xx_hal_uart.o [1]
UART_Receive_IT         0x080012c5   0x96  Code  Lc  stm32f1xx_hal_uart.o [1]
UART_SetConfig          0x0800135b   0xde  Code  Lc  stm32f1xx_hal_uart.o [1]
UART_WaitOnFlagUntilTimeout
                        0x08001237   0x56  Code  Lc  stm32f1xx_hal_uart.o [1]
USART1_IRQHandler       0x08002283    0x6  Code  Gb  stm32f1xx_it.o [1]
UsageFault_Handler      0x08002271    0x2  Code  Gb  stm32f1xx_it.o [1]
__aeabi_d2iz            0x080017a9         Code  Gb  DblToS32.o [4]
__aeabi_dadd            0x08001631         Code  Gb  DblAdd.o [4]
__aeabi_dmul            0x0800148d         Code  Gb  DblMul.o [4]
__aeabi_i2d             0x08001469         Code  Gb  S32ToDbl.o [4]
__aeabi_i2f             0x08001445         Code  Gb  S32ToFlt.o [4]
__aeabi_memclr4         0x08000bb1         Code  Gb  ABImemclr4.o [5]
__aeabi_memcpy          0x08002065         Code  Gb  ABImemcpy.o [5]
__aeabi_memcpy4         0x08002085         Code  Gb  ABImemcpy.o [5]
__aeabi_memcpy8         0x08002085         Code  Gb  ABImemcpy.o [5]
__cmain                 0x080022e9         Code  Gb  cmain.o [5]
__exit                  0x0800231d   0x14  Code  Gb  exit.o [6]
__iar_Memset4_word      0x080017f1         Code  Gb  ABImemset48.o [5]
__iar_Memset8_word      0x080017f1         Code  Gb  ABImemset48.o [5]
__iar_dadd              0x08001f91         Code  Gb  DblSub.o [4]
__iar_data_init3        0x080022a1   0x28  Code  Gb  data_init.o [5]
__iar_dsub              0x08001641         Code  Gb  DblAdd.o [4]
__iar_dsubStart         0x08001653         Code  Gb  DblAdd.o [4]
__iar_packbits_init_single3
                        0x08002231   0x38  Code  Gb  packbits_init_single.o [5]
__iar_program_start     0x08002341         Code  Gb  cstartup_M.o [5]
__iar_systems$$module {Abs}
                        0x00000001         Data  Gb  command line/config [2]
__iar_zero_init3        0x080021f1   0x40  Code  Gb  zero_init3.o [5]
__low_level_init        0x08002307    0x4  Code  Gb  low_level_init.o [3]
__vector_table          0x08000000         Data  Gb  startup_stm32f103xb.o [1]
_call_main              0x080022f5         Code  Gb  cmain.o [5]
_exit                   0x08002311         Code  Gb  cexit.o [5]
_main                   0x08002303         Code  Gb  cmain.o [5]
exit                    0x0800230b    0x4  Code  Gb  exit.o [3]
expectation             0x20000070    0x4  Data  Gb  usart.o [1]
htim2                   0x20000074   0x40  Data  Gb  tim.o [1]
htim3                   0x200000b4   0x40  Data  Gb  tim.o [1]
htim4                   0x200000f4   0x40  Data  Gb  tim.o [1]
huart1                  0x20000030   0x40  Data  Gb  usart.o [1]
last_error              0x2000013c    0x4  Data  Gb  tim.o [1]
main                    0x08000bb9   0x46  Code  Gb  main.o [1]
memcpy                  0x080017e3    0xc  Code  Gb  memcpy.o [5]
s                       0x20000010   0x18  Data  Gb  tim.o [1]
send_wave               0x08000aeb   0x4a  Code  Gb  tim.o [1]
speed_PID               0x08000a83   0x68  Code  Gb  tim.o [1]
speed_temp              0x20000134    0x4  Data  Gb  tim.o [1]
temp                    0x20000028    0x8  Data  Gb  usart.o [1]
this_error              0x20000138    0x4  Data  Gb  tim.o [1]
total_error             0x20000140    0x4  Data  Gb  tim.o [1]
uwTick                  0x20000004    0x4  Data  Gb  stm32f1xx_hal.o [1]
uwTickFreq              0x20000000    0x1  Data  Gb  stm32f1xx_hal.o [1]
uwTickPrio              0x20000008    0x4  Data  Gb  stm32f1xx_hal.o [1]


[1] = C:\Users\HZM\Desktop\program\p016\EWARM\p016\Obj
[2] = command line
[3] = dl7M_tlf.a
[4] = m7M_tl.a
[5] = rt7M_tl.a
[6] = shb_l.a

  9 168 bytes of readonly  code memory
     58 bytes of readonly  data memory
  1 348 bytes of readwrite data memory

Errors: none
Warnings: none
