###############################################################################
#
# IAR ELF Linker V8.22.1.15669/W32 for ARM                18/Jul/2019  23:15:05
# Copyright 2007-2018 IAR Systems AB.
#
#    Output file  =  C:\Users\HZM\Desktop\program\p010\EWARM\p010\Exe\p010.out
#    Map file     =  C:\Users\HZM\Desktop\program\p010\EWARM\p010\List\p010.map
#    Command line =  
#        -f C:\Users\HZM\AppData\Local\Temp\EW690B.tmp
#        (C:\Users\HZM\Desktop\program\p010\EWARM\p010\Obj\gpio.o
#        C:\Users\HZM\Desktop\program\p010\EWARM\p010\Obj\main.o
#        C:\Users\HZM\Desktop\program\p010\EWARM\p010\Obj\startup_stm32f103xb.o
#        C:\Users\HZM\Desktop\program\p010\EWARM\p010\Obj\stm32f1xx_hal.o
#        C:\Users\HZM\Desktop\program\p010\EWARM\p010\Obj\stm32f1xx_hal_cortex.o
#        C:\Users\HZM\Desktop\program\p010\EWARM\p010\Obj\stm32f1xx_hal_dma.o
#        C:\Users\HZM\Desktop\program\p010\EWARM\p010\Obj\stm32f1xx_hal_flash.o
#        C:\Users\HZM\Desktop\program\p010\EWARM\p010\Obj\stm32f1xx_hal_flash_ex.o
#        C:\Users\HZM\Desktop\program\p010\EWARM\p010\Obj\stm32f1xx_hal_gpio.o
#        C:\Users\HZM\Desktop\program\p010\EWARM\p010\Obj\stm32f1xx_hal_gpio_ex.o
#        C:\Users\HZM\Desktop\program\p010\EWARM\p010\Obj\stm32f1xx_hal_msp.o
#        C:\Users\HZM\Desktop\program\p010\EWARM\p010\Obj\stm32f1xx_hal_pwr.o
#        C:\Users\HZM\Desktop\program\p010\EWARM\p010\Obj\stm32f1xx_hal_rcc.o
#        C:\Users\HZM\Desktop\program\p010\EWARM\p010\Obj\stm32f1xx_hal_rcc_ex.o
#        C:\Users\HZM\Desktop\program\p010\EWARM\p010\Obj\stm32f1xx_hal_tim.o
#        C:\Users\HZM\Desktop\program\p010\EWARM\p010\Obj\stm32f1xx_hal_tim_ex.o
#        C:\Users\HZM\Desktop\program\p010\EWARM\p010\Obj\stm32f1xx_hal_uart.o
#        C:\Users\HZM\Desktop\program\p010\EWARM\p010\Obj\stm32f1xx_it.o
#        C:\Users\HZM\Desktop\program\p010\EWARM\p010\Obj\system_stm32f1xx.o
#        C:\Users\HZM\Desktop\program\p010\EWARM\p010\Obj\tim.o
#        C:\Users\HZM\Desktop\program\p010\EWARM\p010\Obj\usart.o --redirect
#        _Printf=_PrintfFull --redirect _Scanf=_ScanfFull -o
#        C:\Users\HZM\Desktop\program\p010\EWARM\p010\Exe\p010.out --map
#        C:\Users\HZM\Desktop\program\p010\EWARM\p010\List\p010.map --config
#        C:\Users\HZM\Desktop\program\p010\EWARM/stm32f103xb_flash.icf
#        --semihosting --entry __iar_program_start --vfe --text_out locale)
#
###############################################################################

*******************************************************************************
*** RUNTIME MODEL ATTRIBUTES
***

CppFlavor       = *
__SystemLibrary = DLib
__dlib_version  = 6


*******************************************************************************
*** HEAP SELECTION
***

The basic heap was selected because no calls to memory allocation
functions were found in the application outside of system library
functions, and there are calls to deallocation functions in the
application.


*******************************************************************************
*** PLACEMENT SUMMARY
***

"A0":  place at 0x08000000 { ro section .intvec };
"P1":  place in [from 0x08000000 to 0x0801ffff] { ro };
define block CSTACK with size = 1K, alignment = 8 { };
define block HEAP with size = 512, alignment = 8 { };
"P2":  place in [from 0x20000000 to 0x20004fff] {
          rw, block CSTACK, block HEAP };
initialize by copy { rw };

  Section            Kind        Address    Size  Object
  -------            ----        -------    ----  ------
"A0":                                       0xec
  .intvec            ro code  0x08000000    0xec  startup_stm32f103xb.o [1]
                            - 0x080000ec    0xec

"P1":                                     0x1824
  .text              ro code  0x080000ec   0x4f6  stm32f1xx_hal_rcc.o [1]
  .text              ro code  0x080005e4     0xc  stm32f1xx_hal.o [1]
  .text              ro code  0x080005f0    0x40  stm32f1xx_hal.o [1]
  .text              ro code  0x08000630    0xc8  stm32f1xx_hal_cortex.o [1]
  .text              ro code  0x080006f8   0x4f0  stm32f1xx_hal_uart.o [1]
  .text              ro code  0x08000be8    0xbc  usart.o [1]
  .text              ro code  0x08000ca4    0xb8  stm32f1xx_hal_dma.o [1]
  .text              ro code  0x08000d5c     0x2  stm32f1xx_hal_uart.o [1]
  .text              ro code  0x08000d5e     0x2  stm32f1xx_hal_uart.o [1]
  .text              ro code  0x08000d60     0x2  stm32f1xx_hal_uart.o [1]
  .text              ro code  0x08000d64    0x8e  main.o [1]
  .text              ro code  0x08000df4     0x6  ABImemclr4.o [4]
  .text              ro code  0x08000dfc   0x1da  stm32f1xx_hal_gpio.o [1]
  .text              ro code  0x08000fd8    0x24  stm32f1xx_hal.o [1]
  .text              ro code  0x08000ffc    0xb4  gpio.o [1]
  .text              ro code  0x080010b0   0x194  tim.o [1]
  .text              ro code  0x08001244   0x350  stm32f1xx_hal_tim.o [1]
  .text              ro code  0x08001594    0x32  ABImemset48.o [4]
  .text              ro code  0x080015c8    0x48  stm32f1xx_hal_msp.o [1]
  .text              ro code  0x08001610    0x4a  stm32f1xx_hal_tim_ex.o [1]
  .text              ro code  0x0800165c    0x28  stm32f1xx_hal.o [1]
  .text              ro code  0x08001684     0x2  stm32f1xx_hal_tim.o [1]
  .text              ro code  0x08001686     0x2  stm32f1xx_hal_tim.o [1]
  .text              ro code  0x08001688     0x2  stm32f1xx_hal_tim_ex.o [1]
  .text              ro code  0x0800168a     0x2  stm32f1xx_hal_tim.o [1]
  .text              ro code  0x0800168c     0x2  stm32f1xx_hal_tim_ex.o [1]
  .text              ro code  0x0800168e     0x2  stm32f1xx_hal_tim.o [1]
  .text              ro code  0x08001690    0x5c  system_stm32f1xx.o [1]
  .text              ro code  0x080016ec    0x40  zero_init3.o [4]
  .text              ro code  0x0800172c    0x3e  stm32f1xx_it.o [1]
  .text              ro code  0x0800176c    0x10  stm32f1xx_hal.o [1]
  .text              ro code  0x0800177c    0x2c  copy_init3.o [4]
  .text              ro code  0x080017a8    0x28  data_init.o [4]
  .iar.init_table    const    0x080017d0    0x24  - Linker created -
  .text              ro code  0x080017f4    0x1e  cmain.o [4]
  .text              ro code  0x08001812     0x4  low_level_init.o [3]
  .text              ro code  0x08001816     0x4  exit.o [3]
  .text              ro code  0x0800181c     0xa  cexit.o [4]
  .text              ro code  0x08001828    0x14  exit.o [5]
  .text              ro code  0x0800183c    0x10  startup_stm32f103xb.o [1]
  Initializer bytes  const    0x0800184c    0x10  <for P2-1>
  .text              ro code  0x0800185c     0xc  cstartup_M.o [4]
  .rodata            const    0x08001868     0x8  system_stm32f1xx.o [1]
  .text              ro code  0x08001870     0x4  startup_stm32f103xb.o [1]
  .text              ro code  0x08001874     0x4  startup_stm32f103xb.o [1]
  .text              ro code  0x08001878     0x4  startup_stm32f103xb.o [1]
  .text              ro code  0x0800187c     0x4  startup_stm32f103xb.o [1]
  .text              ro code  0x08001880     0x4  startup_stm32f103xb.o [1]
  .text              ro code  0x08001884     0x4  startup_stm32f103xb.o [1]
  .text              ro code  0x08001888     0x4  startup_stm32f103xb.o [1]
  .text              ro code  0x0800188c     0x4  startup_stm32f103xb.o [1]
  .text              ro code  0x08001890     0x4  startup_stm32f103xb.o [1]
  .text              ro code  0x08001894     0x4  startup_stm32f103xb.o [1]
  .text              ro code  0x08001898     0x4  startup_stm32f103xb.o [1]
  .text              ro code  0x0800189c     0x4  startup_stm32f103xb.o [1]
  .text              ro code  0x080018a0     0x4  startup_stm32f103xb.o [1]
  .text              ro code  0x080018a4     0x4  startup_stm32f103xb.o [1]
  .text              ro code  0x080018a8     0x4  startup_stm32f103xb.o [1]
  .text              ro code  0x080018ac     0x4  startup_stm32f103xb.o [1]
  .text              ro code  0x080018b0     0x4  startup_stm32f103xb.o [1]
  .text              ro code  0x080018b4     0x4  startup_stm32f103xb.o [1]
  .text              ro code  0x080018b8     0x4  startup_stm32f103xb.o [1]
  .text              ro code  0x080018bc     0x4  startup_stm32f103xb.o [1]
  .text              ro code  0x080018c0     0x4  startup_stm32f103xb.o [1]
  .text              ro code  0x080018c4     0x4  startup_stm32f103xb.o [1]
  .text              ro code  0x080018c8     0x4  startup_stm32f103xb.o [1]
  .text              ro code  0x080018cc     0x4  startup_stm32f103xb.o [1]
  .text              ro code  0x080018d0     0x4  startup_stm32f103xb.o [1]
  .text              ro code  0x080018d4     0x4  startup_stm32f103xb.o [1]
  .text              ro code  0x080018d8     0x4  startup_stm32f103xb.o [1]
  .text              ro code  0x080018dc     0x4  startup_stm32f103xb.o [1]
  .text              ro code  0x080018e0     0x4  startup_stm32f103xb.o [1]
  .text              ro code  0x080018e4     0x4  startup_stm32f103xb.o [1]
  .text              ro code  0x080018e8     0x4  startup_stm32f103xb.o [1]
  .text              ro code  0x080018ec     0x4  startup_stm32f103xb.o [1]
  .text              ro code  0x080018f0     0x4  startup_stm32f103xb.o [1]
  .text              ro code  0x080018f4     0x4  startup_stm32f103xb.o [1]
  .text              ro code  0x080018f8     0x4  startup_stm32f103xb.o [1]
  .text              ro code  0x080018fc     0x4  startup_stm32f103xb.o [1]
  .text              ro code  0x08001900     0x4  startup_stm32f103xb.o [1]
  .text              ro code  0x08001904     0x4  startup_stm32f103xb.o [1]
  .text              ro code  0x08001908     0x4  startup_stm32f103xb.o [1]
  .text              ro code  0x0800190c     0x4  startup_stm32f103xb.o [1]
  .rodata            const    0x08001910     0x0  zero_init3.o [4]
  .rodata            const    0x08001910     0x0  copy_init3.o [4]
                            - 0x08001910  0x1824

"P2", part 1 of 3:                          0x10
  P2-1                        0x20000000    0x10  <Init block>
    .data            inited   0x20000000     0xc  stm32f1xx_hal.o [1]
    .data            inited   0x2000000c     0x4  system_stm32f1xx.o [1]
                            - 0x20000010    0x10

"P2", part 2 of 3:                          0x84
  .bss               zero     0x20000010    0x40  tim.o [1]
  .bss               zero     0x20000050    0x40  usart.o [1]
  .bss               zero     0x20000090     0x1  usart.o [1]
                            - 0x20000091    0x81

"P2", part 3 of 3:                         0x400
  CSTACK                      0x20000098   0x400  <Block>
    CSTACK           uninit   0x20000098   0x400  <Block tail>
                            - 0x20000498   0x400


*******************************************************************************
*** INIT TABLE
***

          Address     Size
          -------     ----
Zero (__iar_zero_init3)
    1 destination range, total size 0x81:
          0x20000010  0x81

Copy (__iar_copy_init3)
    1 source range, total size 0x10:
          0x0800184c  0x10
    1 destination range, total size 0x10:
          0x20000000  0x10



*******************************************************************************
*** MODULE SUMMARY
***

    Module                  ro code  ro data  rw data
    ------                  -------  -------  -------
C:\Users\HZM\Desktop\program\p010\EWARM\p010\Obj: [1]
    gpio.o                      180
    main.o                      142
    startup_stm32f103xb.o       412
    stm32f1xx_hal.o             168       12       12
    stm32f1xx_hal_cortex.o      200
    stm32f1xx_hal_dma.o         184
    stm32f1xx_hal_gpio.o        474
    stm32f1xx_hal_msp.o          72
    stm32f1xx_hal_rcc.o       1 270
    stm32f1xx_hal_tim.o         856
    stm32f1xx_hal_tim_ex.o       78
    stm32f1xx_hal_uart.o      1 270
    stm32f1xx_it.o               62
    system_stm32f1xx.o           92       12        4
    tim.o                       404                64
    usart.o                     188                65
    -------------------------------------------------
    Total:                    6 052       24      145

command line: [2]
    -------------------------------------------------
    Total:

dl7M_tlf.a: [3]
    exit.o                        4
    low_level_init.o              4
    -------------------------------------------------
    Total:                        8

rt7M_tl.a: [4]
    ABImemclr4.o                  6
    ABImemset48.o                50
    cexit.o                      10
    cmain.o                      30
    copy_init3.o                 44
    cstartup_M.o                 12
    data_init.o                  40
    zero_init3.o                 64
    -------------------------------------------------
    Total:                      256

shb_l.a: [5]
    exit.o                       20
    -------------------------------------------------
    Total:                       20

    Gaps                         20
    Linker created                        36    1 024
-----------------------------------------------------
    Grand Total:              6 356       60    1 169


*******************************************************************************
*** ENTRY LIST
***

Entry                      Address   Size  Type      Object
-----                      -------   ----  ----      ------
.iar.init_table$$Base   0x080017d0          --   Gb  - Linker created -
.iar.init_table$$Limit  0x080017f4          --   Gb  - Linker created -
?main                   0x080017f5         Code  Gb  cmain.o [4]
AHBPrescTable           0x080016dc   0x10  Data  Gb  system_stm32f1xx.o [1]
APBPrescTable           0x08001868    0x8  Data  Gb  system_stm32f1xx.o [1]
BusFault_Handler        0x08001733    0x2  Code  Gb  stm32f1xx_it.o [1]
CSTACK$$Base            0x20000098          --   Gb  - Linker created -
CSTACK$$Limit           0x20000498          --   Gb  - Linker created -
DebugMon_Handler        0x08001739    0x2  Code  Gb  stm32f1xx_it.o [1]
EXTI15_10_IRQHandler    0x08001755   0x16  Code  Gb  stm32f1xx_it.o [1]
Error_Handler           0x08000df1    0x2  Code  Gb  main.o [1]
HAL_DMA_Abort_IT        0x08000ca5   0x9a  Code  Gb  stm32f1xx_hal_dma.o [1]
HAL_Delay               0x0800165d   0x28  Code  Wk  stm32f1xx_hal.o [1]
HAL_GPIO_EXTI_IRQHandler
                        0x08000f8b   0x10  Code  Gb  stm32f1xx_hal_gpio.o [1]
HAL_GPIO_Init           0x08000dfd  0x182  Code  Gb  stm32f1xx_hal_gpio.o [1]
HAL_GPIO_WritePin       0x08000f7f    0xc  Code  Gb  stm32f1xx_hal_gpio.o [1]
HAL_GetTick             0x080005e5    0xc  Code  Wk  stm32f1xx_hal.o [1]
HAL_IncTick             0x0800176d   0x10  Code  Wk  stm32f1xx_hal.o [1]
HAL_Init                0x08000fd9   0x20  Code  Gb  stm32f1xx_hal.o [1]
HAL_InitTick            0x080005f1   0x40  Code  Wk  stm32f1xx_hal.o [1]
HAL_MspInit             0x080015c9   0x48  Code  Gb  stm32f1xx_hal_msp.o [1]
HAL_NVIC_EnableIRQ      0x080006a3    0xa  Code  Gb  stm32f1xx_hal_cortex.o [1]
HAL_NVIC_SetPriority    0x08000669   0x3a  Code  Gb  stm32f1xx_hal_cortex.o [1]
HAL_NVIC_SetPriorityGrouping
                        0x0800064f   0x1a  Code  Gb  stm32f1xx_hal_cortex.o [1]
HAL_RCC_ClockConfig     0x08000409  0x126  Code  Gb  stm32f1xx_hal_rcc.o [1]
HAL_RCC_GetPCLK1Freq    0x08000581   0x10  Code  Gb  stm32f1xx_hal_rcc.o [1]
HAL_RCC_GetPCLK2Freq    0x08000591    0xe  Code  Gb  stm32f1xx_hal_rcc.o [1]
HAL_RCC_GetSysClockFreq
                        0x08000545   0x3c  Code  Gb  stm32f1xx_hal_rcc.o [1]
HAL_RCC_GetSysClockFreq::aPLLMULFactorTable
                        0x080005d0   0x10  Data  Lc  stm32f1xx_hal_rcc.o [1]
HAL_RCC_GetSysClockFreq::aPredivFactorTable
                        0x080005e0    0x2  Data  Lc  stm32f1xx_hal_rcc.o [1]
HAL_RCC_OscConfig       0x080000ed  0x314  Code  Gb  stm32f1xx_hal_rcc.o [1]
HAL_SYSTICK_Config      0x080006b7   0x28  Code  Gb  stm32f1xx_hal_cortex.o [1]
HAL_TIMEx_BreakCallback
                        0x08001689    0x2  Code  Wk  stm32f1xx_hal_tim_ex.o [1]
HAL_TIMEx_CommutationCallback
                        0x0800168d    0x2  Code  Wk  stm32f1xx_hal_tim_ex.o [1]
HAL_TIMEx_MasterConfigSynchronization
                        0x08001611   0x4a  Code  Gb  stm32f1xx_hal_tim_ex.o [1]
HAL_TIM_Base_Init       0x08001245   0x1a  Code  Gb  stm32f1xx_hal_tim.o [1]
HAL_TIM_Base_MspInit    0x0800111f   0x9a  Code  Gb  tim.o [1]
HAL_TIM_Base_Start_IT   0x0800125f   0x16  Code  Gb  stm32f1xx_hal_tim.o [1]
HAL_TIM_ConfigClockSource
                        0x080013e1   0xac  Code  Gb  stm32f1xx_hal_tim.o [1]
HAL_TIM_IRQHandler      0x08001299  0x142  Code  Gb  stm32f1xx_hal_tim.o [1]
HAL_TIM_PeriodElapsedCallback
                        0x080011b9   0x52  Code  Gb  tim.o [1]
HAL_UART_IRQHandler     0x08000889  0x152  Code  Gb  stm32f1xx_hal_uart.o [1]
HAL_UART_Init           0x080006f9   0x1e  Code  Gb  stm32f1xx_hal_uart.o [1]
HAL_UART_MspInit        0x08000c19   0x7c  Code  Gb  usart.o [1]
HAL_UART_Receive_IT     0x08000823   0x54  Code  Gb  stm32f1xx_hal_uart.o [1]
HAL_UART_Transmit       0x08000771   0xaa  Code  Gb  stm32f1xx_hal_uart.o [1]
HardFault_Handler       0x0800172f    0x2  Code  Gb  stm32f1xx_it.o [1]
MX_GPIO_Init            0x08000ffd   0xa6  Code  Gb  gpio.o [1]
MX_TIM2_Init            0x080010b1   0x6e  Code  Gb  tim.o [1]
MX_USART1_UART_Init     0x08000be9   0x30  Code  Gb  usart.o [1]
MemManage_Handler       0x08001731    0x2  Code  Gb  stm32f1xx_it.o [1]
NMI_Handler             0x0800172d    0x2  Code  Gb  stm32f1xx_it.o [1]
NVIC_SetPriority        0x08000631   0x1e  Code  Lc  stm32f1xx_hal_cortex.o [1]
PendSV_Handler          0x0800173b    0x2  Code  Gb  stm32f1xx_it.o [1]
Region$$Table$$Base     0x080017d0          --   Gb  - Linker created -
Region$$Table$$Limit    0x080017f4          --   Gb  - Linker created -
SVC_Handler             0x08001737    0x2  Code  Gb  stm32f1xx_it.o [1]
SysTick_Handler         0x0800173d    0x4  Code  Gb  stm32f1xx_it.o [1]
SystemClock_Config      0x08000d99   0x58  Code  Gb  main.o [1]
SystemCoreClock         0x2000000c    0x4  Data  Gb  system_stm32f1xx.o [1]
SystemInit              0x08001691   0x3a  Code  Gb  system_stm32f1xx.o [1]
TIM2_IRQHandler         0x08001741    0x6  Code  Gb  stm32f1xx_it.o [1]
TIM_Base_SetConfig      0x080014b7   0x5e  Code  Gb  stm32f1xx_hal_tim.o [1]
TIM_ETR_SetConfig       0x0800157b   0x14  Code  Lc  stm32f1xx_hal_tim.o [1]
TIM_ITRx_SetConfig      0x0800156b   0x10  Code  Lc  stm32f1xx_hal_tim.o [1]
TIM_TI1_ConfigInputStage
                        0x08001529   0x1e  Code  Lc  stm32f1xx_hal_tim.o [1]
TIM_TI2_ConfigInputStage
                        0x08001547   0x24  Code  Lc  stm32f1xx_hal_tim.o [1]
UART_DMAAbortOnError    0x08000a5d    0xc  Code  Lc  stm32f1xx_hal_uart.o [1]
UART_EndRxTransfer      0x08000a3f   0x1c  Code  Lc  stm32f1xx_hal_uart.o [1]
UART_Receive_IT         0x08000a69   0x96  Code  Lc  stm32f1xx_hal_uart.o [1]
UART_SetConfig          0x08000aff   0xde  Code  Lc  stm32f1xx_hal_uart.o [1]
UART_WaitOnFlagUntilTimeout
                        0x080009db   0x56  Code  Lc  stm32f1xx_hal_uart.o [1]
USART1_IRQHandler       0x08001747    0x6  Code  Gb  stm32f1xx_it.o [1]
UsageFault_Handler      0x08001735    0x2  Code  Gb  stm32f1xx_it.o [1]
__aeabi_memclr4         0x08000df5         Code  Gb  ABImemclr4.o [4]
__cmain                 0x080017f5         Code  Gb  cmain.o [4]
__exit                  0x08001829   0x14  Code  Gb  exit.o [5]
__iar_Memset4_word      0x08001595         Code  Gb  ABImemset48.o [4]
__iar_Memset8_word      0x08001595         Code  Gb  ABImemset48.o [4]
__iar_copy_init3        0x0800177d   0x2c  Code  Gb  copy_init3.o [4]
__iar_data_init3        0x080017a9   0x28  Code  Gb  data_init.o [4]
__iar_program_start     0x0800185d         Code  Gb  cstartup_M.o [4]
__iar_systems$$module {Abs}
                        0x00000001         Data  Gb  command line/config [2]
__iar_zero_init3        0x080016ed   0x40  Code  Gb  zero_init3.o [4]
__low_level_init        0x08001813    0x4  Code  Gb  low_level_init.o [3]
__vector_table          0x08000000         Data  Gb  startup_stm32f103xb.o [1]
_call_main              0x08001801         Code  Gb  cmain.o [4]
_exit                   0x0800181d         Code  Gb  cexit.o [4]
_main                   0x0800180f         Code  Gb  cmain.o [4]
exit                    0x08001817    0x4  Code  Gb  exit.o [3]
htim2                   0x20000010   0x40  Data  Gb  tim.o [1]
huart1                  0x20000050   0x40  Data  Gb  usart.o [1]
main                    0x08000d65   0x28  Code  Gb  main.o [1]
temp                    0x20000090    0x1  Data  Gb  usart.o [1]
uwTick                  0x20000004    0x4  Data  Gb  stm32f1xx_hal.o [1]
uwTickFreq              0x20000000    0x1  Data  Gb  stm32f1xx_hal.o [1]
uwTickPrio              0x20000008    0x4  Data  Gb  stm32f1xx_hal.o [1]


[1] = C:\Users\HZM\Desktop\program\p010\EWARM\p010\Obj
[2] = command line
[3] = dl7M_tlf.a
[4] = rt7M_tl.a
[5] = shb_l.a

  6 356 bytes of readonly  code memory
     60 bytes of readonly  data memory
  1 169 bytes of readwrite data memory

Errors: none
Warnings: none
