###############################################################################
#
# IAR ELF Linker V8.22.1.15669/W32 for ARM                19/Apr/2019  00:19:54
# Copyright 2007-2018 IAR Systems AB.
#
#    Output file  =  
#        E:\folder\机器人队\Cube\Driver\EWARM\Driver\Exe\Driver.out
#    Map file     =  
#        E:\folder\机器人队\Cube\Driver\EWARM\Driver\List\Driver.map
#    Command line =  
#        -f C:\Users\MyPC\AppData\Local\Temp\EW6955.tmp
#        (E:\folder\机器人队\Cube\Driver\EWARM\Driver\Obj\adc.o
#        E:\folder\机器人队\Cube\Driver\EWARM\Driver\Obj\as5047p.o
#        E:\folder\机器人队\Cube\Driver\EWARM\Driver\Obj\board.o
#        E:\folder\机器人队\Cube\Driver\EWARM\Driver\Obj\can.o
#        E:\folder\机器人队\Cube\Driver\EWARM\Driver\Obj\can_func.o
#        E:\folder\机器人队\Cube\Driver\EWARM\Driver\Obj\cmd.o
#        E:\folder\机器人队\Cube\Driver\EWARM\Driver\Obj\cmd_func.o
#        E:\folder\机器人队\Cube\Driver\EWARM\Driver\Obj\dma.o
#        E:\folder\机器人队\Cube\Driver\EWARM\Driver\Obj\encoder.o
#        E:\folder\机器人队\Cube\Driver\EWARM\Driver\Obj\flash.o
#        E:\folder\机器人队\Cube\Driver\EWARM\Driver\Obj\gpio.o
#        E:\folder\机器人队\Cube\Driver\EWARM\Driver\Obj\main.o
#        E:\folder\机器人队\Cube\Driver\EWARM\Driver\Obj\motor.o
#        E:\folder\机器人队\Cube\Driver\EWARM\Driver\Obj\spi.o
#        E:\folder\机器人队\Cube\Driver\EWARM\Driver\Obj\startup_stm32f103xe.o
#        E:\folder\机器人队\Cube\Driver\EWARM\Driver\Obj\stm32f1xx_hal.o
#        E:\folder\机器人队\Cube\Driver\EWARM\Driver\Obj\stm32f1xx_hal_adc.o
#        E:\folder\机器人队\Cube\Driver\EWARM\Driver\Obj\stm32f1xx_hal_adc_ex.o
#        E:\folder\机器人队\Cube\Driver\EWARM\Driver\Obj\stm32f1xx_hal_can.o
#        E:\folder\机器人队\Cube\Driver\EWARM\Driver\Obj\stm32f1xx_hal_cortex.o
#        E:\folder\机器人队\Cube\Driver\EWARM\Driver\Obj\stm32f1xx_hal_dma.o
#        E:\folder\机器人队\Cube\Driver\EWARM\Driver\Obj\stm32f1xx_hal_flash.o
#        E:\folder\机器人队\Cube\Driver\EWARM\Driver\Obj\stm32f1xx_hal_flash_ex.o
#        E:\folder\机器人队\Cube\Driver\EWARM\Driver\Obj\stm32f1xx_hal_gpio.o
#        E:\folder\机器人队\Cube\Driver\EWARM\Driver\Obj\stm32f1xx_hal_gpio_ex.o
#        E:\folder\机器人队\Cube\Driver\EWARM\Driver\Obj\stm32f1xx_hal_msp.o
#        E:\folder\机器人队\Cube\Driver\EWARM\Driver\Obj\stm32f1xx_hal_pwr.o
#        E:\folder\机器人队\Cube\Driver\EWARM\Driver\Obj\stm32f1xx_hal_rcc.o
#        E:\folder\机器人队\Cube\Driver\EWARM\Driver\Obj\stm32f1xx_hal_rcc_ex.o
#        E:\folder\机器人队\Cube\Driver\EWARM\Driver\Obj\stm32f1xx_hal_spi.o
#        E:\folder\机器人队\Cube\Driver\EWARM\Driver\Obj\stm32f1xx_hal_spi_ex.o
#        E:\folder\机器人队\Cube\Driver\EWARM\Driver\Obj\stm32f1xx_hal_tim.o
#        E:\folder\机器人队\Cube\Driver\EWARM\Driver\Obj\stm32f1xx_hal_tim_ex.o
#        E:\folder\机器人队\Cube\Driver\EWARM\Driver\Obj\stm32f1xx_hal_uart.o
#        E:\folder\机器人队\Cube\Driver\EWARM\Driver\Obj\stm32f1xx_it.o
#        E:\folder\机器人队\Cube\Driver\EWARM\Driver\Obj\system_stm32f1xx.o
#        E:\folder\机器人队\Cube\Driver\EWARM\Driver\Obj\tim.o
#        E:\folder\机器人队\Cube\Driver\EWARM\Driver\Obj\usart.o
#        E:\folder\机器人队\Cube\Driver\EWARM\Driver\Obj\utils.o --redirect
#        _Printf=_PrintfFull --redirect _Scanf=_ScanfFull -o
#        E:\folder\机器人队\Cube\Driver\EWARM\Driver\Exe\Driver.out --map
#        E:\folder\机器人队\Cube\Driver\EWARM\Driver\List\Driver.map
#        --config
#        E:\folder\机器人队\Cube\Driver\EWARM/stm32f103xe_flash.icf
#        --semihosting --entry __iar_program_start --vfe --text_out locale)
#
###############################################################################

*******************************************************************************
*** RUNTIME MODEL ATTRIBUTES
***

CppFlavor       = *
__Heap_Handler  = NoFree
__SystemLibrary = DLib
__dlib_version  = 6


*******************************************************************************
*** HEAP SELECTION
***

The no free heap was selected because no calls to memory
deallocation functions were found in the application.


*******************************************************************************
*** PLACEMENT SUMMARY
***

"A0":  place at 0x08000000 { ro section .intvec };
"P1":  place in [from 0x08000000 to 0x0807ffff] { ro };
define block CSTACK with size = 1K, alignment = 8 { };
define block HEAP with size = 512, alignment = 8 { };
"P2":  place in [from 0x20000000 to 0x2000ffff] {
          rw, block CSTACK, block HEAP };
initialize by copy { rw };

  Section            Kind        Address    Size  Object
  -------            ----        -------    ----  ------
"A0":                                      0x130
  .intvec            ro code  0x08000000   0x130  startup_stm32f103xe.o [1]
                            - 0x08000130   0x130

"P1":                                     0xb79b
  .text              ro code  0x08000130  0x1060  cmd_func.o [1]
  .text              ro code  0x08001190   0x3ec  usart.o [1]
  .text              ro code  0x0800157c   0x174  iar_Stoulx.o [3]
  .text              ro code  0x080016f0    0x24  S32ToFlt.o [4]
  .text              ro code  0x08001714   0x154  flash.o [1]
  .text              ro code  0x08001868    0x1c  U32ToFlt.o [4]
  .text              ro code  0x08001884   0x16c  cmd.o [1]
  .text              ro code  0x080019f0    0xa6  ABImemcpy.o [5]
  .text              ro code  0x08001a96    0x7a  lz77_init_single.o [5]
  .text              ro code  0x08001b10   0x468  strto64.o [4]
  .text              ro code  0x08001f78    0x68  DblToFlt.o [4]
  .text              ro code  0x08001fe0   0x358  motor.o [1]
  .text              ro code  0x08002338   0x46c  board.o [1]
  .text              ro code  0x080027a4    0xd8  utils.o [1]
  .text              ro code  0x0800287c    0x48  FltToDbl.o [4]
  .text              ro code  0x080028c4   0x2f8  stm32f1xx_hal_gpio.o [1]
  .text              ro code  0x08002bbc    0x28  stm32f1xx_hal.o [1]
  .text              ro code  0x08002be4   0x1fc  as5047p.o [1]
  .text              ro code  0x08002de0   0x950  stm32f1xx_hal_uart.o [1]
  .text              ro code  0x08003730   0x4ac  main.o [1]
  .text              ro code  0x08003bdc   0x72c  stm32f1xx_hal_dma.o [1]
  .text              ro code  0x08004308    0x3c  vsnprint.o [3]
  .text              ro code  0x08004344    0x4c  strcpy.o [5]
  .text              ro code  0x08004390    0x66  ABImemset.o [5]
  .text              ro code  0x080043f6    0x14  isspace.o [3]
  .text              ro code  0x0800440a    0x14  tolower.o [3]
  .text              ro code  0x0800441e    0x1e  xencoding_8859_1.o [3]
  .text              ro code  0x0800443c    0x58  memchr.o [5]
  .text              ro code  0x08004494   0x1f0  stm32f1xx_hal_flash.o [1]
  .text              ro code  0x08004684   0x118  stm32f1xx_hal_flash_ex.o [1]
  .text              ro code  0x0800479c    0x2a  FltToS32.o [4]
  .text              ro code  0x080047c6    0x1a  xsnprout.o [3]
  .text              ro code  0x080047e0    0x44  no_free_heap0.o [3]
  .text              ro code  0x08004824    0x4a  strcmp.o [5]
  .rodata            const    0x0800486e     0x2  cmd_func.o [1]
  .text              ro code  0x08004870    0x70  frexp.o [4]
  .text              ro code  0x080048e0   0x1a2  DblMul.o [4]
  .rodata            const    0x08004a82     0x2  cmd_func.o [1]
  .text              ro code  0x08004a84   0x13a  ldexp.o [4]
  .rodata            const    0x08004bbe     0x2  cmd_func.o [1]
  .text              ro code  0x08004bc0   0x246  DblDiv.o [4]
  .text              ro code  0x08004e06   0x122  iar_Stopfx.o [3]
  .text              ro code  0x08004f28   0x1c8  iar_Stoflt.o [3]
  .text              ro code  0x080050f0    0x22  S32ToDbl.o [4]
  .rodata            const    0x08005112     0x2  stm32f1xx_hal_rcc.o [1]
  .text              ro code  0x08005114   0x178  DblAdd.o [4]
  .text              ro code  0x0800528c   0x21c  iar_Stoxflt.o [3]
  .text              ro code  0x080054a8    0x24  FltCmpGe.o [4]
  .text              ro code  0x080054cc    0x80  FltSub.o [4]
  .text              ro code  0x0800554c    0x2e  DblCmpLe.o [4]
  .rodata            const    0x0800557a     0x2  stm32f1xx_hal_rcc_ex.o [1]
  .text              ro code  0x0800557c    0x24  FltCmpLe.o [4]
  .text              ro code  0x080055a0    0xd8  FltMul.o [4]
  .text              ro code  0x08005678    0xfc  FltDiv.o [4]
  .text              ro code  0x08005774    0x1c  FltCmpEq.o [4]
  .text              ro code  0x08005790    0xe2  FltAdd.o [4]
  .text              ro code  0x08005874   0x218  gpio.o [1]
  .text              ro code  0x08005a8c     0xc  stm32f1xx_hal.o [1]
  .text              ro code  0x08005a98   0x61c  stm32f1xx_hal_spi.o [1]
  .text              ro code  0x080060b4     0x2  stm32f1xx_hal_uart.o [1]
  .text              ro code  0x080060b6     0x2  stm32f1xx_hal_uart.o [1]
  .text              ro code  0x080060b8     0x2  stm32f1xx_hal_uart.o [1]
  .text              ro code  0x080060ba     0x2  stm32f1xx_hal_uart.o [1]
  .text              ro code  0x080060bc   0x6f0  stm32f1xx_hal_rcc.o [1]
  .text              ro code  0x080067ac    0x28  stm32f1xx_hal.o [1]
  .text              ro code  0x080067d4    0x40  dma.o [1]
  .text              ro code  0x08006814   0x2fc  can.o [1]
  .text              ro code  0x08006b10    0xd0  spi.o [1]
  .text              ro code  0x08006be0   0x320  tim.o [1]
  .text              ro code  0x08006f00   0x24c  adc.o [1]
  .text              ro code  0x0800714c    0xf0  stm32f1xx_hal_adc_ex.o [1]
  .text              ro code  0x0800723c   0x260  stm32f1xx_hal_rcc_ex.o [1]
  .text              ro code  0x0800749c   0x174  stm32f1xx_hal_cortex.o [1]
  .text              ro code  0x08007610   0x1ac  encoder.o [1]
  .text              ro code  0x080077bc   0xf96  xprintffull.o [3]
  .text              ro code  0x08008754    0xb0  xlocale_c.o [3]
  .text              ro code  0x08008804    0x1e  U64Shr.o [5]
  .text              ro code  0x08008824    0x2c  xgetmemchunk.o [3]
  .text              ro code  0x08008850    0x14  isalpha.o [3]
  .text              ro code  0x08008864    0xe2  DblSub.o [4]
  .text              ro code  0x08008948    0x4c  stm32f1xx_hal.o [1]
  .text              ro code  0x08008994    0xac  stm32f1xx_hal_msp.o [1]
  .text              ro code  0x08008a40   0x91a  stm32f1xx_hal_can.o [1]
  .text              ro code  0x0800935c    0x24  ABIassert.o [6]
  .text              ro code  0x08009380    0x8a  stm32f1xx_hal_spi_ex.o [1]
  .text              ro code  0x0800940c   0x6f8  stm32f1xx_hal_tim.o [1]
  .text              ro code  0x08009b04    0x5c  stm32f1xx_hal_tim_ex.o [1]
  .text              ro code  0x08009b60   0x644  stm32f1xx_hal_adc.o [1]
  .text              ro code  0x0800a1a4    0x2e  DblCmpGe.o [4]
  .text              ro code  0x0800a1d4    0x16  strchr.o [5]
  .text              ro code  0x0800a1ec    0x40  xfail_s.o [3]
  .text              ro code  0x0800a22c    0x36  strlen.o [5]
  .text              ro code  0x0800a262     0xa  xmbcurmax.o [3]
  .text              ro code  0x0800a26c   0x22e  I64DivMod.o [5]
  .text              ro code  0x0800a49c    0x3a  DblToS32.o [4]
  .text              ro code  0x0800a4d8    0x28  DblToU32.o [4]
  .text              ro code  0x0800a500    0x1a  U32ToDbl.o [4]
  .text              ro code  0x0800a51a     0x2  stm32f1xx_hal_can.o [1]
  .text              ro code  0x0800a51c     0x6  abort.o [3]
  .text              ro code  0x0800a522     0x2  stm32f1xx_hal_tim.o [1]
  .text              ro code  0x0800a524     0x2  stm32f1xx_hal_tim.o [1]
  .text              ro code  0x0800a526     0x2  stm32f1xx_hal_tim.o [1]
  .text              ro code  0x0800a528     0x2  stm32f1xx_hal_tim_ex.o [1]
  .text              ro code  0x0800a52a     0x2  stm32f1xx_hal_tim.o [1]
  .text              ro code  0x0800a52c     0x2  stm32f1xx_hal_tim_ex.o [1]
  .text              ro code  0x0800a530     0x2  I64DivZer.o [5]
  .text              ro code  0x0800a534    0x14  exit.o [6]
  .text              ro code  0x0800a548   0x1a0  can_func.o [1]
  .text              ro code  0x0800a6e8    0x94  stm32f1xx_it.o [1]
  .text              ro code  0x0800a77c    0x18  stm32f1xx_hal.o [1]
  .text              ro code  0x0800a794    0x68  system_stm32f1xx.o [1]
  .rodata            const    0x0800a7fc    0x54  cmd.o [1]
  .rodata            const    0x0800a850    0x44  cmd_func.o [1]
  .text              ro code  0x0800a894    0x40  zero_init3.o [5]
  .rodata            const    0x0800a8d4    0x34  board.o [1]
  .rodata            const    0x0800a908    0x30  adc.o [1]
  .rodata            const    0x0800a938    0x30  can.o [1]
  .rodata            const    0x0800a968    0x30  cmd_func.o [1]
  .rodata            const    0x0800a998    0x30  main.o [1]
  .rodata            const    0x0800a9c8    0x30  spi.o [1]
  .rodata            const    0x0800a9f8    0x30  tim.o [1]
  .rodata            const    0x0800aa28    0x30  usart.o [1]
  .rodata            const    0x0800aa58    0x28  cmd_func.o [1]
  .rodata            const    0x0800aa80    0x28  cmd_func.o [1]
  .rodata            const    0x0800aaa8    0x28  cmd_func.o [1]
  .rodata            const    0x0800aad0    0x28  cmd_func.o [1]
  .text              ro code  0x0800aaf8    0x28  data_init.o [5]
  .rodata            const    0x0800ab20    0x24  cmd_func.o [1]
  .rodata            const    0x0800ab44    0x24  cmd_func.o [1]
  .rodata            const    0x0800ab68    0x24  cmd_func.o [1]
  .rodata            const    0x0800ab8c    0x24  cmd_func.o [1]
  .rodata            const    0x0800abb0    0x24  main.o [1]
  .iar.init_table    const    0x0800abd4    0x20  - Linker created -
  .rodata            const    0x0800abf4    0x20  cmd_func.o [1]
  .rodata            const    0x0800ac14    0x20  cmd_func.o [1]
  .rodata            const    0x0800ac34    0x20  cmd_func.o [1]
  .rodata            const    0x0800ac54    0x20  cmd_func.o [1]
  .rodata            const    0x0800ac74    0x20  cmd_func.o [1]
  .rodata            const    0x0800ac94    0x20  cmd_func.o [1]
  .rodata            const    0x0800acb4    0x20  cmd_func.o [1]
  .rodata            const    0x0800acd4    0x20  cmd_func.o [1]
  .rodata            const    0x0800acf4    0x20  cmd_func.o [1]
  .rodata            const    0x0800ad14    0x20  cmd_func.o [1]
  .text              ro code  0x0800ad34    0x1e  cmain.o [5]
  .text              ro code  0x0800ad52     0x4  low_level_init.o [3]
  .text              ro code  0x0800ad56     0x4  exit.o [3]
  .text              ro code  0x0800ad5c     0xa  cexit.o [5]
  .rodata            const    0x0800ad68    0x1c  cmd.o [1]
  .rodata            const    0x0800ad84    0x1c  cmd_func.o [1]
  .rodata            const    0x0800ada0    0x1c  cmd_func.o [1]
  .rodata            const    0x0800adbc    0x1c  cmd_func.o [1]
  .rodata            const    0x0800add8    0x1c  cmd_func.o [1]
  .rodata            const    0x0800adf4    0x1c  cmd_func.o [1]
  .rodata            const    0x0800ae10    0x1c  cmd_func.o [1]
  .rodata            const    0x0800ae2c    0x1c  cmd_func.o [1]
  .rodata            const    0x0800ae48    0x1c  cmd_func.o [1]
  .rodata            const    0x0800ae64    0x1c  cmd_func.o [1]
  .rodata            const    0x0800ae80    0x18  board.o [1]
  .rodata            const    0x0800ae98    0x18  cmd_func.o [1]
  .rodata            const    0x0800aeb0    0x18  cmd_func.o [1]
  .rodata            const    0x0800aec8    0x18  cmd_func.o [1]
  .rodata            const    0x0800aee0    0x18  cmd_func.o [1]
  .rodata            const    0x0800aef8    0x18  cmd_func.o [1]
  .rodata            const    0x0800af10    0x18  cmd_func.o [1]
  .rodata            const    0x0800af28    0x18  cmd_func.o [1]
  .rodata            const    0x0800af40    0x18  cmd_func.o [1]
  .rodata            const    0x0800af58    0x18  cmd_func.o [1]
  .rodata            const    0x0800af70    0x18  cmd_func.o [1]
  .rodata            const    0x0800af88    0x18  cmd_func.o [1]
  .rodata            const    0x0800afa0    0x18  cmd_func.o [1]
  .rodata            const    0x0800afb8    0x18  flash.o [1]
  .rodata            const    0x0800afd0    0x18  main.o [1]
  .rodata            const    0x0800afe8    0x18  main.o [1]
  .rodata            const    0x0800b000    0x18  main.o [1]
  .rodata            const    0x0800b018    0x14  adc.o [1]
  .rodata            const    0x0800b02c    0x14  board.o [1]
  .rodata            const    0x0800b040    0x14  can.o [1]
  .rodata            const    0x0800b054    0x14  cmd_func.o [1]
  .rodata            const    0x0800b068    0x14  cmd_func.o [1]
  .rodata            const    0x0800b07c    0x14  cmd_func.o [1]
  .rodata            const    0x0800b090    0x14  cmd_func.o [1]
  .rodata            const    0x0800b0a4    0x14  cmd_func.o [1]
  .rodata            const    0x0800b0b8    0x14  cmd_func.o [1]
  .rodata            const    0x0800b0cc    0x14  cmd_func.o [1]
  .rodata            const    0x0800b0e0    0x14  cmd_func.o [1]
  .rodata            const    0x0800b0f4    0x14  cmd_func.o [1]
  .rodata            const    0x0800b108    0x14  cmd_func.o [1]
  .rodata            const    0x0800b11c    0x14  cmd_func.o [1]
  .rodata            const    0x0800b130    0x14  cmd_func.o [1]
  .rodata            const    0x0800b144    0x14  cmd_func.o [1]
  .rodata            const    0x0800b158    0x14  cmd_func.o [1]
  .rodata            const    0x0800b16c    0x14  cmd_func.o [1]
  .rodata            const    0x0800b180    0x14  cmd_func.o [1]
  .rodata            const    0x0800b194    0x14  cmd_func.o [1]
  .rodata            const    0x0800b1a8    0x14  cmd_func.o [1]
  .rodata            const    0x0800b1bc    0x14  cmd_func.o [1]
  .rodata            const    0x0800b1d0    0x14  cmd_func.o [1]
  .rodata            const    0x0800b1e4    0x14  flash.o [1]
  .rodata            const    0x0800b1f8    0x14  flash.o [1]
  .rodata            const    0x0800b20c    0x14  gpio.o [1]
  .rodata            const    0x0800b220    0x14  gpio.o [1]
  .rodata            const    0x0800b234    0x14  main.o [1]
  .rodata            const    0x0800b248    0x14  main.o [1]
  .rodata            const    0x0800b25c    0x14  main.o [1]
  .rodata            const    0x0800b270    0x14  usart.o [1]
  .rodata            const    0x0800b284    0x10  board.o [1]
  .rodata            const    0x0800b294    0x10  cmd.o [1]
  .rodata            const    0x0800b2a4    0x10  cmd_func.o [1]
  .rodata            const    0x0800b2b4    0x10  cmd_func.o [1]
  .rodata            const    0x0800b2c4    0x10  cmd_func.o [1]
  .rodata            const    0x0800b2d4    0x10  cmd_func.o [1]
  .rodata            const    0x0800b2e4    0x10  cmd_func.o [1]
  .rodata            const    0x0800b2f4    0x10  cmd_func.o [1]
  .rodata            const    0x0800b304    0x10  cmd_func.o [1]
  .rodata            const    0x0800b314    0x10  cmd_func.o [1]
  .rodata            const    0x0800b324    0x10  cmd_func.o [1]
  .rodata            const    0x0800b334    0x10  cmd_func.o [1]
  .rodata            const    0x0800b344    0x10  cmd_func.o [1]
  .rodata            const    0x0800b354    0x10  cmd_func.o [1]
  .rodata            const    0x0800b364    0x10  cmd_func.o [1]
  .rodata            const    0x0800b374    0x10  cmd_func.o [1]
  .rodata            const    0x0800b384    0x10  cmd_func.o [1]
  .rodata            const    0x0800b394    0x10  main.o [1]
  .rodata            const    0x0800b3a4    0x10  stm32f1xx_hal_rcc.o [1]
  .rodata            const    0x0800b3b4    0x10  stm32f1xx_hal_rcc_ex.o [1]
  .rodata            const    0x0800b3c4    0x10  system_stm32f1xx.o [1]
  .rodata            const    0x0800b3d4    0x10  usart.o [1]
  .text              ro code  0x0800b3e4    0x10  startup_stm32f103xe.o [1]
  .rodata            const    0x0800b3f4     0xc  cmd.o [1]
  .rodata            const    0x0800b400     0xc  cmd_func.o [1]
  .rodata            const    0x0800b40c     0xc  flash.o [1]
  .rodata            const    0x0800b418     0xc  main.o [1]
  .text              ro code  0x0800b424     0xc  cstartup_M.o [5]
  .rodata            const    0x0800b430     0x8  can.o [1]
  .rodata            const    0x0800b438     0x8  cmd_func.o [1]
  .rodata            const    0x0800b440     0x8  cmd_func.o [1]
  .rodata            const    0x0800b448     0x8  cmd_func.o [1]
  .rodata            const    0x0800b450     0x8  cmd_func.o [1]
  .rodata            const    0x0800b458     0x8  system_stm32f1xx.o [1]
  .rodata            const    0x0800b460     0x6  xlocale_c.o [3]
  .text              ro code  0x0800b466     0x4  startup_stm32f103xe.o [1]
  .text              ro code  0x0800b46a     0x4  startup_stm32f103xe.o [1]
  .text              ro code  0x0800b46e     0x4  startup_stm32f103xe.o [1]
  .text              ro code  0x0800b472     0x4  startup_stm32f103xe.o [1]
  .text              ro code  0x0800b476     0x4  startup_stm32f103xe.o [1]
  .text              ro code  0x0800b47a     0x4  startup_stm32f103xe.o [1]
  .text              ro code  0x0800b47e     0x4  startup_stm32f103xe.o [1]
  .text              ro code  0x0800b482     0x4  startup_stm32f103xe.o [1]
  .text              ro code  0x0800b486     0x4  startup_stm32f103xe.o [1]
  .text              ro code  0x0800b48a     0x4  startup_stm32f103xe.o [1]
  .text              ro code  0x0800b48e     0x4  startup_stm32f103xe.o [1]
  .text              ro code  0x0800b492     0x4  startup_stm32f103xe.o [1]
  .text              ro code  0x0800b496     0x4  startup_stm32f103xe.o [1]
  .text              ro code  0x0800b49a     0x4  startup_stm32f103xe.o [1]
  .text              ro code  0x0800b49e     0x4  startup_stm32f103xe.o [1]
  .text              ro code  0x0800b4a2     0x4  startup_stm32f103xe.o [1]
  .text              ro code  0x0800b4a6     0x4  startup_stm32f103xe.o [1]
  .text              ro code  0x0800b4aa     0x4  startup_stm32f103xe.o [1]
  .text              ro code  0x0800b4ae     0x4  startup_stm32f103xe.o [1]
  .text              ro code  0x0800b4b2     0x4  startup_stm32f103xe.o [1]
  .text              ro code  0x0800b4b6     0x4  startup_stm32f103xe.o [1]
  .text              ro code  0x0800b4ba     0x4  startup_stm32f103xe.o [1]
  .text              ro code  0x0800b4be     0x4  startup_stm32f103xe.o [1]
  .text              ro code  0x0800b4c2     0x4  startup_stm32f103xe.o [1]
  .text              ro code  0x0800b4c6     0x4  startup_stm32f103xe.o [1]
  .text              ro code  0x0800b4ca     0x4  startup_stm32f103xe.o [1]
  .text              ro code  0x0800b4ce     0x4  startup_stm32f103xe.o [1]
  .text              ro code  0x0800b4d2     0x4  startup_stm32f103xe.o [1]
  .text              ro code  0x0800b4d6     0x4  startup_stm32f103xe.o [1]
  .text              ro code  0x0800b4da     0x4  startup_stm32f103xe.o [1]
  .text              ro code  0x0800b4de     0x4  startup_stm32f103xe.o [1]
  .text              ro code  0x0800b4e2     0x4  startup_stm32f103xe.o [1]
  .text              ro code  0x0800b4e6     0x4  startup_stm32f103xe.o [1]
  .text              ro code  0x0800b4ea     0x4  startup_stm32f103xe.o [1]
  .text              ro code  0x0800b4ee     0x4  startup_stm32f103xe.o [1]
  .text              ro code  0x0800b4f2     0x4  startup_stm32f103xe.o [1]
  .text              ro code  0x0800b4f6     0x4  startup_stm32f103xe.o [1]
  .text              ro code  0x0800b4fa     0x4  startup_stm32f103xe.o [1]
  .text              ro code  0x0800b4fe     0x4  startup_stm32f103xe.o [1]
  .text              ro code  0x0800b502     0x4  startup_stm32f103xe.o [1]
  .text              ro code  0x0800b506     0x4  startup_stm32f103xe.o [1]
  .text              ro code  0x0800b50a     0x4  startup_stm32f103xe.o [1]
  .text              ro code  0x0800b50e     0x4  startup_stm32f103xe.o [1]
  .text              ro code  0x0800b512     0x4  startup_stm32f103xe.o [1]
  .text              ro code  0x0800b516     0x4  startup_stm32f103xe.o [1]
  .text              ro code  0x0800b51a     0x4  startup_stm32f103xe.o [1]
  .text              ro code  0x0800b51e     0x4  startup_stm32f103xe.o [1]
  .text              ro code  0x0800b522     0x4  startup_stm32f103xe.o [1]
  .text              ro code  0x0800b526     0x4  startup_stm32f103xe.o [1]
  .text              ro code  0x0800b52a     0x4  startup_stm32f103xe.o [1]
  .text              ro code  0x0800b52e     0x4  startup_stm32f103xe.o [1]
  .text              ro code  0x0800b532     0x4  startup_stm32f103xe.o [1]
  .rodata            const    0x0800b536     0x0  zero_init3.o [5]
  .rodata            const    0x0800b536     0x0  lz77_init_single.o [5]
  Initializer bytes  const    0x0800b536   0x395  <for P2-1>
                            - 0x0800b8cb  0xb79b

"P2", part 1 of 3:                         0xcc6
  P2-1                        0x20000000   0xcc6  <Init block>
    .data            inited   0x20000000     0x8  motor.o [1]
    .data            inited   0x20000008     0x8  board.o [1]
    .data            inited   0x20000010     0x8  board.o [1]
    .data            inited   0x20000018     0x8  board.o [1]
    .data            inited   0x20000020     0x8  board.o [1]
    .data            inited   0x20000028     0x8  board.o [1]
    .data            inited   0x20000030     0x8  board.o [1]
    .data            inited   0x20000038    0x18  board.o [1]
    .data            inited   0x20000050    0x18  board.o [1]
    .data            inited   0x20000068     0x4  board.o [1]
    .data            inited   0x2000006c     0x8  board.o [1]
    .data            inited   0x20000074   0xaa8  cmd.o [1]
    .data            inited   0x20000b1c    0x50  cmd_func.o [1]
    .data            inited   0x20000b6c     0x4  main.o [1]
    .data            inited   0x20000b70    0x14  motor.o [1]
    .data            inited   0x20000b84    0x14  motor.o [1]
    .data            inited   0x20000b98    0x14  motor.o [1]
    .data            inited   0x20000bac    0x14  motor.o [1]
    .data            inited   0x20000bc0     0x4  stm32f1xx_hal.o [1]
    .data            inited   0x20000bc4     0x4  system_stm32f1xx.o [1]
    .data            inited   0x20000bc8    0x18  usart.o [1]
    .data            inited   0x20000be0    0x20  utils.o [1]
    .data            inited   0x20000c00    0x20  utils.o [1]
    .data            inited   0x20000c20    0x20  utils.o [1]
    .data            inited   0x20000c40    0x38  xlocale_c.o [3]
    .data            inited   0x20000c78    0x48  xlocale_c.o [3]
    .data            inited   0x20000cc0     0x2  board.o [1]
    .data            inited   0x20000cc2     0x1  board.o [1]
    .data            inited   0x20000cc3     0x1  board.o [1]
    .data            inited   0x20000cc4     0x1  stm32f1xx_hal.o [1]
    .data            inited   0x20000cc5     0x1  utils.o [1]
                            - 0x20000cc6   0xcc6

"P2", part 2 of 3:                         0x7cc
  .bss               zero     0x20000cc8   0x190  can.o [1]
  .bss               zero     0x20000e58    0xc8  usart.o [1]
  .bss               zero     0x20000f20    0x68  usart.o [1]
  .bss               zero     0x20000f88    0x64  usart.o [1]
  .bss               zero     0x20000fec    0x64  usart.o [1]
  .bss               zero     0x20001050    0x58  spi.o [1]
  .bss               zero     0x200010a8    0x44  can.o [1]
  .bss               zero     0x200010ec    0x44  usart.o [1]
  .bss               zero     0x20001130    0x44  usart.o [1]
  .bss               zero     0x20001174    0x40  tim.o [1]
  .bss               zero     0x200011b4    0x40  tim.o [1]
  .bss               zero     0x200011f4    0x40  tim.o [1]
  .bss               zero     0x20001234    0x40  tim.o [1]
  .bss               zero     0x20001274    0x40  usart.o [1]
  .bss               zero     0x200012b4    0x38  flash.o [1]
  .bss               zero     0x200012ec    0x30  adc.o [1]
  .bss               zero     0x2000131c    0x30  cmd.o [1]
  .bss               zero     0x2000134c    0x28  can.o [1]
  .bss               zero     0x20001374    0x24  can.o [1]
  .bss               zero     0x20001398    0x20  stm32f1xx_hal_flash.o [1]
  .bss               zero     0x200013b8    0x1c  board.o [1]
  .bss               zero     0x200013d4    0x1c  board.o [1]
  .bss               zero     0x200013f0    0x1c  can.o [1]
  .bss               zero     0x2000140c     0x4  adc.o [1]
  .bss               zero     0x20001410     0x8  can.o [1]
  .bss               zero     0x20001418     0x4  board.o [1]
  .bss               zero     0x2000141c     0x4  board.o [1]
  .bss               zero     0x20001420     0x4  board.o [1]
  .bss               zero     0x20001424     0x4  board.o [1]
  .bss               zero     0x20001428     0x4  board.o [1]
  .bss               zero     0x2000142c     0x4  board.o [1]
  .bss               zero     0x20001430     0x4  can.o [1]
  .bss               zero     0x20001434     0x4  main.o [1]
  .bss               zero     0x20001438     0x4  main.o [1]
  .bss               zero     0x2000143c     0x4  main.o [1]
  .bss               zero     0x20001440     0x4  stm32f1xx_hal.o [1]
  .bss               zero     0x20001444     0x4  usart.o [1]
  .bss               zero     0x20001448     0x4  usart.o [1]
  .bss               zero     0x2000144c     0x4  utils.o [1]
  .bss               zero     0x20001450     0x4  utils.o [1]
  .bss               zero     0x20001454     0x4  utils.o [1]
  .bss               zero     0x20001458     0x4  utils.o [1]
  .bss               zero     0x2000145c     0x4  utils.o [1]
  .bss               zero     0x20001460     0x4  utils.o [1]
  .bss               zero     0x20001464     0x4  utils.o [1]
  .bss               zero     0x20001468     0x4  utils.o [1]
  .bss               zero     0x2000146c     0x4  utils.o [1]
  .bss               zero     0x20001470     0x4  utils.o [1]
  .bss               zero     0x20001474     0x4  utils.o [1]
  .bss               zero     0x20001478     0x4  utils.o [1]
  .bss               zero     0x2000147c     0x4  utils.o [1]
  .bss               zero     0x20001480     0x4  xfail_s.o [3]
  .bss               zero     0x20001484     0x4  no_free_heap0.o [3]
  .bss               zero     0x20001488     0x4  xgetmemchunk.o [3]
  .bss               zero     0x2000148c     0x2  board.o [1]
  .bss               zero     0x2000148e     0x1  board.o [1]
  .bss               zero     0x2000148f     0x1  board.o [1]
  .bss               zero     0x20001490     0x1  encoder.o [1]
  .bss               zero     0x20001491     0x1  usart.o [1]
  .bss               zero     0x20001492     0x1  utils.o [1]
                            - 0x20001493   0x7cb

"P2", part 3 of 3:                         0x600
  CSTACK                      0x20001498   0x400  <Block>
    CSTACK           uninit   0x20001498   0x400  <Block tail>
  HEAP                        0x20001898   0x200  <Block>
    HEAP             uninit   0x20001898   0x200  <Block tail>
                            - 0x20001a98   0x600


*******************************************************************************
*** INIT TABLE
***

          Address     Size
          -------     ----
Zero (__iar_zero_init3)
    1 destination range, total size 0x7cb:
          0x20000cc8  0x7cb

Copy/lz77 (__iar_lz77_init_single3)
    1 source range, total size 0x395 (28% of destination):
          0x0800b536  0x395
    1 destination range, total size 0xcc6:
          0x20000000  0xcc6



*******************************************************************************
*** MODULE SUMMARY
***

    Module                    ro code  ro data  rw data
    ------                    -------  -------  -------
E:\folder\机器人队\Cube\Driver\EWARM\Driver\Obj: [1]
    adc.o                         588       68       52
    as5047p.o                     508
    board.o                     1 132      143      196
    can.o                         764       76      584
    can_func.o                    416
    cmd.o                         364      905    2 776
    cmd_func.o                  4 192    1 992       80
    dma.o                          64
    encoder.o                     428                 1
    flash.o                       340       76       56
    gpio.o                        536       40
    main.o                      1 196      246       16
    motor.o                       856       24       88
    spi.o                         208       48       88
    startup_stm32f103xe.o         528
    stm32f1xx_hal.o               192        1        9
    stm32f1xx_hal_adc.o         1 604
    stm32f1xx_hal_adc_ex.o        240
    stm32f1xx_hal_can.o         2 332
    stm32f1xx_hal_cortex.o        372
    stm32f1xx_hal_dma.o         1 836
    stm32f1xx_hal_flash.o         496                32
    stm32f1xx_hal_flash_ex.o      280
    stm32f1xx_hal_gpio.o          760
    stm32f1xx_hal_msp.o           172
    stm32f1xx_hal_rcc.o         1 776       18
    stm32f1xx_hal_rcc_ex.o        608       18
    stm32f1xx_hal_spi.o         1 564
    stm32f1xx_hal_spi_ex.o        138
    stm32f1xx_hal_tim.o         1 792
    stm32f1xx_hal_tim_ex.o         96
    stm32f1xx_hal_uart.o        2 392
    stm32f1xx_it.o                148
    system_stm32f1xx.o            104       25        4
    tim.o                         800       48      256
    usart.o                     1 004       91      737
    utils.o                       216       28      150
    ---------------------------------------------------
    Total:                     31 042    3 847    5 125

command line: [2]
    ---------------------------------------------------
    Total:

dl7M_tlf.a: [3]
    abort.o                         6
    exit.o                          4
    iar_Stoflt.o                  456
    iar_Stopfx.o                  290
    iar_Stoulx.o                  372
    iar_Stoxflt.o                 540
    isalpha.o                      20
    isspace.o                      20
    low_level_init.o                4
    no_free_heap0.o                68                 4
    tolower.o                      20
    vsnprint.o                     60
    xencoding_8859_1.o             30
    xfail_s.o                      64                 4
    xgetmemchunk.o                 44                 4
    xlocale_c.o                   176       42      128
    xmbcurmax.o                    10
    xprintffull.o               3 990
    xsnprout.o                     26
    ---------------------------------------------------
    Total:                      6 200       42      140

m7M_tl.a: [4]
    DblAdd.o                      376
    DblCmpGe.o                     46
    DblCmpLe.o                     46
    DblDiv.o                      582
    DblMul.o                      418
    DblSub.o                      226
    DblToFlt.o                    104
    DblToS32.o                     58
    DblToU32.o                     40
    FltAdd.o                      226
    FltCmpEq.o                     28
    FltCmpGe.o                     36
    FltCmpLe.o                     36
    FltDiv.o                      252
    FltMul.o                      216
    FltSub.o                      128
    FltToDbl.o                     72
    FltToS32.o                     42
    S32ToDbl.o                     34
    S32ToFlt.o                     36
    U32ToDbl.o                     26
    U32ToFlt.o                     28
    frexp.o                       112
    ldexp.o                       314
    strto64.o                   1 128
    ---------------------------------------------------
    Total:                      4 610

rt7M_tl.a: [5]
    ABImemcpy.o                   166
    ABImemset.o                   102
    I64DivMod.o                   558
    I64DivZer.o                     2
    U64Shr.o                       30
    cexit.o                        10
    cmain.o                        30
    cstartup_M.o                   12
    data_init.o                    40
    lz77_init_single.o            122
    memchr.o                       88
    strchr.o                       22
    strcmp.o                       74
    strcpy.o                       76
    strlen.o                       54
    zero_init3.o                   64
    ---------------------------------------------------
    Total:                      1 450

shb_l.a: [6]
    ABIassert.o                    36
    exit.o                         20
    ---------------------------------------------------
    Total:                         56

    Gaps                           26        2
    Linker created                          32    1 536
-------------------------------------------------------
    Grand Total:               43 384    3 923    6 801


*******************************************************************************
*** ENTRY LIST
***

Entry                      Address   Size  Type      Object
-----                      -------   ----  ----      ------
.iar.init_table$$Base   0x0800abd4          --   Gb  - Linker created -
.iar.init_table$$Limit  0x0800abf4          --   Gb  - Linker created -
?main                   0x0800ad35         Code  Gb  cmain.o [5]
AB                      0x20000008    0x8  Data  Gb  board.o [1]
AC                      0x20000010    0x8  Data  Gb  board.o [1]
ADC_ConversionStop_Disable
                        0x0800a159   0x4a  Code  Gb  stm32f1xx_hal_adc.o [1]
ADC_Enable              0x0800a0b1   0x6e  Code  Gb  stm32f1xx_hal_adc.o [1]
AHBPrescTable           0x0800b3c4   0x10  Data  Gb  system_stm32f1xx.o [1]
APBPrescTable           0x0800b458    0x8  Data  Gb  system_stm32f1xx.o [1]
AS5047p_Get             0x08007659   0x6c  Code  Gb  encoder.o [1]
BA                      0x20000020    0x8  Data  Gb  board.o [1]
BC                      0x20000018    0x8  Data  Gb  board.o [1]
Board_Mode              0x20000cc3    0x1  Data  Gb  board.o [1]
Brush_PWM_Control       0x08001fe1   0x9c  Code  Gb  motor.o [1]
Brush_chl               0x20000bac   0x14  Data  Gb  motor.o [1]
Brush_chl_AB            0x20000b70   0x14  Data  Gb  motor.o [1]
Brush_chl_AC            0x20000b98   0x14  Data  Gb  motor.o [1]
Brush_chl_BC            0x20000b84   0x14  Data  Gb  motor.o [1]
BusFault_Handler        0x0800a6ef    0x2  Code  Gb  stm32f1xx_it.o [1]
CA                      0x20000028    0x8  Data  Gb  board.o [1]
CAN_LIST_MATCH          0x080069b1   0x32  Code  Gb  can.o [1]
CAN_Receive_IT          0x0800917b  0x1e0  Code  Lc  stm32f1xx_hal_can.o [1]
CAN_Transmit_IT         0x0800911d   0x5e  Code  Lc  stm32f1xx_hal_can.o [1]
CB                      0x20000030    0x8  Data  Gb  board.o [1]
CSTACK$$Base            0x20001498          --   Gb  - Linker created -
CSTACK$$Limit           0x20001898          --   Gb  - Linker created -
CacheMore               0x08008795   0x24  Code  Lc  xlocale_c.o [3]
Close_Phases            0x08002503   0x34  Code  Gb  board.o [1]
Command                 0x08002dab   0x20  Code  Lc  as5047p.o [1]
Configure_Filter        0x0800690d   0x4e  Code  Gb  can.o [1]
Control                 0x08002099  0x250  Code  Gb  motor.o [1]
Control_Mode            0x20001492    0x1  Data  Gb  utils.o [1]
Count_PARC              0x08002d6d   0x3e  Code  Lc  as5047p.o [1]
Current_PID             0x20000be0   0x20  Data  Gb  utils.o [1]
Current_init            0x08007081   0x88  Code  Gb  adc.o [1]
DMA1_Channel4_IRQHandler
                        0x0800a719    0xa  Code  Gb  stm32f1xx_it.o [1]
DMA1_Channel5_IRQHandler
                        0x0800a723    0xa  Code  Gb  stm32f1xx_it.o [1]
DMAUSART_RX_BUF         0x20000fec   0x64  Data  Gb  usart.o [1]
DMA_RxOK_Flag           0x20001444    0x4  Data  Gb  usart.o [1]
DMA_SetConfig           0x080042dd   0x2c  Code  Lc  stm32f1xx_hal_dma.o [1]
DMAaRxBuffer            0x20000f88   0x64  Data  Gb  usart.o [1]
DebugMon_Handler        0x0800a6f5    0x2  Code  Gb  stm32f1xx_it.o [1]
Direction               0x20000cc2    0x1  Data  Gb  board.o [1]
Dtentox                 0x08001c1d  0x18c  Code  Lc  strto64.o [4]
Duty                    0x20001450    0x4  Data  Gb  utils.o [1]
EXTI3_IRQHandler        0x0800a705    0xa  Code  Gb  stm32f1xx_it.o [1]
EXTI4_IRQHandler        0x0800a70f    0xa  Code  Gb  stm32f1xx_it.o [1]
EXTI9_5_IRQHandler      0x0800a737    0xa  Code  Gb  stm32f1xx_it.o [1]
Encoder                 0x20001490    0x1  Data  Gb  encoder.o [1]
Encoder_Get             0x08007611   0x48  Code  Gb  encoder.o [1]
FLASH_MassErase         0x0800473f   0x2a  Code  Lc  stm32f1xx_hal_flash_ex.o [1]
FLASH_PageErase         0x08004769   0x24  Code  Gb  stm32f1xx_hal_flash_ex.o [1]
FLASH_Program_HalfWord  0x08004587   0x16  Code  Lc  stm32f1xx_hal_flash.o [1]
FLASH_SetErrorCode      0x080045f9   0x6e  Code  Lc  stm32f1xx_hal_flash.o [1]
FLASH_WaitForLastOperation
                        0x0800459d   0x5c  Code  Gb  stm32f1xx_hal_flash.o [1]
First_Time_Check        0x2000148e    0x1  Data  Gb  board.o [1]
Get_Adc1_4              0x08006f9d   0x2a  Code  Gb  adc.o [1]
Get_Current             0x08006fc7   0xba  Code  Gb  adc.o [1]
Get_Hall_Position       0x08002537    0xe  Code  Gb  board.o [1]
Get_SP                  0x08007755   0x2e  Code  Gb  encoder.o [1]
Get_Start_Position      0x080025b7   0x1e  Code  Gb  board.o [1]
HAL_ADCEx_Calibration_Start
                        0x0800714d   0xec  Code  Gb  stm32f1xx_hal_adc_ex.o [1]
HAL_ADC_ConfigChannel   0x08009f5b  0x152  Code  Gb  stm32f1xx_hal_adc.o [1]
HAL_ADC_GetState        0x0800a0ad    0x4  Code  Gb  stm32f1xx_hal_adc.o [1]
HAL_ADC_GetValue        0x08009f55    0x6  Code  Gb  stm32f1xx_hal_adc.o [1]
HAL_ADC_Init            0x08009b61  0x164  Code  Gb  stm32f1xx_hal_adc.o [1]
HAL_ADC_MspInit         0x08006f63   0x3a  Code  Gb  adc.o [1]
HAL_ADC_PollForConversion
                        0x08009def  0x166  Code  Gb  stm32f1xx_hal_adc.o [1]
HAL_ADC_Start           0x08009cc5  0x12a  Code  Gb  stm32f1xx_hal_adc.o [1]
HAL_CAN_ConfigFilter    0x08008b9f  0x128  Code  Gb  stm32f1xx_hal_can.o [1]
HAL_CAN_ErrorCallback   0x08006a13   0x24  Code  Gb  can.o [1]
HAL_CAN_IRQHandler      0x08008ddd  0x32a  Code  Gb  stm32f1xx_hal_can.o [1]
HAL_CAN_Init            0x08008a41  0x15e  Code  Gb  stm32f1xx_hal_can.o [1]
HAL_CAN_MspInit         0x0800687d   0x56  Code  Gb  can.o [1]
HAL_CAN_Receive_IT      0x08008cc7  0x116  Code  Gb  stm32f1xx_hal_can.o [1]
HAL_CAN_RxCpltCallback  0x080069e3   0x30  Code  Gb  can.o [1]
HAL_DMA_Abort           0x08003d13   0x36  Code  Gb  stm32f1xx_hal_dma.o [1]
HAL_DMA_Abort_IT        0x08003d49  0x1be  Code  Gb  stm32f1xx_hal_dma.o [1]
HAL_DMA_IRQHandler      0x08003f4d  0x358  Code  Gb  stm32f1xx_hal_dma.o [1]
HAL_DMA_Init            0x08003bdd   0x9e  Code  Gb  stm32f1xx_hal_dma.o [1]
HAL_DMA_Start_IT        0x08003c7b   0x98  Code  Gb  stm32f1xx_hal_dma.o [1]
HAL_Delay               0x08002bbd   0x28  Code  Wk  stm32f1xx_hal.o [1]
HAL_FLASHEx_Erase       0x08004685   0xba  Code  Gb  stm32f1xx_hal_flash_ex.o [1]
HAL_FLASH_Lock          0x08004577   0x10  Code  Gb  stm32f1xx_hal_flash.o [1]
HAL_FLASH_Program       0x08004495   0xbc  Code  Gb  stm32f1xx_hal_flash.o [1]
HAL_FLASH_Unlock        0x08004551   0x26  Code  Gb  stm32f1xx_hal_flash.o [1]
HAL_GPIO_EXTI_Callback  0x08005951   0xe8  Code  Gb  gpio.o [1]
HAL_GPIO_EXTI_IRQHandler
                        0x08002b4d   0x22  Code  Gb  stm32f1xx_hal_gpio.o [1]
HAL_GPIO_Init           0x080028c5  0x24c  Code  Gb  stm32f1xx_hal_gpio.o [1]
HAL_GPIO_ReadPin        0x08002b11   0x16  Code  Gb  stm32f1xx_hal_gpio.o [1]
HAL_GPIO_TogglePin      0x08002b41    0xc  Code  Gb  stm32f1xx_hal_gpio.o [1]
HAL_GPIO_WritePin       0x08002b27   0x1a  Code  Gb  stm32f1xx_hal_gpio.o [1]
HAL_GetTick             0x08005a8d    0xc  Code  Wk  stm32f1xx_hal.o [1]
HAL_IncTick             0x0800a77d   0x18  Code  Wk  stm32f1xx_hal.o [1]
HAL_Init                0x080067ad   0x22  Code  Gb  stm32f1xx_hal.o [1]
HAL_InitTick            0x08008949   0x4c  Code  Wk  stm32f1xx_hal.o [1]
HAL_MspInit             0x08008995   0xac  Code  Gb  stm32f1xx_hal_msp.o [1]
HAL_NVIC_EnableIRQ      0x080075ad    0xe  Code  Gb  stm32f1xx_hal_cortex.o [1]
HAL_NVIC_SetPriority    0x08007583   0x2a  Code  Gb  stm32f1xx_hal_cortex.o [1]
HAL_NVIC_SetPriorityGrouping
                        0x08007577    0xc  Code  Gb  stm32f1xx_hal_cortex.o [1]
HAL_RCCEx_GetPeriphCLKFreq
                        0x0800734b  0x122  Code  Gb  stm32f1xx_hal_rcc_ex.o [1]
HAL_RCCEx_PeriphCLKConfig
                        0x0800723d  0x10e  Code  Gb  stm32f1xx_hal_rcc_ex.o [1]
HAL_RCC_ClockConfig     0x08006513  0x188  Code  Gb  stm32f1xx_hal_rcc.o [1]
HAL_RCC_GetHCLKFreq     0x0800670d    0x6  Code  Gb  stm32f1xx_hal_rcc.o [1]
HAL_RCC_GetPCLK1Freq    0x08006713   0x16  Code  Gb  stm32f1xx_hal_rcc.o [1]
HAL_RCC_GetPCLK2Freq    0x08006729   0x16  Code  Gb  stm32f1xx_hal_rcc.o [1]
HAL_RCC_GetSysClockFreq
                        0x0800669b   0x72  Code  Gb  stm32f1xx_hal_rcc.o [1]
HAL_RCC_OscConfig       0x080060bd  0x456  Code  Gb  stm32f1xx_hal_rcc.o [1]
HAL_SPI_Init            0x08009381   0x8a  Code  Gb  stm32f1xx_hal_spi_ex.o [1]
HAL_SPI_MspInit         0x08006b75   0x56  Code  Gb  spi.o [1]
HAL_SPI_Receive         0x08005c49  0x17a  Code  Gb  stm32f1xx_hal_spi.o [1]
HAL_SPI_Transmit        0x08005a99  0x1b0  Code  Gb  stm32f1xx_hal_spi.o [1]
HAL_SPI_TransmitReceive
                        0x08005dc3  0x226  Code  Gb  stm32f1xx_hal_spi.o [1]
HAL_SYSTICK_CLKSourceConfig
                        0x080075c7   0x20  Code  Gb  stm32f1xx_hal_cortex.o [1]
HAL_SYSTICK_Callback    0x080038ef    0x2  Code  Gb  main.o [1]
HAL_SYSTICK_Config      0x080075bb    0xc  Code  Gb  stm32f1xx_hal_cortex.o [1]
HAL_SYSTICK_IRQHandler  0x08007609    0x8  Code  Gb  stm32f1xx_hal_cortex.o [1]
HAL_TIMEx_BreakCallback
                        0x0800a529    0x2  Code  Wk  stm32f1xx_hal_tim_ex.o [1]
HAL_TIMEx_CommutationCallback
                        0x0800a52d    0x2  Code  Wk  stm32f1xx_hal_tim_ex.o [1]
HAL_TIMEx_MasterConfigSynchronization
                        0x08009b05   0x5a  Code  Gb  stm32f1xx_hal_tim_ex.o [1]
HAL_TIM_Base_Init       0x0800940d   0x38  Code  Gb  stm32f1xx_hal_tim.o [1]
HAL_TIM_Base_MspInit    0x08006e33   0x48  Code  Gb  tim.o [1]
HAL_TIM_Base_Start_IT   0x08009445   0x1e  Code  Gb  stm32f1xx_hal_tim.o [1]
HAL_TIM_Encoder_Init    0x080094f1   0xbe  Code  Gb  stm32f1xx_hal_tim.o [1]
HAL_TIM_Encoder_MspInit
                        0x08006df5   0x3e  Code  Gb  tim.o [1]
HAL_TIM_Encoder_Start   0x080095af   0x4e  Code  Gb  stm32f1xx_hal_tim.o [1]
HAL_TIM_IRQHandler      0x080095fd  0x176  Code  Gb  stm32f1xx_hal_tim.o [1]
HAL_TIM_MspPostInit     0x08006e7b   0x22  Code  Gb  tim.o [1]
HAL_TIM_PWM_ConfigChannel
                        0x08009773  0x100  Code  Gb  stm32f1xx_hal_tim.o [1]
HAL_TIM_PWM_Init        0x08009463   0x38  Code  Gb  stm32f1xx_hal_tim.o [1]
HAL_TIM_PWM_MspInit     0x08006dcf   0x26  Code  Gb  tim.o [1]
HAL_TIM_PWM_Start       0x0800949b   0x4c  Code  Gb  stm32f1xx_hal_tim.o [1]
HAL_TIM_PeriodElapsedCallback
                        0x080038f1  0x24c  Code  Gb  main.o [1]
HAL_TIM_PeriodElapsedCallback{1}{2}::time_1ms_cnt
                        0x2000143c    0x4  Data  Lc  main.o [1]
HAL_UART_DMAStop        0x080030f5   0x72  Code  Gb  stm32f1xx_hal_uart.o [1]
HAL_UART_ErrorCallback  0x080013c5   0x6e  Code  Gb  usart.o [1]
HAL_UART_IDLECallback   0x0800135b   0x6a  Code  Gb  usart.o [1]
HAL_UART_IRQHandler     0x08003167  0x14a  Code  Gb  stm32f1xx_hal_uart.o [1]
HAL_UART_Init           0x08002de1   0x76  Code  Gb  stm32f1xx_hal_uart.o [1]
HAL_UART_MspInit        0x080011ef  0x132  Code  Gb  usart.o [1]
HAL_UART_Receive_DMA    0x0800303f   0xb6  Code  Gb  stm32f1xx_hal_uart.o [1]
HAL_UART_Receive_IT     0x08002f37   0x72  Code  Gb  stm32f1xx_hal_uart.o [1]
HAL_UART_Transmit       0x08002e57   0xe0  Code  Gb  stm32f1xx_hal_uart.o [1]
HAL_UART_Transmit_DMA   0x08002fa9   0x96  Code  Gb  stm32f1xx_hal_uart.o [1]
HEAP$$Base              0x20001898          --   Gb  - Linker created -
HEAP$$Limit             0x20001a98          --   Gb  - Linker created -
Hall_AS5047p_Get        0x0800770b   0x4a  Code  Gb  encoder.o [1]
Hall_CNT                0x20001470    0x4  Data  Gb  utils.o [1]
Hall_Get                0x080076c5   0x46  Code  Gb  encoder.o [1]
Hall_Position           0x2000148f    0x1  Data  Gb  board.o [1]
HardFault_Handler       0x0800a6eb    0x2  Code  Gb  stm32f1xx_it.o [1]
ID                      0x2000144c    0x4  Data  Gb  utils.o [1]
Last_Position           0x2000146c    0x4  Data  Gb  utils.o [1]
LoadInt                 0x080079ab   0x7a  Code  Lc  xprintffull.o [3]
MAXSPEED                0x20000000    0x8  Data  Gb  motor.o [1]
MX_ADC1_Init            0x08006f01   0x62  Code  Gb  adc.o [1]
MX_CAN_Init             0x08006815   0x68  Code  Gb  can.o [1]
MX_DMA_Init             0x080067d5   0x40  Code  Gb  dma.o [1]
MX_GPIO_Init            0x08005875   0xdc  Code  Gb  gpio.o [1]
MX_NVIC_Init            0x0800388b   0x64  Code  Lc  main.o [1]
MX_SPI2_Init            0x08006b11   0x64  Code  Gb  spi.o [1]
MX_TIM2_Init            0x08006be1   0xc8  Code  Gb  tim.o [1]
MX_TIM4_Init            0x08006ca9   0x82  Code  Gb  tim.o [1]
MX_TIM6_Init            0x08006d2b   0x52  Code  Gb  tim.o [1]
MX_TIM7_Init            0x08006d7d   0x52  Code  Gb  tim.o [1]
MX_USART1_UART_Init     0x08001191   0x5e  Code  Gb  usart.o [1]
Mag_Brushless_Mointor   0x0800265d   0xc0  Code  Gb  board.o [1]
Mag_Position            0x2000148c    0x2  Data  Gb  board.o [1]
MemManage_Handler       0x0800a6ed    0x2  Code  Gb  stm32f1xx_it.o [1]
Motor                   0x20000cc5    0x1  Data  Gb  utils.o [1]
Motor_Duty              0x20001424    0x4  Data  Gb  board.o [1]
Motor_Duty_Set          0x2000147c    0x4  Data  Gb  utils.o [1]
NMI_Handler             0x0800a6e9    0x2  Code  Gb  stm32f1xx_it.o [1]
NVIC_EnableIRQ          0x080074c3   0x16  Code  Lc  stm32f1xx_hal_cortex.o [1]
NVIC_EncodePriority     0x08007505   0x42  Code  Lc  stm32f1xx_hal_cortex.o [1]
NVIC_GetPriorityGrouping
                        0x080074b9    0xa  Code  Lc  stm32f1xx_hal_cortex.o [1]
NVIC_SetPriority        0x080074d9   0x2c  Code  Lc  stm32f1xx_hal_cortex.o [1]
NVIC_SetPriorityGrouping
                        0x0800749d   0x1c  Code  Lc  stm32f1xx_hal_cortex.o [1]
Now_Current             0x20001468    0x4  Data  Gb  utils.o [1]
Now_Current_init        0x2000140c    0x4  Data  Gb  adc.o [1]
Now_Phase_Index         0x20001418    0x4  Data  Gb  board.o [1]
Now_Position            0x20001460    0x4  Data  Gb  utils.o [1]
Now_Speed               0x20001458    0x4  Data  Gb  utils.o [1]
Now_Speed_Hall          0x20001474    0x4  Data  Gb  utils.o [1]
PID_Release             0x080027a5   0x9e  Code  Gb  utils.o [1]
PID_init                0x08002851   0x16  Code  Gb  utils.o [1]
PWM_Control             0x0800207d   0x1c  Code  Gb  motor.o [1]
PendSV_Handler          0x0800a6f7    0x2  Code  Gb  stm32f1xx_it.o [1]
Phase_Change            0x080023ef   0x36  Code  Gb  board.o [1]
Phase_Change_Cnt        0x20001428    0x4  Data  Gb  board.o [1]
Phase_Const             0x20000038   0x18  Data  Gb  board.o [1]
Phase_Const_Reverse     0x20000050   0x18  Data  Gb  board.o [1]
Phase_Const_Reverse_sensor
                        0x0800ae80   0x18  Data  Gb  board.o [1]
Phase_Open_Cnt          0x2000142c    0x4  Data  Gb  board.o [1]
Phase_Table             0x200013b8   0x1c  Data  Gb  board.o [1]
Phase_Table_Init        0x080023a3   0x4c  Code  Gb  board.o [1]
Phase_Table_Reverse     0x200013d4   0x1c  Data  Gb  board.o [1]
Phase_Table_Using_Nonsensor
                        0x20000068    0x4  Data  Gb  board.o [1]
Phase_Table_Using_Sensor
                        0x2000141c    0x4  Data  Gb  board.o [1]
Phase_Test_Table        0x2000006c    0x8  Data  Gb  board.o [1]
Position_PID            0x20000c20   0x20  Data  Gb  utils.o [1]
RCC_Delay               0x0800673f   0x26  Code  Lc  stm32f1xx_hal_rcc.o [1]
Read_Reg                0x08002be5   0x98  Code  Gb  as5047p.o [1]
Region$$Table$$Base     0x0800abd4          --   Gb  - Linker created -
Region$$Table$$Limit    0x0800abf4          --   Gb  - Linker created -
Rotate_Test             0x080025d5   0x88  Code  Gb  board.o [1]
RxMessage               0x20001374   0x24  Data  Lc  can.o [1]
SPI_CheckFlag_BSY       0x0800608b   0x2a  Code  Lc  stm32f1xx_hal_spi.o [1]
SPI_WaitFlagStateUntilTimeout
                        0x08005fe9   0xa2  Code  Lc  stm32f1xx_hal_spi.o [1]
SVC_Handler             0x0800a6f3    0x2  Code  Gb  stm32f1xx_it.o [1]
Set_Motor_Duty          0x08002339   0x6a  Code  Gb  board.o [1]
Set_Phase_High_Speed    0x0800246f   0x94  Code  Gb  board.o [1]
Set_Phase_Low_State     0x08002425   0x4a  Code  Gb  board.o [1]
Set_To_CB_Positon       0x0800258f   0x28  Code  Gb  board.o [1]
Set_To_Statble_Positon  0x08002545   0x4a  Code  Gb  board.o [1]
Speed_PID               0x20000c00   0x20  Data  Gb  utils.o [1]
Start_Position          0x20000cc0    0x2  Data  Gb  board.o [1]
SysTick_Config          0x08007547   0x30  Code  Lc  stm32f1xx_hal_cortex.o [1]
SysTick_Handler         0x0800a6f9    0xc  Code  Gb  stm32f1xx_it.o [1]
SystemClock_Config      0x080037e1   0xaa  Code  Gb  main.o [1]
SystemCoreClock         0x20000bc4    0x4  Data  Gb  system_stm32f1xx.o [1]
SystemInit              0x0800a795   0x4e  Code  Gb  system_stm32f1xx.o [1]
TIM6_IRQHandler         0x0800a75d    0xa  Code  Gb  stm32f1xx_it.o [1]
TIM_Base_SetConfig      0x08009881   0x9a  Code  Gb  stm32f1xx_hal_tim.o [1]
TIM_CCxChannelCmd       0x08009ae9   0x1c  Code  Gb  stm32f1xx_hal_tim.o [1]
TIM_Mode_init           0x08006e9d   0x32  Code  Gb  tim.o [1]
TIM_OC1_SetConfig       0x0800991b   0x6e  Code  Lc  stm32f1xx_hal_tim.o [1]
TIM_OC2_SetConfig       0x08009989   0x7c  Code  Gb  stm32f1xx_hal_tim.o [1]
TIM_OC3_SetConfig       0x08009a05   0x76  Code  Lc  stm32f1xx_hal_tim.o [1]
TIM_OC4_SetConfig       0x08009a7b   0x58  Code  Lc  stm32f1xx_hal_tim.o [1]
Target_Current          0x20001464    0x4  Data  Gb  utils.o [1]
Target_Position         0x2000145c    0x4  Data  Gb  utils.o [1]
Target_Speed            0x20001454    0x4  Data  Gb  utils.o [1]
Test_Table_Cnt          0x20001420    0x4  Data  Gb  board.o [1]
TxMessage               0x200013f0   0x1c  Data  Lc  can.o [1]
UART_DMAAbortOnError    0x08003445   0x16  Code  Lc  stm32f1xx_hal_uart.o [1]
UART_DMAError           0x08003349   0x58  Code  Lc  stm32f1xx_hal_uart.o [1]
UART_DMAReceiveCplt     0x080032f5   0x44  Code  Lc  stm32f1xx_hal_uart.o [1]
UART_DMARxHalfCplt      0x08003339    0xe  Code  Lc  stm32f1xx_hal_uart.o [1]
UART_DMATransmitCplt    0x080032b1   0x34  Code  Lc  stm32f1xx_hal_uart.o [1]
UART_DMATxHalfCplt      0x080032e5    0xe  Code  Lc  stm32f1xx_hal_uart.o [1]
UART_EndRxTransfer      0x08003423   0x20  Code  Lc  stm32f1xx_hal_uart.o [1]
UART_EndTransmit_IT     0x080034cb   0x20  Code  Lc  stm32f1xx_hal_uart.o [1]
UART_EndTxTransfer      0x0800340f   0x14  Code  Lc  stm32f1xx_hal_uart.o [1]
UART_Receive_IT         0x080034eb   0xae  Code  Lc  stm32f1xx_hal_uart.o [1]
UART_SetConfig          0x08003599  0x190  Code  Lc  stm32f1xx_hal_uart.o [1]
UART_Transmit_IT        0x0800345d   0x6e  Code  Lc  stm32f1xx_hal_uart.o [1]
UART_WaitOnFlagUntilTimeout
                        0x080033a1   0x6e  Code  Lc  stm32f1xx_hal_uart.o [1]
USART1_IRQHandler       0x0800a741   0x1c  Code  Gb  stm32f1xx_it.o [1]
USART_RX_BUF            0x20000e58   0xc8  Data  Gb  usart.o [1]
USB_LP_CAN1_RX0_IRQHandler
                        0x0800a72d    0xa  Code  Gb  stm32f1xx_it.o [1]
UsageFault_Handler      0x0800a6f1    0x2  Code  Gb  stm32f1xx_it.o [1]
Var_List                0x20000b1c   0x50  Data  Gb  cmd_func.o [1]
Write_Reg               0x08002c7d   0x9e  Code  Gb  as5047p.o [1]
Write_frame             0x08002dcb   0x16  Code  Lc  as5047p.o [1]
_Encoding_8859_1_Mbrlen
                        0x08004431    0x2  Code  Gb  xencoding_8859_1.o [3]
_Encoding_8859_1_Wctomb
                        0x0800441f   0x12  Code  Gb  xencoding_8859_1.o [3]
_Error_Handler          0x08003b3d    0xe  Code  Gb  main.o [1]
_GenldFull              0x0800842d  0x274  Code  Lc  xprintffull.o [3]
_LdtobFull              0x08008001  0x3fe  Code  Lc  xprintffull.o [3]
_LitobFull              0x08007ea9  0x112  Code  Lc  xprintffull.o [3]
_LocaleC_isalpha        0x0800875b    0xc  Code  Gb  xlocale_c.o [3]
_LocaleC_islower        0x08008755    0x4  Code  Gb  xlocale_c.o [3]
_LocaleC_isspace        0x08008771   0x14  Code  Gb  xlocale_c.o [3]
_LocaleC_isupper        0x08008759    0x2  Code  Gb  xlocale_c.o [3]
_LocaleC_tolower        0x08008785    0xc  Code  Gb  xlocale_c.o [3]
_Locale_lconv           0x20000c40   0x38  Data  Lc  xlocale_c.o [3]
_PrintfFull             0x080077bd  0x1d6  Code  Gb  xprintffull.o [3]
_PutcharsFull           0x080086a1   0x2e  Code  Lc  xprintffull.o [3]
_PutfldFull             0x08007a25  0x2d0  Code  Lc  xprintffull.o [3]
_PutstrFull             0x08007deb   0xbe  Code  Lc  xprintffull.o [3]
_PuttxtFull             0x08007cf5   0xf6  Code  Lc  xprintffull.o [3]
_SNProut                0x080047c7   0x1a  Code  Gb  xsnprout.o [3]
__aeabi_assert          0x0800935d   0x24  Code  Gb  ABIassert.o [6]
__aeabi_cdcmple         0x0800554d         Code  Gb  DblCmpLe.o [4]
__aeabi_cdrcmple        0x0800a1a5         Code  Gb  DblCmpGe.o [4]
__aeabi_cfcmpeq         0x08005775         Code  Gb  FltCmpEq.o [4]
__aeabi_cfcmple         0x0800557d         Code  Gb  FltCmpLe.o [4]
__aeabi_cfrcmple        0x080054a9         Code  Gb  FltCmpGe.o [4]
__aeabi_d2f             0x08001f79         Code  Gb  DblToFlt.o [4]
__aeabi_d2iz            0x0800a49d         Code  Gb  DblToS32.o [4]
__aeabi_d2uiz           0x0800a4d9         Code  Gb  DblToU32.o [4]
__aeabi_dadd            0x08005115         Code  Gb  DblAdd.o [4]
__aeabi_ddiv            0x08004bc1         Code  Gb  DblDiv.o [4]
__aeabi_dmul            0x080048e1         Code  Gb  DblMul.o [4]
__aeabi_dsub            0x08008865         Code  Gb  DblSub.o [4]
__aeabi_f2d             0x0800287d         Code  Gb  FltToDbl.o [4]
__aeabi_f2iz            0x0800479d         Code  Gb  FltToS32.o [4]
__aeabi_fadd            0x08005791         Code  Gb  FltAdd.o [4]
__aeabi_fdiv            0x08005679         Code  Gb  FltDiv.o [4]
__aeabi_fmul            0x080055a1         Code  Gb  FltMul.o [4]
__aeabi_fsub            0x080054cd         Code  Gb  FltSub.o [4]
__aeabi_i2d             0x080050f1         Code  Gb  S32ToDbl.o [4]
__aeabi_i2f             0x080016f1         Code  Gb  S32ToFlt.o [4]
__aeabi_ldiv0           0x0800a531         Code  Gb  I64DivZer.o [5]
__aeabi_llsr            0x08008805         Code  Gb  U64Shr.o [5]
__aeabi_memcpy          0x080019f1         Code  Gb  ABImemcpy.o [5]
__aeabi_memcpy4         0x08001a11         Code  Gb  ABImemcpy.o [5]
__aeabi_memcpy8         0x08001a11         Code  Gb  ABImemcpy.o [5]
__aeabi_memset          0x08004391         Code  Gb  ABImemset.o [5]
__aeabi_ui2d            0x0800a501         Code  Gb  U32ToDbl.o [4]
__aeabi_ui2f            0x08001869         Code  Gb  U32ToFlt.o [4]
__aeabi_uldivmod        0x0800a26d         Code  Gb  I64DivMod.o [5]
__cmain                 0x0800ad35         Code  Gb  cmain.o [5]
__data_GetMemChunk      0x08008825   0x2c  Code  Gb  xgetmemchunk.o [3]
__data_GetMemChunk::start
                        0x20001488    0x4  Data  Lc  xgetmemchunk.o [3]
__exit                  0x0800a535   0x14  Code  Gb  exit.o [6]
__iar_Fail_s            0x0800a1ed   0x1c  Code  Gb  xfail_s.o [3]
__iar_Mbcurmax          0x0800a263    0xa  Code  Gb  xmbcurmax.o [3]
__iar_Memchr            0x0800443d         Code  Gb  memchr.o [5]
__iar_Memset            0x08004391         Code  Gb  ABImemset.o [5]
__iar_Memset_word       0x08004399         Code  Gb  ABImemset.o [5]
__iar_Sto64             0x08001da9  0x154  Code  Gb  strto64.o [4]
__iar_Stoflt            0x08004f29  0x1c8  Code  Gb  iar_Stoflt.o [3]
__iar_Stopfx            0x08004e07  0x122  Code  Gb  iar_Stopfx.o [3]
__iar_Stoulx            0x0800157d  0x112  Code  Gb  iar_Stoulx.o [3]
__iar_Stoxflt           0x0800528d  0x1e6  Code  Gb  iar_Stoxflt.o [3]
__iar_Stoxflt::digits   0x08005478   0x18  Data  Lc  iar_Stoxflt.o [3]
__iar_Stoxflt::vals     0x08005490   0x18  Data  Lc  iar_Stoxflt.o [3]
__iar_Strchr            0x0800a1d5         Code  Gb  strchr.o [5]
__iar_dadd              0x08008875         Code  Gb  DblSub.o [4]
__iar_data_init3        0x0800aaf9   0x28  Code  Gb  data_init.o [5]
__iar_dsub              0x08005125         Code  Gb  DblAdd.o [4]
__iar_dsubStart         0x08005137         Code  Gb  DblAdd.o [4]
__iar_fadd              0x080054d9         Code  Gb  FltSub.o [4]
__iar_frexp             0x0800487d         Code  Gb  frexp.o [4]
__iar_frexp64           0x08004871         Code  Gb  frexp.o [4]
__iar_frexpl            0x0800487d         Code  Gb  frexp.o [4]
__iar_fsub              0x0800579d         Code  Gb  FltAdd.o [4]
__iar_fsubStart         0x080057ad         Code  Gb  FltAdd.o [4]
__iar_globLocale        0x20000c78   0x48  Data  Lc  xlocale_c.o [3]
__iar_global_Locale     0x08008791    0x4  Code  Gb  xlocale_c.o [3]
__iar_ldexp64           0x08004a85         Code  Gb  ldexp.o [4]
__iar_lz77_init_single3
                        0x08001a97   0x7a  Code  Gb  lz77_init_single.o [5]
__iar_program_start     0x0800b425         Code  Gb  cstartup_M.o [5]
__iar_scalbln64         0x08004a85         Code  Gb  ldexp.o [4]
__iar_scalbn64          0x08004a85         Code  Gb  ldexp.o [4]
__iar_systems$$module {Abs}
                        0x00000001         Data  Gb  command line/config [2]
__iar_zero_init3        0x0800a895   0x40  Code  Gb  zero_init3.o [5]
__low_level_init        0x0800ad53    0x4  Code  Gb  low_level_init.o [3]
__no_free_malloc        0x080047e1   0x40  Code  Gb  no_free_heap0.o [3]
__vector_table          0x08000000         Data  Gb  startup_stm32f103xe.o [1]
_call_main              0x0800ad41         Code  Gb  cmain.o [5]
_exit                   0x0800ad5d         Code  Gb  cexit.o [5]
_gLocale_mblen          0x080087f1    0x4  Code  Gb  xlocale_c.o [3]
_gLocale_mblenInt       0x080087b9   0x34  Code  Gb  xlocale_c.o [3]
_gLocale_wctomb         0x080087f5    0x4  Code  Gb  xlocale_c.o [3]
_gLocale_wctombInt      0x080087ed    0x4  Code  Gb  xlocale_c.o [3]
_main                   0x0800ad4f         Code  Gb  cmain.o [5]
aRxBuffer               0x20001491    0x1  Data  Gb  usart.o [1]
abort                   0x0800a51d    0x6  Code  Gb  abort.o [3]
as5047p_Get_Position    0x08002d25   0x22  Code  Gb  as5047p.o [1]
as5047p_Write_Position  0x08002d47   0x26  Code  Gb  as5047p.o [1]
atof                    0x08001f29    0x8  Code  Gb  strto64.o [4]
atoi                    0x08001695    0x2  Code  Gb  iar_Stoulx.o [3]
canList                 0x20000cc8  0x190  Data  Gb  can.o [1]
can_RX_data             0x20001410    0x8  Data  Gb  can.o [1]
can_add_callback        0x0800695b   0x56  Code  Gb  can.o [1]
can_add_func            0x08006a37   0x80  Code  Gb  can.o [1]
can_current_func        0x0800a58f   0x2e  Code  Gb  can_func.o [1]
can_init                0x080068d3   0x3a  Code  Gb  can.o [1]
can_position_current_func
                        0x0800a647   0x2e  Code  Gb  can_func.o [1]
can_position_func       0x0800a619   0x2e  Code  Gb  can_func.o [1]
can_position_speed_current_func
                        0x0800a6a3   0x2e  Code  Gb  can_func.o [1]
can_position_speed_func
                        0x0800a675   0x2e  Code  Gb  can_func.o [1]
can_pwm_func            0x0800a549   0x46  Code  Gb  can_func.o [1]
can_speed_current_func  0x0800a5eb   0x2e  Code  Gb  can_func.o [1]
can_speed_func          0x0800a5bd   0x2e  Code  Gb  can_func.o [1]
canlistnum              0x20001430    0x4  Data  Lc  can.o [1]
clog_cnt                0x20000b6c    0x4  Data  Gb  main.o [1]
cmd_argv                0x2000131c   0x30  Data  Gb  cmd.o [1]
cmd_brush_change_func   0x080007fd   0x54  Code  Gb  cmd_func.o [1]
cmd_brushlessAbsolute_fonc
                        0x08000fed   0x5e  Code  Gb  cmd_func.o [1]
cmd_change_brush_func   0x080004db   0x54  Code  Gb  cmd_func.o [1]
cmd_control_mode_func   0x0800041f   0xbc  Code  Gb  cmd_func.o [1]
cmd_current_func        0x0800056f   0x2a  Code  Gb  cmd_func.o [1]
cmd_current_pid_func    0x080005f5   0xa2  Code  Gb  cmd_func.o [1]
cmd_driver_info_func    0x08000131  0x1d2  Code  Gb  cmd_func.o [1]
cmd_encoder_mode_func   0x080003a9   0x76  Code  Gb  cmd_func.o [1]
cmd_exec                0x080018f9   0x64  Code  Gb  cmd.o [1]
cmd_get_hall_func       0x08000c49   0x3e  Code  Gb  cmd_func.o [1]
cmd_get_start_position_func
                        0x08000f49    0xc  Code  Gb  cmd_func.o [1]
cmd_help_func           0x0800195d   0x44  Code  Gb  cmd.o [1]
cmd_init                0x08001885   0x1a  Code  Gb  cmd.o [1]
cmd_max_speed_func      0x08000fad   0x32  Code  Gb  cmd_func.o [1]
cmd_motor_mode_func     0x08000347   0x62  Code  Gb  cmd_func.o [1]
cmd_parse               0x0800189f   0x5a  Code  Gb  cmd.o [1]
cmd_phase_change_func   0x08000e9d   0x9a  Code  Gb  cmd_func.o [1]
cmd_position_func       0x080005c3   0x32  Code  Gb  cmd_func.o [1]
cmd_position_pid_func   0x0800073d   0xa2  Code  Gb  cmd_func.o [1]
cmd_read_flash_func     0x0800033b    0xc  Code  Gb  cmd_func.o [1]
cmd_read_mag_func       0x08000f55   0x16  Code  Gb  cmd_func.o [1]
cmd_rotate_test_func    0x08000f3d    0xc  Code  Gb  cmd_func.o [1]
cmd_send_wave_func      0x080007df   0x14  Code  Gb  cmd_func.o [1]
cmd_set_duty_func       0x0800052f   0x40  Code  Gb  cmd_func.o [1]
cmd_set_fd6288_func     0x08000ca5   0xca  Code  Gb  cmd_func.o [1]
cmd_set_mode_func       0x08000d85   0x5e  Code  Gb  cmd_func.o [1]
cmd_set_mode_s_func     0x08000de9   0x24  Code  Gb  cmd_func.o [1]
cmd_set_phase_func      0x08000e21   0x5a  Code  Gb  cmd_func.o [1]
cmd_set_val_func        0x08000b95   0xa4  Code  Gb  cmd_func.o [1]
cmd_speed_func          0x08000599   0x2a  Code  Gb  cmd_func.o [1]
cmd_speed_pid_func      0x08000697   0xa2  Code  Gb  cmd_func.o [1]
cmd_state_func          0x08000885  0x2f8  Code  Gb  cmd_func.o [1]
cmd_tbl                 0x20000074  0xaa8  Data  Lc  cmd.o [1]
cmd_write_as5047p_position_func
                        0x08000f71   0x2e  Code  Gb  cmd_func.o [1]
cmd_write_flash_func    0x08000303   0x38  Code  Gb  cmd_func.o [1]
compare_string          0x080019bd   0x34  Code  Gb  cmd.o [1]
control_flag            0x20001434    0x4  Data  Gb  main.o [1]
current_flag            0x20001438    0x4  Data  Gb  main.o [1]
ddiv                    0x08001b8b   0x7a  Code  Lc  strto64.o [4]
digits                  0x080016a0   0x28  Data  Lc  iar_Stoulx.o [3]
dmul                    0x08001b11   0x7a  Code  Lc  strto64.o [4]
exit                    0x0800ad57    0x4  Code  Gb  exit.o [3]
flash_data              0x200012b4   0x38  Data  Gb  flash.o [1]
frexp                   0x08004871         Code  Gb  frexp.o [4]
frexpl                  0x08004871         Code  Gb  frexp.o [4]
hadc1                   0x200012ec   0x30  Data  Gb  adc.o [1]
hcan                    0x200010a8   0x44  Data  Gb  can.o [1]
hdma_usart1_rx          0x200010ec   0x44  Data  Gb  usart.o [1]
hdma_usart1_tx          0x20001130   0x44  Data  Gb  usart.o [1]
hspi2                   0x20001050   0x58  Data  Gb  spi.o [1]
htim2                   0x20001174   0x40  Data  Gb  tim.o [1]
htim4                   0x200011b4   0x40  Data  Gb  tim.o [1]
htim6                   0x200011f4   0x40  Data  Gb  tim.o [1]
htim7                   0x20001234   0x40  Data  Gb  tim.o [1]
huart1                  0x20001274   0x40  Data  Gb  usart.o [1]
isalpha                 0x08008851   0x14  Code  Gb  isalpha.o [3]
isspace                 0x080043f7   0x14  Code  Gb  isspace.o [3]
ldexp                   0x08004a85         Code  Gb  ldexp.o [4]
ldexpl                  0x08004a85         Code  Gb  ldexp.o [4]
load_prams              0x0800177b   0xb4  Code  Gb  flash.o [1]
localeconv              0x080087f9    0x4  Code  Gb  xlocale_c.o [3]
main                    0x08003731   0xb0  Code  Gb  main.o [1]
memchr                  0x0800443d         Code  Gb  memchr.o [5]
ndigs                   0x080016c8   0x28  Data  Lc  iar_Stoulx.o [3]
pFlash                  0x20001398   0x20  Data  Gb  stm32f1xx_hal_flash.o [1]
pows                    0x08001f30   0x48  Data  Lc  strto64.o [4]
qs                      0x20001484    0x4  Data  Lc  no_free_heap0.o [3]
reset_PID               0x08002843    0xe  Code  Gb  utils.o [1]
s                       0x20000bc8   0x18  Data  Gb  usart.o [1]
sFilterConfig           0x2000134c   0x28  Data  Gb  can.o [1]
scalbln                 0x08004a85         Code  Gb  ldexp.o [4]
scalblnl                0x08004a85         Code  Gb  ldexp.o [4]
scalbn                  0x08004a85         Code  Gb  ldexp.o [4]
scalbnl                 0x08004a85         Code  Gb  ldexp.o [4]
scale                   0x08007fbb   0x46  Code  Lc  xprintffull.o [3]
sec_hand                0x20001480    0x4  Data  Lc  xfail_s.o [3]
send_wave               0x08001487   0x96  Code  Gb  usart.o [1]
send_wave_flag          0x20001478    0x4  Data  Gb  utils.o [1]
strchr                  0x0800a1d5         Code  Gb  strchr.o [5]
strcmp                  0x08004825         Code  Gb  strcmp.o [5]
strcpy                  0x08004345         Code  Gb  strcpy.o [5]
strlen                  0x0800a22d         Code  Gb  strlen.o [5]
tolower                 0x0800440b   0x14  Code  Gb  tolower.o [3]
uart_buffer             0x20000f20   0x68  Data  Gb  usart.o [1]
uprintf                 0x08001321   0x3a  Code  Gb  usart.o [1]
uprintfFlag             0x20001448    0x4  Data  Gb  usart.o [1]
usart_DMA_init          0x08001433    0xe  Code  Gb  usart.o [1]
usart_exc_DMA           0x08001441   0x46  Code  Gb  usart.o [1]
uwTick                  0x20001440    0x4  Data  Gb  stm32f1xx_hal.o [1]
uwTickFreq              0x20000cc4    0x1  Data  Gb  stm32f1xx_hal.o [1]
uwTickPrio              0x20000bc0    0x4  Data  Gb  stm32f1xx_hal.o [1]
vsnprintf               0x08004309   0x3c  Code  Gb  vsnprint.o [3]
write_prams             0x08001715   0x66  Code  Gb  flash.o [1]


[1] = E:\folder\机器人队\Cube\Driver\EWARM\Driver\Obj
[2] = command line
[3] = dl7M_tlf.a
[4] = m7M_tl.a
[5] = rt7M_tl.a
[6] = shb_l.a

  43 384 bytes of readonly  code memory
   3 923 bytes of readonly  data memory
   6 801 bytes of readwrite data memory

Errors: none
Warnings: none
