###############################################################################
#
# IAR ELF Linker V8.22.1.15669/W32 for ARM                17/Jul/2019  01:03:13
# Copyright 2007-2018 IAR Systems AB.
#
#    Output file  =  C:\Users\HZM\Desktop\program\p005\EWARM\p005\Exe\p005.out
#    Map file     =  C:\Users\HZM\Desktop\program\p005\EWARM\p005\List\p005.map
#    Command line =  
#        -f C:\Users\HZM\AppData\Local\Temp\EW9F90.tmp
#        (C:\Users\HZM\Desktop\program\p005\EWARM\p005\Obj\gpio.o
#        C:\Users\HZM\Desktop\program\p005\EWARM\p005\Obj\main.o
#        C:\Users\HZM\Desktop\program\p005\EWARM\p005\Obj\startup_stm32f103xb.o
#        C:\Users\HZM\Desktop\program\p005\EWARM\p005\Obj\stm32f1xx_hal.o
#        C:\Users\HZM\Desktop\program\p005\EWARM\p005\Obj\stm32f1xx_hal_cortex.o
#        C:\Users\HZM\Desktop\program\p005\EWARM\p005\Obj\stm32f1xx_hal_dma.o
#        C:\Users\HZM\Desktop\program\p005\EWARM\p005\Obj\stm32f1xx_hal_flash.o
#        C:\Users\HZM\Desktop\program\p005\EWARM\p005\Obj\stm32f1xx_hal_flash_ex.o
#        C:\Users\HZM\Desktop\program\p005\EWARM\p005\Obj\stm32f1xx_hal_gpio.o
#        C:\Users\HZM\Desktop\program\p005\EWARM\p005\Obj\stm32f1xx_hal_gpio_ex.o
#        C:\Users\HZM\Desktop\program\p005\EWARM\p005\Obj\stm32f1xx_hal_msp.o
#        C:\Users\HZM\Desktop\program\p005\EWARM\p005\Obj\stm32f1xx_hal_pwr.o
#        C:\Users\HZM\Desktop\program\p005\EWARM\p005\Obj\stm32f1xx_hal_rcc.o
#        C:\Users\HZM\Desktop\program\p005\EWARM\p005\Obj\stm32f1xx_hal_rcc_ex.o
#        C:\Users\HZM\Desktop\program\p005\EWARM\p005\Obj\stm32f1xx_hal_tim.o
#        C:\Users\HZM\Desktop\program\p005\EWARM\p005\Obj\stm32f1xx_hal_tim_ex.o
#        C:\Users\HZM\Desktop\program\p005\EWARM\p005\Obj\stm32f1xx_hal_uart.o
#        C:\Users\HZM\Desktop\program\p005\EWARM\p005\Obj\stm32f1xx_it.o
#        C:\Users\HZM\Desktop\program\p005\EWARM\p005\Obj\system_stm32f1xx.o
#        C:\Users\HZM\Desktop\program\p005\EWARM\p005\Obj\usart.o --redirect
#        _Printf=_PrintfFull --redirect _Scanf=_ScanfFull -o
#        C:\Users\HZM\Desktop\program\p005\EWARM\p005\Exe\p005.out --map
#        C:\Users\HZM\Desktop\program\p005\EWARM\p005\List\p005.map --config
#        C:\Users\HZM\Desktop\program\p005\EWARM/stm32f103xb_flash.icf
#        --semihosting --entry __iar_program_start --vfe --text_out locale)
#
###############################################################################

*******************************************************************************
*** RUNTIME MODEL ATTRIBUTES
***

CppFlavor       = *
__SystemLibrary = DLib
__dlib_version  = 6


*******************************************************************************
*** HEAP SELECTION
***

The basic heap was selected because no calls to memory allocation
functions were found in the application outside of system library
functions, and there are calls to deallocation functions in the
application.


*******************************************************************************
*** PLACEMENT SUMMARY
***

"A0":  place at 0x08000000 { ro section .intvec };
"P1":  place in [from 0x08000000 to 0x0801ffff] { ro };
define block CSTACK with size = 1K, alignment = 8 { };
define block HEAP with size = 512, alignment = 8 { };
"P2":  place in [from 0x20000000 to 0x20004fff] {
          rw, block CSTACK, block HEAP };
initialize by copy { rw };

  Section            Kind        Address    Size  Object
  -------            ----        -------    ----  ------
"A0":                                       0xec
  .intvec            ro code  0x08000000    0xec  startup_stm32f103xb.o [1]
                            - 0x080000ec    0xec

"P1":                                     0x128a
  .text              ro code  0x080000ec   0x4f6  stm32f1xx_hal_rcc.o [1]
  .text              ro code  0x080005e4     0xc  stm32f1xx_hal.o [1]
  .text              ro code  0x080005f0    0x40  stm32f1xx_hal.o [1]
  .text              ro code  0x08000630    0xc8  stm32f1xx_hal_cortex.o [1]
  .text              ro code  0x080006f8   0x494  stm32f1xx_hal_uart.o [1]
  .text              ro code  0x08000b8c    0xf4  usart.o [1]
  .text              ro code  0x08000c80    0xb8  stm32f1xx_hal_dma.o [1]
  .text              ro code  0x08000d38     0x2  stm32f1xx_hal_uart.o [1]
  .text              ro code  0x08000d3a     0x2  stm32f1xx_hal_uart.o [1]
  .text              ro code  0x08000d3c     0x2  stm32f1xx_hal_uart.o [1]
  .text              ro code  0x08000d40    0xe8  main.o [1]
  .text              ro code  0x08000e28     0x6  ABImemclr4.o [4]
  .text              ro code  0x08000e30   0x1d8  stm32f1xx_hal_gpio.o [1]
  .text              ro code  0x08001008    0x24  stm32f1xx_hal.o [1]
  .text              ro code  0x0800102c    0x8c  gpio.o [1]
  .text              ro code  0x080010b8    0x28  stm32f1xx_hal.o [1]
  .text              ro code  0x080010e0    0x32  ABImemset48.o [4]
  .text              ro code  0x08001114    0x44  stm32f1xx_hal_msp.o [1]
  .text              ro code  0x08001158    0x5c  system_stm32f1xx.o [1]
  .text              ro code  0x080011b4    0x38  packbits_init_single.o [4]
  .text              ro code  0x080011ec    0x28  data_init.o [4]
  .iar.init_table    const    0x08001214    0x10  - Linker created -
  .text              ro code  0x08001224    0x20  stm32f1xx_it.o [1]
  .text              ro code  0x08001244    0x10  stm32f1xx_hal.o [1]
  .text              ro code  0x08001254    0x1e  cmain.o [4]
  .text              ro code  0x08001272     0x4  low_level_init.o [3]
  .text              ro code  0x08001276     0x4  exit.o [3]
  .text              ro code  0x0800127c     0xa  cexit.o [4]
  .text              ro code  0x08001288    0x14  exit.o [5]
  .text              ro code  0x0800129c    0x10  startup_stm32f103xb.o [1]
  .text              ro code  0x080012ac     0xc  cstartup_M.o [4]
  .rodata            const    0x080012b8     0x8  system_stm32f1xx.o [1]
  .text              ro code  0x080012c0     0x4  startup_stm32f103xb.o [1]
  .text              ro code  0x080012c4     0x4  startup_stm32f103xb.o [1]
  .text              ro code  0x080012c8     0x4  startup_stm32f103xb.o [1]
  .text              ro code  0x080012cc     0x4  startup_stm32f103xb.o [1]
  .text              ro code  0x080012d0     0x4  startup_stm32f103xb.o [1]
  .text              ro code  0x080012d4     0x4  startup_stm32f103xb.o [1]
  .text              ro code  0x080012d8     0x4  startup_stm32f103xb.o [1]
  .text              ro code  0x080012dc     0x4  startup_stm32f103xb.o [1]
  .text              ro code  0x080012e0     0x4  startup_stm32f103xb.o [1]
  .text              ro code  0x080012e4     0x4  startup_stm32f103xb.o [1]
  .text              ro code  0x080012e8     0x4  startup_stm32f103xb.o [1]
  .text              ro code  0x080012ec     0x4  startup_stm32f103xb.o [1]
  .text              ro code  0x080012f0     0x4  startup_stm32f103xb.o [1]
  .text              ro code  0x080012f4     0x4  startup_stm32f103xb.o [1]
  .text              ro code  0x080012f8     0x4  startup_stm32f103xb.o [1]
  .text              ro code  0x080012fc     0x4  startup_stm32f103xb.o [1]
  .text              ro code  0x08001300     0x4  startup_stm32f103xb.o [1]
  .text              ro code  0x08001304     0x4  startup_stm32f103xb.o [1]
  .text              ro code  0x08001308     0x4  startup_stm32f103xb.o [1]
  .text              ro code  0x0800130c     0x4  startup_stm32f103xb.o [1]
  .text              ro code  0x08001310     0x4  startup_stm32f103xb.o [1]
  .text              ro code  0x08001314     0x4  startup_stm32f103xb.o [1]
  .text              ro code  0x08001318     0x4  startup_stm32f103xb.o [1]
  .text              ro code  0x0800131c     0x4  startup_stm32f103xb.o [1]
  .text              ro code  0x08001320     0x4  startup_stm32f103xb.o [1]
  .text              ro code  0x08001324     0x4  startup_stm32f103xb.o [1]
  .text              ro code  0x08001328     0x4  startup_stm32f103xb.o [1]
  .text              ro code  0x0800132c     0x4  startup_stm32f103xb.o [1]
  .text              ro code  0x08001330     0x4  startup_stm32f103xb.o [1]
  .text              ro code  0x08001334     0x4  startup_stm32f103xb.o [1]
  .text              ro code  0x08001338     0x4  startup_stm32f103xb.o [1]
  .text              ro code  0x0800133c     0x4  startup_stm32f103xb.o [1]
  .text              ro code  0x08001340     0x4  startup_stm32f103xb.o [1]
  .text              ro code  0x08001344     0x4  startup_stm32f103xb.o [1]
  .text              ro code  0x08001348     0x4  startup_stm32f103xb.o [1]
  .text              ro code  0x0800134c     0x4  startup_stm32f103xb.o [1]
  .text              ro code  0x08001350     0x4  startup_stm32f103xb.o [1]
  .text              ro code  0x08001354     0x4  startup_stm32f103xb.o [1]
  .text              ro code  0x08001358     0x4  startup_stm32f103xb.o [1]
  .text              ro code  0x0800135c     0x4  startup_stm32f103xb.o [1]
  .text              ro code  0x08001360     0x4  startup_stm32f103xb.o [1]
  .text              ro code  0x08001364     0x4  startup_stm32f103xb.o [1]
  .rodata            const    0x08001368     0x0  packbits_init_single.o [4]
  Initializer bytes  const    0x08001368     0xe  <for P2-1>
                            - 0x08001376  0x128a

"P2", part 1 of 2:                          0x50
  P2-1                        0x20000000    0x50  <Init block>
    .data            inited   0x20000000     0xc  stm32f1xx_hal.o [1]
    .data            inited   0x2000000c     0x4  system_stm32f1xx.o [1]
    .bss             inited   0x20000010    0x40  usart.o [1]
                            - 0x20000050    0x50

"P2", part 2 of 2:                         0x400
  CSTACK                      0x20000050   0x400  <Block>
    CSTACK           uninit   0x20000050   0x400  <Block tail>
                            - 0x20000450   0x400


*******************************************************************************
*** INIT TABLE
***

          Address     Size
          -------     ----
Copy/packbits (__iar_packbits_init_single3)
    1 source range, total size 0xe (17% of destination):
          0x08001368   0xe
    1 destination range, total size 0x50:
          0x20000000  0x50



*******************************************************************************
*** MODULE SUMMARY
***

    Module                  ro code  ro data  rw data
    ------                  -------  -------  -------
C:\Users\HZM\Desktop\program\p005\EWARM\p005\Obj: [1]
    gpio.o                      140
    main.o                      232
    startup_stm32f103xb.o       420
    stm32f1xx_hal.o             168        2       12
    stm32f1xx_hal_cortex.o      200
    stm32f1xx_hal_dma.o         184
    stm32f1xx_hal_gpio.o        472
    stm32f1xx_hal_msp.o          68
    stm32f1xx_hal_rcc.o       1 270
    stm32f1xx_hal_uart.o      1 178
    stm32f1xx_it.o               32
    system_stm32f1xx.o           92        8        4
    usart.o                     244       12       64
    -------------------------------------------------
    Total:                    4 700       22       80

command line: [2]
    -------------------------------------------------
    Total:

dl7M_tlf.a: [3]
    exit.o                        4
    low_level_init.o              4
    -------------------------------------------------
    Total:                        8

rt7M_tl.a: [4]
    ABImemclr4.o                  6
    ABImemset48.o                50
    cexit.o                      10
    cmain.o                      30
    cstartup_M.o                 12
    data_init.o                  40
    packbits_init_single.o       56
    -------------------------------------------------
    Total:                      204

shb_l.a: [5]
    exit.o                       20
    -------------------------------------------------
    Total:                       20

    Gaps                         12
    Linker created                        16    1 024
-----------------------------------------------------
    Grand Total:              4 944       38    1 104


*******************************************************************************
*** ENTRY LIST
***

Entry                      Address   Size  Type      Object
-----                      -------   ----  ----      ------
.iar.init_table$$Base   0x08001214          --   Gb  - Linker created -
.iar.init_table$$Limit  0x08001224          --   Gb  - Linker created -
?main                   0x08001255         Code  Gb  cmain.o [4]
AHBPrescTable           0x080011a4   0x10  Data  Gb  system_stm32f1xx.o [1]
APBPrescTable           0x080012b8    0x8  Data  Gb  system_stm32f1xx.o [1]
BusFault_Handler        0x0800122b    0x2  Code  Gb  stm32f1xx_it.o [1]
CSTACK$$Base            0x20000050          --   Gb  - Linker created -
CSTACK$$Limit           0x20000450          --   Gb  - Linker created -
DebugMon_Handler        0x08001231    0x2  Code  Gb  stm32f1xx_it.o [1]
Error_Handler           0x08000e0d    0x2  Code  Gb  main.o [1]
HAL_DMA_Abort_IT        0x08000c81   0x9a  Code  Gb  stm32f1xx_hal_dma.o [1]
HAL_Delay               0x080010b9   0x28  Code  Wk  stm32f1xx_hal.o [1]
HAL_GPIO_Init           0x08000e31  0x182  Code  Gb  stm32f1xx_hal_gpio.o [1]
HAL_GPIO_ReadPin        0x08000fb3    0xc  Code  Gb  stm32f1xx_hal_gpio.o [1]
HAL_GPIO_TogglePin      0x08000fcb    0x8  Code  Gb  stm32f1xx_hal_gpio.o [1]
HAL_GPIO_WritePin       0x08000fbf    0xc  Code  Gb  stm32f1xx_hal_gpio.o [1]
HAL_GetTick             0x080005e5    0xc  Code  Wk  stm32f1xx_hal.o [1]
HAL_IncTick             0x08001245   0x10  Code  Wk  stm32f1xx_hal.o [1]
HAL_Init                0x08001009   0x20  Code  Gb  stm32f1xx_hal.o [1]
HAL_InitTick            0x080005f1   0x40  Code  Wk  stm32f1xx_hal.o [1]
HAL_MspInit             0x08001115   0x44  Code  Gb  stm32f1xx_hal_msp.o [1]
HAL_NVIC_EnableIRQ      0x080006a3    0xa  Code  Gb  stm32f1xx_hal_cortex.o [1]
HAL_NVIC_SetPriority    0x08000669   0x3a  Code  Gb  stm32f1xx_hal_cortex.o [1]
HAL_NVIC_SetPriorityGrouping
                        0x0800064f   0x1a  Code  Gb  stm32f1xx_hal_cortex.o [1]
HAL_RCC_ClockConfig     0x08000409  0x126  Code  Gb  stm32f1xx_hal_rcc.o [1]
HAL_RCC_GetPCLK1Freq    0x08000581   0x10  Code  Gb  stm32f1xx_hal_rcc.o [1]
HAL_RCC_GetPCLK2Freq    0x08000591    0xe  Code  Gb  stm32f1xx_hal_rcc.o [1]
HAL_RCC_GetSysClockFreq
                        0x08000545   0x3c  Code  Gb  stm32f1xx_hal_rcc.o [1]
HAL_RCC_GetSysClockFreq::aPLLMULFactorTable
                        0x080005d0   0x10  Data  Lc  stm32f1xx_hal_rcc.o [1]
HAL_RCC_GetSysClockFreq::aPredivFactorTable
                        0x080005e0    0x2  Data  Lc  stm32f1xx_hal_rcc.o [1]
HAL_RCC_OscConfig       0x080000ed  0x314  Code  Gb  stm32f1xx_hal_rcc.o [1]
HAL_SYSTICK_Config      0x080006b7   0x28  Code  Gb  stm32f1xx_hal_cortex.o [1]
HAL_UART_IRQHandler     0x0800082f  0x152  Code  Gb  stm32f1xx_hal_uart.o [1]
HAL_UART_Init           0x080006f9   0x1e  Code  Gb  stm32f1xx_hal_uart.o [1]
HAL_UART_MspInit        0x08000bbd   0x7c  Code  Gb  usart.o [1]
HAL_UART_Transmit       0x08000771   0xaa  Code  Gb  stm32f1xx_hal_uart.o [1]
HardFault_Handler       0x08001227    0x2  Code  Gb  stm32f1xx_it.o [1]
MX_GPIO_Init            0x0800102d   0x84  Code  Gb  gpio.o [1]
MX_USART1_UART_Init     0x08000b8d   0x30  Code  Gb  usart.o [1]
MemManage_Handler       0x08001229    0x2  Code  Gb  stm32f1xx_it.o [1]
NMI_Handler             0x08001225    0x2  Code  Gb  stm32f1xx_it.o [1]
NVIC_SetPriority        0x08000631   0x1e  Code  Lc  stm32f1xx_hal_cortex.o [1]
PendSV_Handler          0x08001233    0x2  Code  Gb  stm32f1xx_it.o [1]
Region$$Table$$Base     0x08001214          --   Gb  - Linker created -
Region$$Table$$Limit    0x08001224          --   Gb  - Linker created -
SVC_Handler             0x0800122f    0x2  Code  Gb  stm32f1xx_it.o [1]
SysTick_Handler         0x08001235    0x4  Code  Gb  stm32f1xx_it.o [1]
SystemClock_Config      0x08000db5   0x58  Code  Gb  main.o [1]
SystemCoreClock         0x2000000c    0x4  Data  Gb  system_stm32f1xx.o [1]
SystemInit              0x08001159   0x3a  Code  Gb  system_stm32f1xx.o [1]
UART_DMAAbortOnError    0x08000a01    0xc  Code  Lc  stm32f1xx_hal_uart.o [1]
UART_EndRxTransfer      0x080009e5   0x1c  Code  Lc  stm32f1xx_hal_uart.o [1]
UART_Receive_IT         0x08000a0d   0x96  Code  Lc  stm32f1xx_hal_uart.o [1]
UART_SetConfig          0x08000aa3   0xde  Code  Lc  stm32f1xx_hal_uart.o [1]
UART_WaitOnFlagUntilTimeout
                        0x08000981   0x56  Code  Lc  stm32f1xx_hal_uart.o [1]
USART1_IRQHandler       0x08001239    0x6  Code  Gb  stm32f1xx_it.o [1]
UsageFault_Handler      0x0800122d    0x2  Code  Gb  stm32f1xx_it.o [1]
__aeabi_memclr4         0x08000e29         Code  Gb  ABImemclr4.o [4]
__cmain                 0x08001255         Code  Gb  cmain.o [4]
__exit                  0x08001289   0x14  Code  Gb  exit.o [5]
__iar_Memset4_word      0x080010e1         Code  Gb  ABImemset48.o [4]
__iar_Memset8_word      0x080010e1         Code  Gb  ABImemset48.o [4]
__iar_data_init3        0x080011ed   0x28  Code  Gb  data_init.o [4]
__iar_packbits_init_single3
                        0x080011b5   0x38  Code  Gb  packbits_init_single.o [4]
__iar_program_start     0x080012ad         Code  Gb  cstartup_M.o [4]
__iar_systems$$module {Abs}
                        0x00000001         Data  Gb  command line/config [2]
__low_level_init        0x08001273    0x4  Code  Gb  low_level_init.o [3]
__vector_table          0x08000000         Data  Gb  startup_stm32f103xb.o [1]
_call_main              0x08001261         Code  Gb  cmain.o [4]
_exit                   0x0800127d         Code  Gb  cexit.o [4]
_main                   0x0800126f         Code  Gb  cmain.o [4]
exit                    0x08001277    0x4  Code  Gb  exit.o [3]
huart1                  0x20000010   0x40  Data  Gb  usart.o [1]
main                    0x08000d41   0x5a  Code  Gb  main.o [1]
uprintf                 0x08000c39   0x30  Code  Gb  usart.o [1]
uwTick                  0x20000004    0x4  Data  Gb  stm32f1xx_hal.o [1]
uwTickFreq              0x20000000    0x1  Data  Gb  stm32f1xx_hal.o [1]
uwTickPrio              0x20000008    0x4  Data  Gb  stm32f1xx_hal.o [1]


[1] = C:\Users\HZM\Desktop\program\p005\EWARM\p005\Obj
[2] = command line
[3] = dl7M_tlf.a
[4] = rt7M_tl.a
[5] = shb_l.a

  4 944 bytes of readonly  code memory
     38 bytes of readonly  data memory
  1 104 bytes of readwrite data memory

Errors: none
Warnings: none
