###############################################################################
#
# IAR ELF Linker V8.22.1.15669/W32 for ARM                18/Jul/2019  20:23:10
# Copyright 2007-2018 IAR Systems AB.
#
#    Output file  =  C:\Users\HZM\Desktop\program\p011\EWARM\p011\Exe\p011.out
#    Map file     =  C:\Users\HZM\Desktop\program\p011\EWARM\p011\List\p011.map
#    Command line =  
#        -f C:\Users\HZM\AppData\Local\Temp\EW727.tmp
#        (C:\Users\HZM\Desktop\program\p011\EWARM\p011\Obj\gpio.o
#        C:\Users\HZM\Desktop\program\p011\EWARM\p011\Obj\main.o
#        C:\Users\HZM\Desktop\program\p011\EWARM\p011\Obj\startup_stm32f103xb.o
#        C:\Users\HZM\Desktop\program\p011\EWARM\p011\Obj\stm32f1xx_hal.o
#        C:\Users\HZM\Desktop\program\p011\EWARM\p011\Obj\stm32f1xx_hal_cortex.o
#        C:\Users\HZM\Desktop\program\p011\EWARM\p011\Obj\stm32f1xx_hal_dma.o
#        C:\Users\HZM\Desktop\program\p011\EWARM\p011\Obj\stm32f1xx_hal_flash.o
#        C:\Users\HZM\Desktop\program\p011\EWARM\p011\Obj\stm32f1xx_hal_flash_ex.o
#        C:\Users\HZM\Desktop\program\p011\EWARM\p011\Obj\stm32f1xx_hal_gpio.o
#        C:\Users\HZM\Desktop\program\p011\EWARM\p011\Obj\stm32f1xx_hal_gpio_ex.o
#        C:\Users\HZM\Desktop\program\p011\EWARM\p011\Obj\stm32f1xx_hal_msp.o
#        C:\Users\HZM\Desktop\program\p011\EWARM\p011\Obj\stm32f1xx_hal_pwr.o
#        C:\Users\HZM\Desktop\program\p011\EWARM\p011\Obj\stm32f1xx_hal_rcc.o
#        C:\Users\HZM\Desktop\program\p011\EWARM\p011\Obj\stm32f1xx_hal_rcc_ex.o
#        C:\Users\HZM\Desktop\program\p011\EWARM\p011\Obj\stm32f1xx_hal_tim.o
#        C:\Users\HZM\Desktop\program\p011\EWARM\p011\Obj\stm32f1xx_hal_tim_ex.o
#        C:\Users\HZM\Desktop\program\p011\EWARM\p011\Obj\stm32f1xx_hal_uart.o
#        C:\Users\HZM\Desktop\program\p011\EWARM\p011\Obj\stm32f1xx_it.o
#        C:\Users\HZM\Desktop\program\p011\EWARM\p011\Obj\system_stm32f1xx.o
#        C:\Users\HZM\Desktop\program\p011\EWARM\p011\Obj\tim.o
#        C:\Users\HZM\Desktop\program\p011\EWARM\p011\Obj\usart.o --redirect
#        _Printf=_PrintfFull --redirect _Scanf=_ScanfFull -o
#        C:\Users\HZM\Desktop\program\p011\EWARM\p011\Exe\p011.out --map
#        C:\Users\HZM\Desktop\program\p011\EWARM\p011\List\p011.map --config
#        C:\Users\HZM\Desktop\program\p011\EWARM/stm32f103xb_flash.icf
#        --semihosting --entry __iar_program_start --vfe --text_out locale)
#
###############################################################################

*******************************************************************************
*** RUNTIME MODEL ATTRIBUTES
***

CppFlavor       = *
__SystemLibrary = DLib
__dlib_version  = 6


*******************************************************************************
*** HEAP SELECTION
***

The basic heap was selected because no calls to memory allocation
functions were found in the application outside of system library
functions, and there are calls to deallocation functions in the
application.


*******************************************************************************
*** PLACEMENT SUMMARY
***

"A0":  place at 0x08000000 { ro section .intvec };
"P1":  place in [from 0x08000000 to 0x0801ffff] { ro };
define block CSTACK with size = 1K, alignment = 8 { };
define block HEAP with size = 512, alignment = 8 { };
"P2":  place in [from 0x20000000 to 0x20004fff] {
          rw, block CSTACK, block HEAP };
initialize by copy { rw };

  Section            Kind        Address    Size  Object
  -------            ----        -------    ----  ------
"A0":                                       0xec
  .intvec            ro code  0x08000000    0xec  startup_stm32f103xb.o [1]
                            - 0x080000ec    0xec

"P1":                                     0x19a4
  .text              ro code  0x080000ec   0x5b6  stm32f1xx_hal_tim.o [1]
  .text              ro code  0x080006a4   0x244  tim.o [1]
  .text              ro code  0x080008e8     0x2  stm32f1xx_hal_tim.o [1]
  .text              ro code  0x080008ea     0x2  stm32f1xx_hal_tim.o [1]
  .text              ro code  0x080008ec     0x2  stm32f1xx_hal_tim.o [1]
  .text              ro code  0x080008ee     0x2  stm32f1xx_hal_tim.o [1]
  .text              ro code  0x080008f0     0x2  stm32f1xx_hal_tim_ex.o [1]
  .text              ro code  0x080008f2     0x2  stm32f1xx_hal_tim.o [1]
  .text              ro code  0x080008f4     0x2  stm32f1xx_hal_tim_ex.o [1]
  .text              ro code  0x080008f6     0x2  stm32f1xx_hal_tim.o [1]
  .text              ro code  0x080008f8    0x82  main.o [1]
  .text              ro code  0x0800097c     0x6  ABImemclr4.o [4]
  .text              ro code  0x08000984    0x4a  stm32f1xx_hal_tim_ex.o [1]
  .text              ro code  0x080009d0   0x1da  stm32f1xx_hal_gpio.o [1]
  .text              ro code  0x08000bac    0xc8  stm32f1xx_hal_cortex.o [1]
  .text              ro code  0x08000c74    0x24  stm32f1xx_hal.o [1]
  .text              ro code  0x08000c98    0xb4  gpio.o [1]
  .text              ro code  0x08000d4c    0xbc  usart.o [1]
  .text              ro code  0x08000e08   0x4f6  stm32f1xx_hal_rcc.o [1]
  .text              ro code  0x08001300    0x32  ABImemset48.o [4]
  .text              ro code  0x08001334    0x40  stm32f1xx_hal.o [1]
  .text              ro code  0x08001374    0x48  stm32f1xx_hal_msp.o [1]
  .text              ro code  0x080013bc   0x380  stm32f1xx_hal_uart.o [1]
  .text              ro code  0x0800173c     0xc  stm32f1xx_hal.o [1]
  .text              ro code  0x08001748    0xb8  stm32f1xx_hal_dma.o [1]
  .text              ro code  0x08001800     0x2  stm32f1xx_hal_uart.o [1]
  .text              ro code  0x08001802     0x2  stm32f1xx_hal_uart.o [1]
  .text              ro code  0x08001804     0x2  stm32f1xx_hal_uart.o [1]
  .text              ro code  0x08001808    0x5c  system_stm32f1xx.o [1]
  .text              ro code  0x08001864    0x4a  stm32f1xx_it.o [1]
  .text              ro code  0x080018b0    0x10  stm32f1xx_hal.o [1]
  .text              ro code  0x080018c0    0x40  zero_init3.o [4]
  .text              ro code  0x08001900    0x2c  copy_init3.o [4]
  .text              ro code  0x0800192c    0x28  data_init.o [4]
  .iar.init_table    const    0x08001954    0x24  - Linker created -
  .text              ro code  0x08001978    0x1e  cmain.o [4]
  .text              ro code  0x08001996     0x4  low_level_init.o [3]
  .text              ro code  0x0800199a     0x4  exit.o [3]
  .text              ro code  0x080019a0     0xa  cexit.o [4]
  .text              ro code  0x080019ac    0x14  exit.o [5]
  .text              ro code  0x080019c0    0x10  startup_stm32f103xb.o [1]
  Initializer bytes  const    0x080019d0    0x10  <for P2-1>
  .text              ro code  0x080019e0     0xc  cstartup_M.o [4]
  .rodata            const    0x080019ec     0x8  system_stm32f1xx.o [1]
  .text              ro code  0x080019f4     0x4  startup_stm32f103xb.o [1]
  .text              ro code  0x080019f8     0x4  startup_stm32f103xb.o [1]
  .text              ro code  0x080019fc     0x4  startup_stm32f103xb.o [1]
  .text              ro code  0x08001a00     0x4  startup_stm32f103xb.o [1]
  .text              ro code  0x08001a04     0x4  startup_stm32f103xb.o [1]
  .text              ro code  0x08001a08     0x4  startup_stm32f103xb.o [1]
  .text              ro code  0x08001a0c     0x4  startup_stm32f103xb.o [1]
  .text              ro code  0x08001a10     0x4  startup_stm32f103xb.o [1]
  .text              ro code  0x08001a14     0x4  startup_stm32f103xb.o [1]
  .text              ro code  0x08001a18     0x4  startup_stm32f103xb.o [1]
  .text              ro code  0x08001a1c     0x4  startup_stm32f103xb.o [1]
  .text              ro code  0x08001a20     0x4  startup_stm32f103xb.o [1]
  .text              ro code  0x08001a24     0x4  startup_stm32f103xb.o [1]
  .text              ro code  0x08001a28     0x4  startup_stm32f103xb.o [1]
  .text              ro code  0x08001a2c     0x4  startup_stm32f103xb.o [1]
  .text              ro code  0x08001a30     0x4  startup_stm32f103xb.o [1]
  .text              ro code  0x08001a34     0x4  startup_stm32f103xb.o [1]
  .text              ro code  0x08001a38     0x4  startup_stm32f103xb.o [1]
  .text              ro code  0x08001a3c     0x4  startup_stm32f103xb.o [1]
  .text              ro code  0x08001a40     0x4  startup_stm32f103xb.o [1]
  .text              ro code  0x08001a44     0x4  startup_stm32f103xb.o [1]
  .text              ro code  0x08001a48     0x4  startup_stm32f103xb.o [1]
  .text              ro code  0x08001a4c     0x4  startup_stm32f103xb.o [1]
  .text              ro code  0x08001a50     0x4  startup_stm32f103xb.o [1]
  .text              ro code  0x08001a54     0x4  startup_stm32f103xb.o [1]
  .text              ro code  0x08001a58     0x4  startup_stm32f103xb.o [1]
  .text              ro code  0x08001a5c     0x4  startup_stm32f103xb.o [1]
  .text              ro code  0x08001a60     0x4  startup_stm32f103xb.o [1]
  .text              ro code  0x08001a64     0x4  startup_stm32f103xb.o [1]
  .text              ro code  0x08001a68     0x4  startup_stm32f103xb.o [1]
  .text              ro code  0x08001a6c     0x4  startup_stm32f103xb.o [1]
  .text              ro code  0x08001a70     0x4  startup_stm32f103xb.o [1]
  .text              ro code  0x08001a74     0x4  startup_stm32f103xb.o [1]
  .text              ro code  0x08001a78     0x4  startup_stm32f103xb.o [1]
  .text              ro code  0x08001a7c     0x4  startup_stm32f103xb.o [1]
  .text              ro code  0x08001a80     0x4  startup_stm32f103xb.o [1]
  .text              ro code  0x08001a84     0x4  startup_stm32f103xb.o [1]
  .text              ro code  0x08001a88     0x4  startup_stm32f103xb.o [1]
  .text              ro code  0x08001a8c     0x4  startup_stm32f103xb.o [1]
  .rodata            const    0x08001a90     0x0  zero_init3.o [4]
  .rodata            const    0x08001a90     0x0  copy_init3.o [4]
                            - 0x08001a90  0x19a4

"P2", part 1 of 3:                          0x10
  P2-1                        0x20000000    0x10  <Init block>
    .data            inited   0x20000000     0xc  stm32f1xx_hal.o [1]
    .data            inited   0x2000000c     0x4  system_stm32f1xx.o [1]
                            - 0x20000010    0x10

"P2", part 2 of 3:                          0xc0
  .bss               zero     0x20000010    0x40  tim.o [1]
  .bss               zero     0x20000050    0x40  tim.o [1]
  .bss               zero     0x20000090    0x40  usart.o [1]
                            - 0x200000d0    0xc0

"P2", part 3 of 3:                         0x400
  CSTACK                      0x200000d0   0x400  <Block>
    CSTACK           uninit   0x200000d0   0x400  <Block tail>
                            - 0x200004d0   0x400


*******************************************************************************
*** INIT TABLE
***

          Address     Size
          -------     ----
Zero (__iar_zero_init3)
    1 destination range, total size 0xc0:
          0x20000010  0xc0

Copy (__iar_copy_init3)
    1 source range, total size 0x10:
          0x080019d0  0x10
    1 destination range, total size 0x10:
          0x20000000  0x10



*******************************************************************************
*** MODULE SUMMARY
***

    Module                  ro code  ro data  rw data
    ------                  -------  -------  -------
C:\Users\HZM\Desktop\program\p011\EWARM\p011\Obj: [1]
    gpio.o                      180
    main.o                      130
    startup_stm32f103xb.o       408
    stm32f1xx_hal.o             128       12       12
    stm32f1xx_hal_cortex.o      200
    stm32f1xx_hal_dma.o         184
    stm32f1xx_hal_gpio.o        474
    stm32f1xx_hal_msp.o          72
    stm32f1xx_hal_rcc.o       1 270
    stm32f1xx_hal_tim.o       1 474
    stm32f1xx_hal_tim_ex.o       78
    stm32f1xx_hal_uart.o        902
    stm32f1xx_it.o               74
    system_stm32f1xx.o           92       12        4
    tim.o                       580               128
    usart.o                     188                64
    -------------------------------------------------
    Total:                    6 434       24      208

command line: [2]
    -------------------------------------------------
    Total:

dl7M_tlf.a: [3]
    exit.o                        4
    low_level_init.o              4
    -------------------------------------------------
    Total:                        8

rt7M_tl.a: [4]
    ABImemclr4.o                  6
    ABImemset48.o                50
    cexit.o                      10
    cmain.o                      30
    copy_init3.o                 44
    cstartup_M.o                 12
    data_init.o                  40
    zero_init3.o                 64
    -------------------------------------------------
    Total:                      256

shb_l.a: [5]
    exit.o                       20
    -------------------------------------------------
    Total:                       20

    Gaps                         22
    Linker created                        36    1 024
-----------------------------------------------------
    Grand Total:              6 740       60    1 232


*******************************************************************************
*** ENTRY LIST
***

Entry                      Address   Size  Type      Object
-----                      -------   ----  ----      ------
.iar.init_table$$Base   0x08001954          --   Gb  - Linker created -
.iar.init_table$$Limit  0x08001978          --   Gb  - Linker created -
?main                   0x08001979         Code  Gb  cmain.o [4]
AHBPrescTable           0x08001854   0x10  Data  Gb  system_stm32f1xx.o [1]
APBPrescTable           0x080019ec    0x8  Data  Gb  system_stm32f1xx.o [1]
BusFault_Handler        0x0800186b    0x2  Code  Gb  stm32f1xx_it.o [1]
CSTACK$$Base            0x200000d0          --   Gb  - Linker created -
CSTACK$$Limit           0x200004d0          --   Gb  - Linker created -
DebugMon_Handler        0x08001871    0x2  Code  Gb  stm32f1xx_it.o [1]
EXTI15_10_IRQHandler    0x08001899   0x16  Code  Gb  stm32f1xx_it.o [1]
Error_Handler           0x08000979    0x2  Code  Gb  main.o [1]
HAL_DMA_Abort_IT        0x08001749   0x9a  Code  Gb  stm32f1xx_hal_dma.o [1]
HAL_GPIO_EXTI_IRQHandler
                        0x08000b5f   0x10  Code  Gb  stm32f1xx_hal_gpio.o [1]
HAL_GPIO_Init           0x080009d1  0x182  Code  Gb  stm32f1xx_hal_gpio.o [1]
HAL_GPIO_WritePin       0x08000b53    0xc  Code  Gb  stm32f1xx_hal_gpio.o [1]
HAL_GetTick             0x0800173d    0xc  Code  Wk  stm32f1xx_hal.o [1]
HAL_IncTick             0x080018b1   0x10  Code  Wk  stm32f1xx_hal.o [1]
HAL_Init                0x08000c75   0x20  Code  Gb  stm32f1xx_hal.o [1]
HAL_InitTick            0x08001335   0x40  Code  Wk  stm32f1xx_hal.o [1]
HAL_MspInit             0x08001375   0x48  Code  Gb  stm32f1xx_hal_msp.o [1]
HAL_NVIC_EnableIRQ      0x08000c1f    0xa  Code  Gb  stm32f1xx_hal_cortex.o [1]
HAL_NVIC_SetPriority    0x08000be5   0x3a  Code  Gb  stm32f1xx_hal_cortex.o [1]
HAL_NVIC_SetPriorityGrouping
                        0x08000bcb   0x1a  Code  Gb  stm32f1xx_hal_cortex.o [1]
HAL_RCC_ClockConfig     0x08001125  0x126  Code  Gb  stm32f1xx_hal_rcc.o [1]
HAL_RCC_GetPCLK1Freq    0x0800129d   0x10  Code  Gb  stm32f1xx_hal_rcc.o [1]
HAL_RCC_GetPCLK2Freq    0x080012ad    0xe  Code  Gb  stm32f1xx_hal_rcc.o [1]
HAL_RCC_GetSysClockFreq
                        0x08001261   0x3c  Code  Gb  stm32f1xx_hal_rcc.o [1]
HAL_RCC_GetSysClockFreq::aPLLMULFactorTable
                        0x080012ec   0x10  Data  Lc  stm32f1xx_hal_rcc.o [1]
HAL_RCC_GetSysClockFreq::aPredivFactorTable
                        0x080012fc    0x2  Data  Lc  stm32f1xx_hal_rcc.o [1]
HAL_RCC_OscConfig       0x08000e09  0x314  Code  Gb  stm32f1xx_hal_rcc.o [1]
HAL_SYSTICK_Config      0x08000c33   0x28  Code  Gb  stm32f1xx_hal_cortex.o [1]
HAL_TIMEx_BreakCallback
                        0x080008f1    0x2  Code  Wk  stm32f1xx_hal_tim_ex.o [1]
HAL_TIMEx_CommutationCallback
                        0x080008f5    0x2  Code  Wk  stm32f1xx_hal_tim_ex.o [1]
HAL_TIMEx_MasterConfigSynchronization
                        0x08000985   0x4a  Code  Gb  stm32f1xx_hal_tim_ex.o [1]
HAL_TIM_Base_Init       0x080000ed   0x1a  Code  Gb  stm32f1xx_hal_tim.o [1]
HAL_TIM_Base_MspInit    0x080007af   0xb2  Code  Gb  tim.o [1]
HAL_TIM_ConfigClockSource
                        0x080003b1   0xac  Code  Gb  stm32f1xx_hal_tim.o [1]
HAL_TIM_IRQHandler      0x08000181  0x142  Code  Gb  stm32f1xx_hal_tim.o [1]
HAL_TIM_MspPostInit     0x0800086b   0x44  Code  Gb  tim.o [1]
HAL_TIM_PWM_ConfigChannel
                        0x080002c9   0xc0  Code  Gb  stm32f1xx_hal_tim.o [1]
HAL_TIM_PWM_Init        0x0800011b   0x1a  Code  Gb  stm32f1xx_hal_tim.o [1]
HAL_TIM_PWM_Start       0x08000135    0x2  Code  Gb  stm32f1xx_hal_tim.o [1]
HAL_UART_IRQHandler     0x08001441  0x152  Code  Gb  stm32f1xx_hal_uart.o [1]
HAL_UART_Init           0x080013bd   0x1e  Code  Gb  stm32f1xx_hal_uart.o [1]
HAL_UART_MspInit        0x08000d7d   0x7c  Code  Gb  usart.o [1]
HardFault_Handler       0x08001867    0x2  Code  Gb  stm32f1xx_it.o [1]
MX_GPIO_Init            0x08000c99   0xa8  Code  Gb  gpio.o [1]
MX_TIM2_Init            0x080006a5   0x64  Code  Gb  tim.o [1]
MX_TIM3_Init            0x08000709   0x98  Code  Gb  tim.o [1]
MX_USART1_UART_Init     0x08000d4d   0x30  Code  Gb  usart.o [1]
MemManage_Handler       0x08001869    0x2  Code  Gb  stm32f1xx_it.o [1]
NMI_Handler             0x08001865    0x2  Code  Gb  stm32f1xx_it.o [1]
NVIC_SetPriority        0x08000bad   0x1e  Code  Lc  stm32f1xx_hal_cortex.o [1]
PendSV_Handler          0x08001873    0x2  Code  Gb  stm32f1xx_it.o [1]
Region$$Table$$Base     0x08001954          --   Gb  - Linker created -
Region$$Table$$Limit    0x08001978          --   Gb  - Linker created -
SVC_Handler             0x0800186f    0x2  Code  Gb  stm32f1xx_it.o [1]
SysTick_Handler         0x08001875    0x4  Code  Gb  stm32f1xx_it.o [1]
SystemClock_Config      0x08000921   0x58  Code  Gb  main.o [1]
SystemCoreClock         0x2000000c    0x4  Data  Gb  system_stm32f1xx.o [1]
SystemInit              0x08001809   0x3a  Code  Gb  system_stm32f1xx.o [1]
TIM2_IRQHandler         0x08001879    0x6  Code  Gb  stm32f1xx_it.o [1]
TIM3_IRQHandler         0x0800187f    0x6  Code  Gb  stm32f1xx_it.o [1]
TIM_Base_SetConfig      0x08000487   0x5e  Code  Gb  stm32f1xx_hal_tim.o [1]
TIM_CCxChannelCmd       0x0800068b   0x12  Code  Gb  stm32f1xx_hal_tim.o [1]
TIM_ETR_SetConfig       0x08000677   0x14  Code  Lc  stm32f1xx_hal_tim.o [1]
TIM_ITRx_SetConfig      0x08000667   0x10  Code  Lc  stm32f1xx_hal_tim.o [1]
TIM_OC1_SetConfig       0x080004e5   0x44  Code  Lc  stm32f1xx_hal_tim.o [1]
TIM_OC2_SetConfig       0x08000529   0x52  Code  Gb  stm32f1xx_hal_tim.o [1]
TIM_OC3_SetConfig       0x0800057b   0x4a  Code  Lc  stm32f1xx_hal_tim.o [1]
TIM_OC4_SetConfig       0x080005d1   0x40  Code  Lc  stm32f1xx_hal_tim.o [1]
TIM_TI1_ConfigInputStage
                        0x08000625   0x1e  Code  Lc  stm32f1xx_hal_tim.o [1]
TIM_TI2_ConfigInputStage
                        0x08000643   0x24  Code  Lc  stm32f1xx_hal_tim.o [1]
UART_DMAAbortOnError    0x080015b1    0xc  Code  Lc  stm32f1xx_hal_uart.o [1]
UART_EndRxTransfer      0x08001593   0x1c  Code  Lc  stm32f1xx_hal_uart.o [1]
UART_Receive_IT         0x080015bd   0x96  Code  Lc  stm32f1xx_hal_uart.o [1]
UART_SetConfig          0x08001653   0xde  Code  Lc  stm32f1xx_hal_uart.o [1]
USART1_IRQHandler       0x08001885    0x6  Code  Gb  stm32f1xx_it.o [1]
UsageFault_Handler      0x0800186d    0x2  Code  Gb  stm32f1xx_it.o [1]
__aeabi_memclr4         0x0800097d         Code  Gb  ABImemclr4.o [4]
__cmain                 0x08001979         Code  Gb  cmain.o [4]
__exit                  0x080019ad   0x14  Code  Gb  exit.o [5]
__iar_Memset4_word      0x08001301         Code  Gb  ABImemset48.o [4]
__iar_Memset8_word      0x08001301         Code  Gb  ABImemset48.o [4]
__iar_copy_init3        0x08001901   0x2c  Code  Gb  copy_init3.o [4]
__iar_data_init3        0x0800192d   0x28  Code  Gb  data_init.o [4]
__iar_program_start     0x080019e1         Code  Gb  cstartup_M.o [4]
__iar_systems$$module {Abs}
                        0x00000001         Data  Gb  command line/config [2]
__iar_zero_init3        0x080018c1   0x40  Code  Gb  zero_init3.o [4]
__low_level_init        0x08001997    0x4  Code  Gb  low_level_init.o [3]
__vector_table          0x08000000         Data  Gb  startup_stm32f103xb.o [1]
_call_main              0x08001985         Code  Gb  cmain.o [4]
_exit                   0x080019a1         Code  Gb  cexit.o [4]
_main                   0x08001993         Code  Gb  cmain.o [4]
exit                    0x0800199b    0x4  Code  Gb  exit.o [3]
htim2                   0x20000010   0x40  Data  Gb  tim.o [1]
htim3                   0x20000050   0x40  Data  Gb  tim.o [1]
huart1                  0x20000090   0x40  Data  Gb  usart.o [1]
main                    0x080008f9   0x24  Code  Gb  main.o [1]
uwTick                  0x20000004    0x4  Data  Gb  stm32f1xx_hal.o [1]
uwTickFreq              0x20000000    0x1  Data  Gb  stm32f1xx_hal.o [1]
uwTickPrio              0x20000008    0x4  Data  Gb  stm32f1xx_hal.o [1]


[1] = C:\Users\HZM\Desktop\program\p011\EWARM\p011\Obj
[2] = command line
[3] = dl7M_tlf.a
[4] = rt7M_tl.a
[5] = shb_l.a

  6 740 bytes of readonly  code memory
     60 bytes of readonly  data memory
  1 232 bytes of readwrite data memory

Errors: none
Warnings: none
