###############################################################################
#
# IAR ELF Linker V8.22.1.15669/W32 for ARM                16/Jul/2019  15:24:58
# Copyright 2007-2018 IAR Systems AB.
#
#    Output file  =  C:\Users\HZM\Desktop\program\p002\EWARM\p002\Exe\p002.out
#    Map file     =  C:\Users\HZM\Desktop\program\p002\EWARM\p002\List\p002.map
#    Command line =  
#        -f C:\Users\HZM\AppData\Local\Temp\EW3845.tmp
#        (C:\Users\HZM\Desktop\program\p002\EWARM\p002\Obj\gpio.o
#        C:\Users\HZM\Desktop\program\p002\EWARM\p002\Obj\main.o
#        C:\Users\HZM\Desktop\program\p002\EWARM\p002\Obj\startup_stm32f103xb.o
#        C:\Users\HZM\Desktop\program\p002\EWARM\p002\Obj\stm32f1xx_hal.o
#        C:\Users\HZM\Desktop\program\p002\EWARM\p002\Obj\stm32f1xx_hal_cortex.o
#        C:\Users\HZM\Desktop\program\p002\EWARM\p002\Obj\stm32f1xx_hal_dma.o
#        C:\Users\HZM\Desktop\program\p002\EWARM\p002\Obj\stm32f1xx_hal_flash.o
#        C:\Users\HZM\Desktop\program\p002\EWARM\p002\Obj\stm32f1xx_hal_flash_ex.o
#        C:\Users\HZM\Desktop\program\p002\EWARM\p002\Obj\stm32f1xx_hal_gpio.o
#        C:\Users\HZM\Desktop\program\p002\EWARM\p002\Obj\stm32f1xx_hal_gpio_ex.o
#        C:\Users\HZM\Desktop\program\p002\EWARM\p002\Obj\stm32f1xx_hal_msp.o
#        C:\Users\HZM\Desktop\program\p002\EWARM\p002\Obj\stm32f1xx_hal_pwr.o
#        C:\Users\HZM\Desktop\program\p002\EWARM\p002\Obj\stm32f1xx_hal_rcc.o
#        C:\Users\HZM\Desktop\program\p002\EWARM\p002\Obj\stm32f1xx_hal_rcc_ex.o
#        C:\Users\HZM\Desktop\program\p002\EWARM\p002\Obj\stm32f1xx_hal_tim.o
#        C:\Users\HZM\Desktop\program\p002\EWARM\p002\Obj\stm32f1xx_hal_tim_ex.o
#        C:\Users\HZM\Desktop\program\p002\EWARM\p002\Obj\stm32f1xx_it.o
#        C:\Users\HZM\Desktop\program\p002\EWARM\p002\Obj\system_stm32f1xx.o
#        --redirect _Printf=_PrintfFull --redirect _Scanf=_ScanfFull -o
#        C:\Users\HZM\Desktop\program\p002\EWARM\p002\Exe\p002.out --map
#        C:\Users\HZM\Desktop\program\p002\EWARM\p002\List\p002.map --config
#        C:\Users\HZM\Desktop\program\p002\EWARM/stm32f103xb_flash.icf
#        --semihosting --entry __iar_program_start --vfe --text_out locale)
#
###############################################################################

*******************************************************************************
*** RUNTIME MODEL ATTRIBUTES
***

CppFlavor       = *
__SystemLibrary = DLib
__dlib_version  = 6


*******************************************************************************
*** HEAP SELECTION
***

The basic heap was selected because no calls to memory allocation
functions were found in the application outside of system library
functions, and there are calls to deallocation functions in the
application.


*******************************************************************************
*** PLACEMENT SUMMARY
***

"A0":  place at 0x08000000 { ro section .intvec };
"P1":  place in [from 0x08000000 to 0x0801ffff] { ro };
define block CSTACK with size = 1K, alignment = 8 { };
define block HEAP with size = 512, alignment = 8 { };
"P2":  place in [from 0x20000000 to 0x20004fff] {
          rw, block CSTACK, block HEAP };
initialize by copy { rw };

  Section            Kind        Address   Size  Object
  -------            ----        -------   ----  ------
"A0":                                      0xec
  .intvec            ro code  0x08000000   0xec  startup_stm32f103xb.o [1]
                            - 0x080000ec   0xec

"P1":                                     0xba8
  .text              ro code  0x080000ec  0x4ce  stm32f1xx_hal_rcc.o [1]
  .text              ro code  0x080005bc    0xc  stm32f1xx_hal.o [1]
  .text              ro code  0x080005c8   0x40  stm32f1xx_hal.o [1]
  .text              ro code  0x08000608   0xb0  stm32f1xx_hal_cortex.o [1]
  .text              ro code  0x080006b8  0x1d8  stm32f1xx_hal_gpio.o [1]
  .text              ro code  0x08000890   0xa2  main.o [1]
  .text              ro code  0x08000934   0x24  stm32f1xx_hal.o [1]
  .text              ro code  0x08000958   0x8c  gpio.o [1]
  .text              ro code  0x080009e4   0x28  stm32f1xx_hal.o [1]
  .text              ro code  0x08000a0c    0x6  ABImemclr4.o [4]
  .text              ro code  0x08000a14   0x44  stm32f1xx_hal_msp.o [1]
  .text              ro code  0x08000a58   0x32  ABImemset48.o [4]
  .text              ro code  0x08000a8c   0x5c  system_stm32f1xx.o [1]
  .text              ro code  0x08000ae8   0x2c  copy_init3.o [4]
  .text              ro code  0x08000b14   0x28  data_init.o [4]
  .iar.init_table    const    0x08000b3c   0x14  - Linker created -
  .text              ro code  0x08000b50   0x1e  cmain.o [4]
  .text              ro code  0x08000b6e    0x4  low_level_init.o [3]
  .text              ro code  0x08000b72    0x4  exit.o [3]
  .text              ro code  0x08000b78    0xa  cexit.o [4]
  .text              ro code  0x08000b84   0x14  exit.o [5]
  .text              ro code  0x08000b98   0x14  stm32f1xx_it.o [1]
  .text              ro code  0x08000bac   0x10  stm32f1xx_hal.o [1]
  .text              ro code  0x08000bbc   0x10  startup_stm32f103xb.o [1]
  Initializer bytes  const    0x08000bcc   0x10  <for P2-1>
  .text              ro code  0x08000bdc    0xc  cstartup_M.o [4]
  .text              ro code  0x08000be8    0x4  startup_stm32f103xb.o [1]
  .text              ro code  0x08000bec    0x4  startup_stm32f103xb.o [1]
  .text              ro code  0x08000bf0    0x4  startup_stm32f103xb.o [1]
  .text              ro code  0x08000bf4    0x4  startup_stm32f103xb.o [1]
  .text              ro code  0x08000bf8    0x4  startup_stm32f103xb.o [1]
  .text              ro code  0x08000bfc    0x4  startup_stm32f103xb.o [1]
  .text              ro code  0x08000c00    0x4  startup_stm32f103xb.o [1]
  .text              ro code  0x08000c04    0x4  startup_stm32f103xb.o [1]
  .text              ro code  0x08000c08    0x4  startup_stm32f103xb.o [1]
  .text              ro code  0x08000c0c    0x4  startup_stm32f103xb.o [1]
  .text              ro code  0x08000c10    0x4  startup_stm32f103xb.o [1]
  .text              ro code  0x08000c14    0x4  startup_stm32f103xb.o [1]
  .text              ro code  0x08000c18    0x4  startup_stm32f103xb.o [1]
  .text              ro code  0x08000c1c    0x4  startup_stm32f103xb.o [1]
  .text              ro code  0x08000c20    0x4  startup_stm32f103xb.o [1]
  .text              ro code  0x08000c24    0x4  startup_stm32f103xb.o [1]
  .text              ro code  0x08000c28    0x4  startup_stm32f103xb.o [1]
  .text              ro code  0x08000c2c    0x4  startup_stm32f103xb.o [1]
  .text              ro code  0x08000c30    0x4  startup_stm32f103xb.o [1]
  .text              ro code  0x08000c34    0x4  startup_stm32f103xb.o [1]
  .text              ro code  0x08000c38    0x4  startup_stm32f103xb.o [1]
  .text              ro code  0x08000c3c    0x4  startup_stm32f103xb.o [1]
  .text              ro code  0x08000c40    0x4  startup_stm32f103xb.o [1]
  .text              ro code  0x08000c44    0x4  startup_stm32f103xb.o [1]
  .text              ro code  0x08000c48    0x4  startup_stm32f103xb.o [1]
  .text              ro code  0x08000c4c    0x4  startup_stm32f103xb.o [1]
  .text              ro code  0x08000c50    0x4  startup_stm32f103xb.o [1]
  .text              ro code  0x08000c54    0x4  startup_stm32f103xb.o [1]
  .text              ro code  0x08000c58    0x4  startup_stm32f103xb.o [1]
  .text              ro code  0x08000c5c    0x4  startup_stm32f103xb.o [1]
  .text              ro code  0x08000c60    0x4  startup_stm32f103xb.o [1]
  .text              ro code  0x08000c64    0x4  startup_stm32f103xb.o [1]
  .text              ro code  0x08000c68    0x4  startup_stm32f103xb.o [1]
  .text              ro code  0x08000c6c    0x4  startup_stm32f103xb.o [1]
  .text              ro code  0x08000c70    0x4  startup_stm32f103xb.o [1]
  .text              ro code  0x08000c74    0x4  startup_stm32f103xb.o [1]
  .text              ro code  0x08000c78    0x4  startup_stm32f103xb.o [1]
  .text              ro code  0x08000c7c    0x4  startup_stm32f103xb.o [1]
  .text              ro code  0x08000c80    0x4  startup_stm32f103xb.o [1]
  .text              ro code  0x08000c84    0x4  startup_stm32f103xb.o [1]
  .text              ro code  0x08000c88    0x4  startup_stm32f103xb.o [1]
  .text              ro code  0x08000c8c    0x4  startup_stm32f103xb.o [1]
  .text              ro code  0x08000c90    0x4  startup_stm32f103xb.o [1]
  .rodata            const    0x08000c94    0x0  copy_init3.o [4]
                            - 0x08000c94  0xba8

"P2", part 1 of 2:                         0x10
  P2-1                        0x20000000   0x10  <Init block>
    .data            inited   0x20000000    0xc  stm32f1xx_hal.o [1]
    .data            inited   0x2000000c    0x4  system_stm32f1xx.o [1]
                            - 0x20000010   0x10

"P2", part 2 of 2:                        0x400
  CSTACK                      0x20000010  0x400  <Block>
    CSTACK           uninit   0x20000010  0x400  <Block tail>
                            - 0x20000410  0x400


*******************************************************************************
*** INIT TABLE
***

          Address     Size
          -------     ----
Copy (__iar_copy_init3)
    1 source range, total size 0x10:
          0x08000bcc  0x10
    1 destination range, total size 0x10:
          0x20000000  0x10



*******************************************************************************
*** MODULE SUMMARY
***

    Module                  ro code  ro data  rw data
    ------                  -------  -------  -------
C:\Users\HZM\Desktop\program\p002\EWARM\p002\Obj: [1]
    gpio.o                      140
    main.o                      162
    startup_stm32f103xb.o       424
    stm32f1xx_hal.o             168       12       12
    stm32f1xx_hal_cortex.o      176
    stm32f1xx_hal_gpio.o        472
    stm32f1xx_hal_msp.o          68
    stm32f1xx_hal_rcc.o       1 230
    stm32f1xx_it.o               20
    system_stm32f1xx.o           92        4        4
    -------------------------------------------------
    Total:                    2 952       16       16

command line: [2]
    -------------------------------------------------
    Total:

dl7M_tlf.a: [3]
    exit.o                        4
    low_level_init.o              4
    -------------------------------------------------
    Total:                        8

rt7M_tl.a: [4]
    ABImemclr4.o                  6
    ABImemset48.o                50
    cexit.o                      10
    cmain.o                      30
    copy_init3.o                 44
    cstartup_M.o                 12
    data_init.o                  40
    -------------------------------------------------
    Total:                      192

shb_l.a: [5]
    exit.o                       20
    -------------------------------------------------
    Total:                       20

    Gaps                         12
    Linker created                        20    1 024
-----------------------------------------------------
    Grand Total:              3 184       36    1 040


*******************************************************************************
*** ENTRY LIST
***

Entry                      Address   Size  Type      Object
-----                      -------   ----  ----      ------
.iar.init_table$$Base   0x08000b3c          --   Gb  - Linker created -
.iar.init_table$$Limit  0x08000b50          --   Gb  - Linker created -
?main                   0x08000b51         Code  Gb  cmain.o [4]
AHBPrescTable           0x08000ad8   0x10  Data  Gb  system_stm32f1xx.o [1]
BusFault_Handler        0x08000b9f    0x2  Code  Gb  stm32f1xx_it.o [1]
CSTACK$$Base            0x20000010          --   Gb  - Linker created -
CSTACK$$Limit           0x20000410          --   Gb  - Linker created -
DebugMon_Handler        0x08000ba5    0x2  Code  Gb  stm32f1xx_it.o [1]
HAL_Delay               0x080009e5   0x28  Code  Wk  stm32f1xx_hal.o [1]
HAL_GPIO_Init           0x080006b9  0x182  Code  Gb  stm32f1xx_hal_gpio.o [1]
HAL_GPIO_ReadPin        0x0800083b    0xc  Code  Gb  stm32f1xx_hal_gpio.o [1]
HAL_GPIO_TogglePin      0x08000853    0x8  Code  Gb  stm32f1xx_hal_gpio.o [1]
HAL_GPIO_WritePin       0x08000847    0xc  Code  Gb  stm32f1xx_hal_gpio.o [1]
HAL_GetTick             0x080005bd    0xc  Code  Wk  stm32f1xx_hal.o [1]
HAL_IncTick             0x08000bad   0x10  Code  Wk  stm32f1xx_hal.o [1]
HAL_Init                0x08000935   0x20  Code  Gb  stm32f1xx_hal.o [1]
HAL_InitTick            0x080005c9   0x40  Code  Wk  stm32f1xx_hal.o [1]
HAL_MspInit             0x08000a15   0x44  Code  Gb  stm32f1xx_hal_msp.o [1]
HAL_NVIC_SetPriority    0x08000641   0x3a  Code  Gb  stm32f1xx_hal_cortex.o [1]
HAL_NVIC_SetPriorityGrouping
                        0x08000627   0x1a  Code  Gb  stm32f1xx_hal_cortex.o [1]
HAL_RCC_ClockConfig     0x08000409  0x126  Code  Gb  stm32f1xx_hal_rcc.o [1]
HAL_RCC_GetSysClockFreq
                        0x08000545   0x3c  Code  Gb  stm32f1xx_hal_rcc.o [1]
HAL_RCC_GetSysClockFreq::aPLLMULFactorTable
                        0x080005a8   0x10  Data  Lc  stm32f1xx_hal_rcc.o [1]
HAL_RCC_GetSysClockFreq::aPredivFactorTable
                        0x080005b8    0x2  Data  Lc  stm32f1xx_hal_rcc.o [1]
HAL_RCC_OscConfig       0x080000ed  0x314  Code  Gb  stm32f1xx_hal_rcc.o [1]
HAL_SYSTICK_Config      0x0800067b   0x28  Code  Gb  stm32f1xx_hal_cortex.o [1]
HardFault_Handler       0x08000b9b    0x2  Code  Gb  stm32f1xx_it.o [1]
MX_GPIO_Init            0x08000959   0x84  Code  Gb  gpio.o [1]
MemManage_Handler       0x08000b9d    0x2  Code  Gb  stm32f1xx_it.o [1]
NMI_Handler             0x08000b99    0x2  Code  Gb  stm32f1xx_it.o [1]
NVIC_SetPriority        0x08000609   0x1e  Code  Lc  stm32f1xx_hal_cortex.o [1]
PendSV_Handler          0x08000ba7    0x2  Code  Gb  stm32f1xx_it.o [1]
Region$$Table$$Base     0x08000b3c          --   Gb  - Linker created -
Region$$Table$$Limit    0x08000b50          --   Gb  - Linker created -
SVC_Handler             0x08000ba3    0x2  Code  Gb  stm32f1xx_it.o [1]
SysTick_Handler         0x08000ba9    0x4  Code  Gb  stm32f1xx_it.o [1]
SystemClock_Config      0x080008db   0x58  Code  Gb  main.o [1]
SystemCoreClock         0x2000000c    0x4  Data  Gb  system_stm32f1xx.o [1]
SystemInit              0x08000a8d   0x3a  Code  Gb  system_stm32f1xx.o [1]
UsageFault_Handler      0x08000ba1    0x2  Code  Gb  stm32f1xx_it.o [1]
__aeabi_memclr4         0x08000a0d         Code  Gb  ABImemclr4.o [4]
__cmain                 0x08000b51         Code  Gb  cmain.o [4]
__exit                  0x08000b85   0x14  Code  Gb  exit.o [5]
__iar_Memset4_word      0x08000a59         Code  Gb  ABImemset48.o [4]
__iar_Memset8_word      0x08000a59         Code  Gb  ABImemset48.o [4]
__iar_copy_init3        0x08000ae9   0x2c  Code  Gb  copy_init3.o [4]
__iar_data_init3        0x08000b15   0x28  Code  Gb  data_init.o [4]
__iar_program_start     0x08000bdd         Code  Gb  cstartup_M.o [4]
__iar_systems$$module {Abs}
                        0x00000001         Data  Gb  command line/config [2]
__low_level_init        0x08000b6f    0x4  Code  Gb  low_level_init.o [3]
__vector_table          0x08000000         Data  Gb  startup_stm32f103xb.o [1]
_call_main              0x08000b5d         Code  Gb  cmain.o [4]
_exit                   0x08000b79         Code  Gb  cexit.o [4]
_main                   0x08000b6b         Code  Gb  cmain.o [4]
exit                    0x08000b73    0x4  Code  Gb  exit.o [3]
main                    0x08000891   0x3a  Code  Gb  main.o [1]
uwTick                  0x20000004    0x4  Data  Gb  stm32f1xx_hal.o [1]
uwTickFreq              0x20000000    0x1  Data  Gb  stm32f1xx_hal.o [1]
uwTickPrio              0x20000008    0x4  Data  Gb  stm32f1xx_hal.o [1]


[1] = C:\Users\HZM\Desktop\program\p002\EWARM\p002\Obj
[2] = command line
[3] = dl7M_tlf.a
[4] = rt7M_tl.a
[5] = shb_l.a

  3 184 bytes of readonly  code memory
     36 bytes of readonly  data memory
  1 040 bytes of readwrite data memory

Errors: none
Warnings: none
