###############################################################################
#
# IAR ELF Linker V8.22.1.15669/W32 for ARM                21/May/2019  19:45:21
# Copyright 2007-2018 IAR Systems AB.
#
#    Output file  =  
#        C:\Users\–Ï√˙‘∂\Desktop\robot\MR1\MR1_Chassis\newhandle\EWARM\handle\Exe\handle.out
#    Map file     =  
#        C:\Users\–Ï√˙‘∂\Desktop\robot\MR1\MR1_Chassis\newhandle\EWARM\handle\List\handle.map
#    Command line =  
#        -f C:\user\default\AppData\Local\Temp\EW4F2D.tmp
#        (C:\Users\–Ï√˙‘∂\Desktop\robot\MR1\MR1_Chassis\newhandle\EWARM\handle\Obj\adc.o
#        C:\Users\–Ï√˙‘∂\Desktop\robot\MR1\MR1_Chassis\newhandle\EWARM\handle\Obj\adc_func.o
#        C:\Users\–Ï√˙‘∂\Desktop\robot\MR1\MR1_Chassis\newhandle\EWARM\handle\Obj\can.o
#        C:\Users\–Ï√˙‘∂\Desktop\robot\MR1\MR1_Chassis\newhandle\EWARM\handle\Obj\can_func.o
#        C:\Users\–Ï√˙‘∂\Desktop\robot\MR1\MR1_Chassis\newhandle\EWARM\handle\Obj\dma.o
#        C:\Users\–Ï√˙‘∂\Desktop\robot\MR1\MR1_Chassis\newhandle\EWARM\handle\Obj\gpio.o
#        C:\Users\–Ï√˙‘∂\Desktop\robot\MR1\MR1_Chassis\newhandle\EWARM\handle\Obj\lcd.o
#        C:\Users\–Ï√˙‘∂\Desktop\robot\MR1\MR1_Chassis\newhandle\EWARM\handle\Obj\lcd_func.o
#        C:\Users\–Ï√˙‘∂\Desktop\robot\MR1\MR1_Chassis\newhandle\EWARM\handle\Obj\led.o
#        C:\Users\–Ï√˙‘∂\Desktop\robot\MR1\MR1_Chassis\newhandle\EWARM\handle\Obj\main.o
#        C:\Users\–Ï√˙‘∂\Desktop\robot\MR1\MR1_Chassis\newhandle\EWARM\handle\Obj\nrf24l01.o
#        C:\Users\–Ï√˙‘∂\Desktop\robot\MR1\MR1_Chassis\newhandle\EWARM\handle\Obj\spi.o
#        C:\Users\–Ï√˙‘∂\Desktop\robot\MR1\MR1_Chassis\newhandle\EWARM\handle\Obj\startup_stm32f407xx.o
#        C:\Users\–Ï√˙‘∂\Desktop\robot\MR1\MR1_Chassis\newhandle\EWARM\handle\Obj\stm32f4xx_hal.o
#        C:\Users\–Ï√˙‘∂\Desktop\robot\MR1\MR1_Chassis\newhandle\EWARM\handle\Obj\stm32f4xx_hal_adc.o
#        C:\Users\–Ï√˙‘∂\Desktop\robot\MR1\MR1_Chassis\newhandle\EWARM\handle\Obj\stm32f4xx_hal_adc_ex.o
#        C:\Users\–Ï√˙‘∂\Desktop\robot\MR1\MR1_Chassis\newhandle\EWARM\handle\Obj\stm32f4xx_hal_can.o
#        C:\Users\–Ï√˙‘∂\Desktop\robot\MR1\MR1_Chassis\newhandle\EWARM\handle\Obj\stm32f4xx_hal_cortex.o
#        C:\Users\–Ï√˙‘∂\Desktop\robot\MR1\MR1_Chassis\newhandle\EWARM\handle\Obj\stm32f4xx_hal_dma.o
#        C:\Users\–Ï√˙‘∂\Desktop\robot\MR1\MR1_Chassis\newhandle\EWARM\handle\Obj\stm32f4xx_hal_dma_ex.o
#        C:\Users\–Ï√˙‘∂\Desktop\robot\MR1\MR1_Chassis\newhandle\EWARM\handle\Obj\stm32f4xx_hal_flash.o
#        C:\Users\–Ï√˙‘∂\Desktop\robot\MR1\MR1_Chassis\newhandle\EWARM\handle\Obj\stm32f4xx_hal_flash_ex.o
#        C:\Users\–Ï√˙‘∂\Desktop\robot\MR1\MR1_Chassis\newhandle\EWARM\handle\Obj\stm32f4xx_hal_flash_ramfunc.o
#        C:\Users\–Ï√˙‘∂\Desktop\robot\MR1\MR1_Chassis\newhandle\EWARM\handle\Obj\stm32f4xx_hal_gpio.o
#        C:\Users\–Ï√˙‘∂\Desktop\robot\MR1\MR1_Chassis\newhandle\EWARM\handle\Obj\stm32f4xx_hal_msp.o
#        C:\Users\–Ï√˙‘∂\Desktop\robot\MR1\MR1_Chassis\newhandle\EWARM\handle\Obj\stm32f4xx_hal_pwr.o
#        C:\Users\–Ï√˙‘∂\Desktop\robot\MR1\MR1_Chassis\newhandle\EWARM\handle\Obj\stm32f4xx_hal_pwr_ex.o
#        C:\Users\–Ï√˙‘∂\Desktop\robot\MR1\MR1_Chassis\newhandle\EWARM\handle\Obj\stm32f4xx_hal_rcc.o
#        C:\Users\–Ï√˙‘∂\Desktop\robot\MR1\MR1_Chassis\newhandle\EWARM\handle\Obj\stm32f4xx_hal_rcc_ex.o
#        C:\Users\–Ï√˙‘∂\Desktop\robot\MR1\MR1_Chassis\newhandle\EWARM\handle\Obj\stm32f4xx_hal_spi.o
#        C:\Users\–Ï√˙‘∂\Desktop\robot\MR1\MR1_Chassis\newhandle\EWARM\handle\Obj\stm32f4xx_hal_sram.o
#        C:\Users\–Ï√˙‘∂\Desktop\robot\MR1\MR1_Chassis\newhandle\EWARM\handle\Obj\stm32f4xx_hal_tim.o
#        C:\Users\–Ï√˙‘∂\Desktop\robot\MR1\MR1_Chassis\newhandle\EWARM\handle\Obj\stm32f4xx_hal_tim_ex.o
#        C:\Users\–Ï√˙‘∂\Desktop\robot\MR1\MR1_Chassis\newhandle\EWARM\handle\Obj\stm32f4xx_hal_uart.o
#        C:\Users\–Ï√˙‘∂\Desktop\robot\MR1\MR1_Chassis\newhandle\EWARM\handle\Obj\stm32f4xx_it.o
#        C:\Users\–Ï√˙‘∂\Desktop\robot\MR1\MR1_Chassis\newhandle\EWARM\handle\Obj\stm32f4xx_ll_fsmc.o
#        C:\Users\–Ï√˙‘∂\Desktop\robot\MR1\MR1_Chassis\newhandle\EWARM\handle\Obj\system_stm32f4xx.o
#        C:\Users\–Ï√˙‘∂\Desktop\robot\MR1\MR1_Chassis\newhandle\EWARM\handle\Obj\usart.o
#        --redirect _Printf=_PrintfFull --redirect _Scanf=_ScanfFull -o
#        C:\Users\–Ï√˙‘∂\Desktop\robot\MR1\MR1_Chassis\newhandle\EWARM\handle\Exe\handle.out
#        --map
#        C:\Users\–Ï√˙‘∂\Desktop\robot\MR1\MR1_Chassis\newhandle\EWARM\handle\List\handle.map
#        --config
#        C:\Users\–Ï√˙‘∂\Desktop\robot\MR1\MR1_Chassis\newhandle\EWARM/stm32f407xx_flash.icf
#        --semihosting --entry __iar_program_start --vfe --text_out locale)
#
###############################################################################

*******************************************************************************
*** RUNTIME MODEL ATTRIBUTES
***

CppFlavor       = *
__SystemLibrary = DLib
__dlib_version  = 6


*******************************************************************************
*** HEAP SELECTION
***

The basic heap was selected because no calls to memory allocation
functions were found in the application outside of system library
functions, and there are calls to deallocation functions in the
application.


*******************************************************************************
*** PLACEMENT SUMMARY
***

"A0":  place at 0x08000000 { ro section .intvec };
"P1":  place in [from 0x08000000 to 0x080fffff] { ro };
define block CSTACK with size = 2K, alignment = 8 { };
define block HEAP with size = 512, alignment = 8 { };
"P2":  place in [from 0x20000000 to 0x2001ffff] {
          rw, block CSTACK, block HEAP };
initialize by copy { rw };

  Section            Kind        Address    Size  Object
  -------            ----        -------    ----  ------
"A0":                                      0x188
  .intvec            ro code  0x08000000   0x188  startup_stm32f407xx.o [1]
                            - 0x08000188   0x188

"P1":                                     0xa926
  .text              ro code  0x08000188  0x321c  lcd.o [1]
  .text              ro code  0x080033a4   0x228  stm32f4xx_hal_rcc.o [1]
  .text              ro code  0x080035cc    0x1a  U32ToDbl.o [4]
  .text              ro code  0x080035e6    0x1e  xencoding_8859_1.o [3]
  .text              ro code  0x08003604   0x1a2  DblMul.o [4]
  .text              ro code  0x080037a6    0x1a  xsnprout.o [3]
  .text              ro code  0x080037c0    0x3a  DblToS32.o [4]
  .text              ro code  0x080037fa     0xa  xsprout.o [3]
  .text              ro code  0x08003804   0x2ae  stm32f4xx_hal_gpio.o [1]
  .text              ro code  0x08003ab4    0x5c  stm32f4xx_hal_sram.o [1]
  .text              ro code  0x08003b10    0x1e  stm32f4xx_hal.o [1]
  .text              ro code  0x08003b30    0xdc  usart.o [1]
  .text              ro code  0x08003c0c    0x40  sprintf.o [3]
  .text              ro code  0x08003c4c     0xc  stm32f4xx_hal.o [1]
  .text              ro code  0x08003c58    0x28  stm32f4xx_hal.o [1]
  .text              ro code  0x08003c80   0x22e  I64DivMod.o [5]
  .text              ro code  0x08003eb0    0xec  stm32f4xx_ll_fsmc.o [1]
  .text              ro code  0x08003f9c   0x4cc  stm32f4xx_hal_uart.o [1]
  .text              ro code  0x08004468   0x1aa  main.o [1]
  .text              ro code  0x08004614    0x3c  vsnprint.o [3]
  .text              ro code  0x08004650   0xf96  xprintffull.o [3]
  .text              ro code  0x080055e8   0x188  stm32f4xx_hal_cortex.o [1]
  .text              ro code  0x08005770     0x2  I64DivZer.o [5]
  .text              ro code  0x08005774    0x40  stm32f4xx_hal.o [1]
  .text              ro code  0x080057b4   0x36c  gpio.o [1]
  .text              ro code  0x08005b20    0x34  dma.o [1]
  .text              ro code  0x08005b54   0x2b0  can.o [1]
  .text              ro code  0x08005e04   0x1c6  adc.o [1]
  .text              ro code  0x08005fcc    0xc0  spi.o [1]
  .text              ro code  0x0800608c    0x60  led.o [1]
  .text              ro code  0x080060ec   0x3b4  lcd_func.o [1]
  .text              ro code  0x080064a0   0x6fe  stm32f4xx_hal_adc.o [1]
  .text              ro code  0x08006ba0    0xac  can_func.o [1]
  .text              ro code  0x08006c4c   0x140  adc_func.o [1]
  .text              ro code  0x08006d8c   0x390  stm32f4xx_hal_rcc.o [1]
  .text              ro code  0x0800711c    0x74  xlocale_c.o [3]
  .text              ro code  0x08007190    0x16  strchr.o [5]
  .text              ro code  0x080071a8    0x40  xfail_s.o [3]
  .text              ro code  0x080071e8    0x36  strlen.o [5]
  .text              ro code  0x08007220    0x58  memchr.o [5]
  .text              ro code  0x08007278     0xa  xmbcurmax.o [3]
  .text              ro code  0x08007284    0xa6  ABImemcpy.o [5]
  .text              ro code  0x0800732c    0x70  frexp.o [4]
  .text              ro code  0x0800739c    0x2e  DblCmpLe.o [4]
  .text              ro code  0x080073cc    0x2e  DblCmpGe.o [4]
  .text              ro code  0x080073fc   0x13a  ldexp.o [4]
  .text              ro code  0x08007538    0x22  S32ToDbl.o [4]
  .text              ro code  0x0800755c    0xe2  DblSub.o [4]
  .text              ro code  0x08007640   0x246  DblDiv.o [4]
  .text              ro code  0x08007888    0x28  DblToU32.o [4]
  .text              ro code  0x080078b0    0xa0  stm32f4xx_hal_msp.o [1]
  .text              ro code  0x08007950   0xbc6  stm32f4xx_hal_can.o [1]
  .text              ro code  0x08008518    0x24  ABIassert.o [6]
  .text              ro code  0x0800853c   0x488  stm32f4xx_hal_dma.o [1]
  .text              ro code  0x080089c4    0x8e  stm32f4xx_hal_spi.o [1]
  .text              ro code  0x08008a54     0x2  stm32f4xx_hal_adc_ex.o [1]
  .text              ro code  0x08008a56     0x2  stm32f4xx_hal_adc.o [1]
  .text              ro code  0x08008a58     0x2  stm32f4xx_hal_adc.o [1]
  .text              ro code  0x08008a5a     0x2  stm32f4xx_hal_adc.o [1]
  .text              ro code  0x08008a5c     0x6  ABImemclr4.o [5]
  .text              ro code  0x08008a64   0x178  DblAdd.o [4]
  .text              ro code  0x08008bdc    0x68  DblToFlt.o [4]
  .text              ro code  0x08008c44     0x6  abort.o [3]
  .text              ro code  0x08008c4a     0x2  stm32f4xx_hal_can.o [1]
  .text              ro code  0x08008c4c    0x32  ABImemset48.o [5]
  .text              ro code  0x08008c80    0x14  exit.o [6]
  .rodata            const    0x08008c94   0xd5c  lcd.o [1]
  .rodata            const    0x080099f0   0x5f0  lcd.o [1]
  .rodata            const    0x08009fe0   0x474  lcd.o [1]
  .text              ro code  0x0800a454    0xa0  stm32f4xx_it.o [1]
  .text              ro code  0x0800a4f4    0x10  stm32f4xx_hal.o [1]
  .text              ro code  0x0800a504    0x6c  system_stm32f4xx.o [1]
  .rodata            const    0x0800a570    0x48  adc.o [1]
  .rodata            const    0x0800a5b8    0x48  can.o [1]
  .rodata            const    0x0800a600    0x48  main.o [1]
  .rodata            const    0x0800a648    0x48  spi.o [1]
  .rodata            const    0x0800a690    0x48  usart.o [1]
  .text              ro code  0x0800a6d8    0x40  zero_init3.o [5]
  .text              ro code  0x0800a718    0x38  packbits_init_single.o [5]
  .text              ro code  0x0800a750    0x28  data_init.o [5]
  .text              ro code  0x0800a778    0x22  fpinit_M.o [4]
  .iar.init_table    const    0x0800a79c    0x20  - Linker created -
  .text              ro code  0x0800a7bc    0x1e  cmain.o [5]
  .text              ro code  0x0800a7da     0x4  low_level_init.o [3]
  .text              ro code  0x0800a7de     0x4  exit.o [3]
  .text              ro code  0x0800a7e4     0xa  cexit.o [5]
  .rodata            const    0x0800a7f0    0x10  can.o [1]
  .rodata            const    0x0800a800    0x10  lcd.o [1]
  .rodata            const    0x0800a810    0x10  lcd_func.o [1]
  .rodata            const    0x0800a820    0x10  system_stm32f4xx.o [1]
  .text              ro code  0x0800a830    0x10  startup_stm32f407xx.o [1]
  .rodata            const    0x0800a840     0xc  lcd_func.o [1]
  .rodata            const    0x0800a84c     0xc  lcd_func.o [1]
  .rodata            const    0x0800a858     0xc  lcd_func.o [1]
  .rodata            const    0x0800a864     0xc  lcd_func.o [1]
  .rodata            const    0x0800a870     0xc  lcd_func.o [1]
  .rodata            const    0x0800a87c     0xc  lcd_func.o [1]
  .rodata            const    0x0800a888     0xc  main.o [1]
  .text              ro code  0x0800a894     0xc  cstartup_M.o [5]
  .rodata            const    0x0800a8a0     0x8  can.o [1]
  .rodata            const    0x0800a8a8     0x8  lcd_func.o [1]
  .rodata            const    0x0800a8b0     0x8  lcd_func.o [1]
  .rodata            const    0x0800a8b8     0x8  lcd_func.o [1]
  .rodata            const    0x0800a8c0     0x8  lcd_func.o [1]
  .rodata            const    0x0800a8c8     0x8  lcd_func.o [1]
  .rodata            const    0x0800a8d0     0x8  lcd_func.o [1]
  .rodata            const    0x0800a8d8     0x8  lcd_func.o [1]
  .rodata            const    0x0800a8e0     0x8  lcd_func.o [1]
  .rodata            const    0x0800a8e8     0x8  lcd_func.o [1]
  .rodata            const    0x0800a8f0     0x8  lcd_func.o [1]
  .rodata            const    0x0800a8f8     0x8  lcd_func.o [1]
  .rodata            const    0x0800a900     0x8  lcd_func.o [1]
  .rodata            const    0x0800a908     0x8  lcd_func.o [1]
  .rodata            const    0x0800a910     0x8  lcd_func.o [1]
  .rodata            const    0x0800a918     0x8  lcd_func.o [1]
  .rodata            const    0x0800a920     0x8  lcd_func.o [1]
  .rodata            const    0x0800a928     0x8  stm32f4xx_hal_dma.o [1]
  .rodata            const    0x0800a930     0x8  system_stm32f4xx.o [1]
  .rodata            const    0x0800a938     0x6  xlocale_c.o [3]
  .text              ro code  0x0800a93e     0x4  startup_stm32f407xx.o [1]
  .text              ro code  0x0800a942     0x4  startup_stm32f407xx.o [1]
  .text              ro code  0x0800a946     0x4  startup_stm32f407xx.o [1]
  .text              ro code  0x0800a94a     0x4  startup_stm32f407xx.o [1]
  .text              ro code  0x0800a94e     0x4  startup_stm32f407xx.o [1]
  .text              ro code  0x0800a952     0x4  startup_stm32f407xx.o [1]
  .text              ro code  0x0800a956     0x4  startup_stm32f407xx.o [1]
  .text              ro code  0x0800a95a     0x4  startup_stm32f407xx.o [1]
  .text              ro code  0x0800a95e     0x4  startup_stm32f407xx.o [1]
  .text              ro code  0x0800a962     0x4  startup_stm32f407xx.o [1]
  .text              ro code  0x0800a966     0x4  startup_stm32f407xx.o [1]
  .text              ro code  0x0800a96a     0x4  startup_stm32f407xx.o [1]
  .text              ro code  0x0800a96e     0x4  startup_stm32f407xx.o [1]
  .text              ro code  0x0800a972     0x4  startup_stm32f407xx.o [1]
  .text              ro code  0x0800a976     0x4  startup_stm32f407xx.o [1]
  .text              ro code  0x0800a97a     0x4  startup_stm32f407xx.o [1]
  .text              ro code  0x0800a97e     0x4  startup_stm32f407xx.o [1]
  .text              ro code  0x0800a982     0x4  startup_stm32f407xx.o [1]
  .text              ro code  0x0800a986     0x4  startup_stm32f407xx.o [1]
  .text              ro code  0x0800a98a     0x4  startup_stm32f407xx.o [1]
  .text              ro code  0x0800a98e     0x4  startup_stm32f407xx.o [1]
  .text              ro code  0x0800a992     0x4  startup_stm32f407xx.o [1]
  .text              ro code  0x0800a996     0x4  startup_stm32f407xx.o [1]
  .text              ro code  0x0800a99a     0x4  startup_stm32f407xx.o [1]
  .text              ro code  0x0800a99e     0x4  startup_stm32f407xx.o [1]
  .text              ro code  0x0800a9a2     0x4  startup_stm32f407xx.o [1]
  .text              ro code  0x0800a9a6     0x4  startup_stm32f407xx.o [1]
  .text              ro code  0x0800a9aa     0x4  startup_stm32f407xx.o [1]
  .text              ro code  0x0800a9ae     0x4  startup_stm32f407xx.o [1]
  .text              ro code  0x0800a9b2     0x4  startup_stm32f407xx.o [1]
  .text              ro code  0x0800a9b6     0x4  startup_stm32f407xx.o [1]
  .text              ro code  0x0800a9ba     0x4  startup_stm32f407xx.o [1]
  .text              ro code  0x0800a9be     0x4  startup_stm32f407xx.o [1]
  .text              ro code  0x0800a9c2     0x4  startup_stm32f407xx.o [1]
  .text              ro code  0x0800a9c6     0x4  startup_stm32f407xx.o [1]
  .text              ro code  0x0800a9ca     0x4  startup_stm32f407xx.o [1]
  .text              ro code  0x0800a9ce     0x4  startup_stm32f407xx.o [1]
  .text              ro code  0x0800a9d2     0x4  startup_stm32f407xx.o [1]
  .text              ro code  0x0800a9d6     0x4  startup_stm32f407xx.o [1]
  .text              ro code  0x0800a9da     0x4  startup_stm32f407xx.o [1]
  .text              ro code  0x0800a9de     0x4  startup_stm32f407xx.o [1]
  .text              ro code  0x0800a9e2     0x4  startup_stm32f407xx.o [1]
  .text              ro code  0x0800a9e6     0x4  startup_stm32f407xx.o [1]
  .text              ro code  0x0800a9ea     0x4  startup_stm32f407xx.o [1]
  .text              ro code  0x0800a9ee     0x4  startup_stm32f407xx.o [1]
  .text              ro code  0x0800a9f2     0x4  startup_stm32f407xx.o [1]
  .text              ro code  0x0800a9f6     0x4  startup_stm32f407xx.o [1]
  .text              ro code  0x0800a9fa     0x4  startup_stm32f407xx.o [1]
  .text              ro code  0x0800a9fe     0x4  startup_stm32f407xx.o [1]
  .text              ro code  0x0800aa02     0x4  startup_stm32f407xx.o [1]
  .text              ro code  0x0800aa06     0x4  startup_stm32f407xx.o [1]
  .text              ro code  0x0800aa0a     0x4  startup_stm32f407xx.o [1]
  .text              ro code  0x0800aa0e     0x4  startup_stm32f407xx.o [1]
  .text              ro code  0x0800aa12     0x4  startup_stm32f407xx.o [1]
  .text              ro code  0x0800aa16     0x4  startup_stm32f407xx.o [1]
  .text              ro code  0x0800aa1a     0x4  startup_stm32f407xx.o [1]
  .text              ro code  0x0800aa1e     0x4  startup_stm32f407xx.o [1]
  .text              ro code  0x0800aa22     0x4  startup_stm32f407xx.o [1]
  .text              ro code  0x0800aa26     0x4  startup_stm32f407xx.o [1]
  .text              ro code  0x0800aa2a     0x4  startup_stm32f407xx.o [1]
  .text              ro code  0x0800aa2e     0x4  startup_stm32f407xx.o [1]
  .text              ro code  0x0800aa32     0x4  startup_stm32f407xx.o [1]
  .text              ro code  0x0800aa36     0x4  startup_stm32f407xx.o [1]
  .text              ro code  0x0800aa3a     0x4  startup_stm32f407xx.o [1]
  .text              ro code  0x0800aa3e     0x4  startup_stm32f407xx.o [1]
  .text              ro code  0x0800aa42     0x4  startup_stm32f407xx.o [1]
  .text              ro code  0x0800aa46     0x4  startup_stm32f407xx.o [1]
  .text              ro code  0x0800aa4a     0x4  startup_stm32f407xx.o [1]
  .text              ro code  0x0800aa4e     0x4  startup_stm32f407xx.o [1]
  .text              ro code  0x0800aa52     0x4  startup_stm32f407xx.o [1]
  .rodata            const    0x0800aa56     0x0  zero_init3.o [5]
  .rodata            const    0x0800aa56     0x0  packbits_init_single.o [5]
  Initializer bytes  const    0x0800aa56    0x58  <for P2-1>
                            - 0x0800aaae  0xa926

"P2", part 1 of 3:                          0x96
  P2-1                        0x20000000    0x96  <Init block>
    .data            inited   0x20000000     0x4  lcd.o [1]
    .data            inited   0x20000004     0x4  lcd.o [1]
    .data            inited   0x20000008     0x4  system_stm32f4xx.o [1]
    .data            inited   0x2000000c    0x38  xlocale_c.o [3]
    .data            inited   0x20000044    0x48  xlocale_c.o [3]
    .data            inited   0x2000008c     0x1  gpio.o [1]
    .data            inited   0x2000008d     0x1  gpio.o [1]
    .data            inited   0x2000008e     0x1  gpio.o [1]
    .data            inited   0x2000008f     0x1  gpio.o [1]
    .data            inited   0x20000090     0x1  gpio.o [1]
    .data            inited   0x20000091     0x1  gpio.o [1]
    .data            inited   0x20000092     0x1  gpio.o [1]
    .data            inited   0x20000093     0x1  gpio.o [1]
    .data            inited   0x20000094     0x1  gpio.o [1]
    .data            inited   0x20000095     0x1  gpio.o [1]
                            - 0x20000096    0x96

"P2", part 2 of 3:                         0x710
  .bss               zero     0x20000098   0x258  adc_func.o [1]
  .bss               zero     0x200002f0   0x190  can.o [1]
  .bss               zero     0x20000480    0x68  usart.o [1]
  .bss               zero     0x200004e8    0x60  adc.o [1]
  .bss               zero     0x20000548    0x58  spi.o [1]
  .bss               zero     0x200005a0    0x50  lcd.o [1]
  .bss               zero     0x200005f0    0x48  adc.o [1]
  .bss               zero     0x20000638    0x44  can.o [1]
  .bss               zero     0x2000067c    0x40  usart.o [1]
  .bss               zero     0x200006bc    0x28  can.o [1]
  .bss               zero     0x200006e4    0x28  can_func.o [1]
  .bss               zero     0x2000070c    0x24  can.o [1]
  .bss               zero     0x20000730    0x20  can_func.o [1]
  .bss               zero     0x20000750    0x1c  can.o [1]
  .bss               zero     0x2000076c    0x10  lcd.o [1]
  .bss               zero     0x2000077c     0x4  adc_func.o [1]
  .bss               zero     0x20000780     0x4  adc_func.o [1]
  .bss               zero     0x20000784     0x4  can.o [1]
  .bss               zero     0x20000788     0x4  gpio.o [1]
  .bss               zero     0x2000078c     0x4  lcd.o [1]
  .bss               zero     0x20000790     0x4  lcd_func.o [1]
  .bss               zero     0x20000794     0x4  lcd_func.o [1]
  .bss               zero     0x20000798     0x4  main.o [1]
  .bss               zero     0x2000079c     0x4  main.o [1]
  .bss               zero     0x200007a0     0x4  stm32f4xx_hal.o [1]
  .bss               zero     0x200007a4     0x4  xfail_s.o [3]
                            - 0x200007a8   0x710

"P2", part 3 of 3:                         0x800
  CSTACK                      0x200007a8   0x800  <Block>
    CSTACK           uninit   0x200007a8   0x800  <Block tail>
                            - 0x20000fa8   0x800


*******************************************************************************
*** INIT TABLE
***

          Address     Size
          -------     ----
Zero (__iar_zero_init3)
    1 destination range, total size 0x710:
          0x20000098  0x710

Copy/packbits (__iar_packbits_init_single3)
    1 source range, total size 0x58 (58% of destination):
          0x0800aa56   0x58
    1 destination range, total size 0x96:
          0x20000000   0x96



*******************************************************************************
*** MODULE SUMMARY
***

    Module                  ro code  ro data  rw data
    ------                  -------  -------  -------
C:\Users\–Ï√˙‘∂\Desktop\robot\MR1\MR1_Chassis\newhandle\EWARM\handle\Obj: [1]
    adc.o                       454       72      168
    adc_func.o                  320               608
    can.o                       688       96      576
    can_func.o                  172                72
    dma.o                        52
    gpio.o                      876        6       14
    lcd.o                    12 828    6 100      108
    lcd_func.o                  948      216        8
    led.o                        96
    main.o                      426       84        8
    spi.o                       192       72       88
    startup_stm32f407xx.o       688
    stm32f4xx_hal.o             162                 4
    stm32f4xx_hal_adc.o       1 796
    stm32f4xx_hal_adc_ex.o        2
    stm32f4xx_hal_can.o       3 016
    stm32f4xx_hal_cortex.o      392
    stm32f4xx_hal_dma.o       1 160        8
    stm32f4xx_hal_gpio.o        686
    stm32f4xx_hal_msp.o         160
    stm32f4xx_hal_rcc.o       1 464
    stm32f4xx_hal_spi.o         142
    stm32f4xx_hal_sram.o         92
    stm32f4xx_hal_uart.o      1 228
    stm32f4xx_it.o              160
    stm32f4xx_ll_fsmc.o         236
    system_stm32f4xx.o          108       27        4
    usart.o                     220       72      168
    -------------------------------------------------
    Total:                   28 764    6 753    1 826

command line: [2]
    -------------------------------------------------
    Total:

dl7M_tlf.a: [3]
    abort.o                       6
    exit.o                        4
    low_level_init.o              4
    sprintf.o                    64
    vsnprint.o                   60
    xencoding_8859_1.o           30
    xfail_s.o                    64                 4
    xlocale_c.o                 116       81      128
    xmbcurmax.o                  10
    xprintffull.o             3 990
    xsnprout.o                   26
    xsprout.o                    10
    -------------------------------------------------
    Total:                    4 384       81      132

m7M_tls.a: [4]
    DblAdd.o                    376
    DblCmpGe.o                   46
    DblCmpLe.o                   46
    DblDiv.o                    582
    DblMul.o                    418
    DblSub.o                    226
    DblToFlt.o                  104
    DblToS32.o                   58
    DblToU32.o                   40
    S32ToDbl.o                   34
    U32ToDbl.o                   26
    fpinit_M.o                   34
    frexp.o                     112
    ldexp.o                     314
    -------------------------------------------------
    Total:                    2 416

rt7M_tl.a: [5]
    ABImemclr4.o                  6
    ABImemcpy.o                 166
    ABImemset48.o                50
    I64DivMod.o                 558
    I64DivZer.o                   2
    cexit.o                      10
    cmain.o                      30
    cstartup_M.o                 12
    data_init.o                  40
    memchr.o                     88
    packbits_init_single.o       56
    strchr.o                     22
    strlen.o                     54
    zero_init3.o                 64
    -------------------------------------------------
    Total:                    1 158

shb_l.a: [6]
    ABIassert.o                  36
    exit.o                       20
    -------------------------------------------------
    Total:                       56

    Gaps                         46        4
    Linker created                        32    2 048
-----------------------------------------------------
    Grand Total:             36 824    6 870    4 006


*******************************************************************************
*** ENTRY LIST
***

Entry                      Address    Size  Type      Object
-----                      -------    ----  ----      ------
.iar.init_table$$Base   0x0800a79c           --   Gb  - Linker created -
.iar.init_table$$Limit  0x0800a7bc           --   Gb  - Linker created -
?main                   0x0800a7bd          Code  Gb  cmain.o [5]
ADC_DMAConvCplt         0x08006b09    0x6c  Code  Lc  stm32f4xx_hal_adc.o [1]
ADC_DMAError            0x08006b85    0x1a  Code  Lc  stm32f4xx_hal_adc.o [1]
ADC_DMAHalfConvCplt     0x08006b75     0xe  Code  Lc  stm32f4xx_hal_adc.o [1]
ADC_IRQHandler          0x0800a499     0xa  Code  Gb  stm32f4xx_it.o [1]
ADC_Init                0x08006999   0x156  Code  Lc  stm32f4xx_hal_adc.o [1]
ADC_Value               0x20000098   0x258  Data  Gb  adc_func.o [1]
AHBPrescTable           0x0800a820    0x10  Data  Gb  system_stm32f4xx.o [1]
APBPrescTable           0x0800a930     0x8  Data  Gb  system_stm32f4xx.o [1]
BACK_COLOR              0x20000004     0x4  Data  Gb  lcd.o [1]
BusFault_Handler        0x0800a45b     0x2  Code  Gb  stm32f4xx_it.o [1]
CAN1_RX0_IRQHandler     0x0800a4a3     0xa  Code  Gb  stm32f4xx_it.o [1]
CAN1_RX1_IRQHandler     0x0800a4ad     0xa  Code  Gb  stm32f4xx_it.o [1]
CAN1_SCE_IRQHandler     0x0800a4b7     0xa  Code  Gb  stm32f4xx_it.o [1]
CAN_LIST_MATCH          0x08005d53    0x32  Code  Gb  can.o [1]
CAN_Receive_IT          0x08008337   0x1e0  Code  Lc  stm32f4xx_hal_can.o [1]
CAN_Transmit_IT         0x080082d9    0x5e  Code  Lc  stm32f4xx_hal_can.o [1]
CSTACK$$Base            0x200007a8           --   Gb  - Linker created -
CSTACK$$Limit           0x20000fa8           --   Gb  - Linker created -
CacheMore               0x08007121    0x24  Code  Lc  xlocale_c.o [3]
Configure_Filter        0x08005c69    0x48  Code  Gb  can.o [1]
DMA2_Stream0_IRQHandler
                        0x0800a4df     0xa  Code  Gb  stm32f4xx_it.o [1]
DMA_CalcBaseAndBitshift
                        0x080088ed    0x30  Code  Lc  stm32f4xx_hal_dma.o [1]
DMA_CalcBaseAndBitshift::flagBitshiftOffset
                        0x0800a928     0x8  Data  Lc  stm32f4xx_hal_dma.o [1]
DMA_CheckFifoParam      0x08008929    0x9c  Code  Lc  stm32f4xx_hal_dma.o [1]
DMA_SetConfig           0x080088bf    0x2e  Code  Lc  stm32f4xx_hal_dma.o [1]
DebugMon_Handler        0x0800a461     0x2  Code  Gb  stm32f4xx_it.o [1]
EXTI15_10_IRQHandler    0x0800a4d3     0xc  Code  Gb  stm32f4xx_it.o [1]
EXTI1_IRQHandler        0x0800a471     0xa  Code  Gb  stm32f4xx_it.o [1]
EXTI2_IRQHandler        0x0800a47b     0xa  Code  Gb  stm32f4xx_it.o [1]
EXTI3_IRQHandler        0x0800a485     0xa  Code  Gb  stm32f4xx_it.o [1]
EXTI4_IRQHandler        0x0800a48f     0xa  Code  Gb  stm32f4xx_it.o [1]
EXTI9_5_IRQHandler      0x0800a4c1    0x12  Code  Gb  stm32f4xx_it.o [1]
FSMC_NORSRAM_Extended_Timing_Init
                        0x08003f51    0x44  Code  Gb  stm32f4xx_ll_fsmc.o [1]
FSMC_NORSRAM_Init       0x08003eb1    0x5a  Code  Gb  stm32f4xx_ll_fsmc.o [1]
FSMC_NORSRAM_Timing_Init
                        0x08003f0b    0x46  Code  Gb  stm32f4xx_ll_fsmc.o [1]
HAL_ADCEx_InjectedConvCpltCallback
                        0x08008a55     0x2  Code  Wk  stm32f4xx_hal_adc_ex.o [1]
HAL_ADC_ConfigChannel   0x0800681b   0x17e  Code  Gb  stm32f4xx_hal_adc.o [1]
HAL_ADC_ConvCpltCallback
                        0x08005fc9     0x2  Code  Gb  adc.o [1]
HAL_ADC_IRQHandler      0x08006507   0x1ea  Code  Gb  stm32f4xx_hal_adc.o [1]
HAL_ADC_Init            0x080064a1    0x66  Code  Gb  stm32f4xx_hal_adc.o [1]
HAL_ADC_MspInit         0x08005ef7    0xb2  Code  Gb  adc.o [1]
HAL_ADC_Start_DMA       0x080066f1   0x12a  Code  Gb  stm32f4xx_hal_adc.o [1]
HAL_CAN_ConfigFilter    0x08007af9   0x108  Code  Gb  stm32f4xx_hal_can.o [1]
HAL_CAN_ErrorCallback   0x08005dad    0x26  Code  Gb  can.o [1]
HAL_CAN_IRQHandler      0x08007f97   0x32c  Code  Gb  stm32f4xx_hal_can.o [1]
HAL_CAN_Init            0x08007951   0x1a8  Code  Gb  stm32f4xx_hal_can.o [1]
HAL_CAN_MspInit         0x08005bb7    0x7c  Code  Gb  can.o [1]
HAL_CAN_Receive_IT      0x08007e81   0x116  Code  Gb  stm32f4xx_hal_can.o [1]
HAL_CAN_RxCpltCallback  0x08005d85    0x28  Code  Gb  can.o [1]
HAL_CAN_Transmit        0x08007c01   0x27c  Code  Gb  stm32f4xx_hal_can.o [1]
HAL_DMA_IRQHandler      0x080086b7   0x208  Code  Gb  stm32f4xx_hal_dma.o [1]
HAL_DMA_Init            0x0800853d    0xe2  Code  Gb  stm32f4xx_hal_dma.o [1]
HAL_DMA_Start_IT        0x0800861f    0x98  Code  Gb  stm32f4xx_hal_dma.o [1]
HAL_Delay               0x08003b11    0x1e  Code  Wk  stm32f4xx_hal.o [1]
HAL_GPIO_EXTI_IRQHandler
                        0x08003a51    0x22  Code  Gb  stm32f4xx_hal_gpio.o [1]
HAL_GPIO_Init           0x08003805   0x21c  Code  Gb  stm32f4xx_hal_gpio.o [1]
HAL_GPIO_ReadPin        0x08003a21    0x16  Code  Gb  stm32f4xx_hal_gpio.o [1]
HAL_GPIO_WritePin       0x08003a37    0x1a  Code  Gb  stm32f4xx_hal_gpio.o [1]
HAL_GetTick             0x08003c4d     0xc  Code  Wk  stm32f4xx_hal.o [1]
HAL_IncTick             0x0800a4f5    0x10  Code  Wk  stm32f4xx_hal.o [1]
HAL_Init                0x08005775    0x3a  Code  Gb  stm32f4xx_hal.o [1]
HAL_InitTick            0x08003c59    0x28  Code  Wk  stm32f4xx_hal.o [1]
HAL_MspInit             0x080078b1    0xa0  Code  Gb  stm32f4xx_hal_msp.o [1]
HAL_NVIC_EnableIRQ      0x0800570b     0xe  Code  Gb  stm32f4xx_hal_cortex.o [1]
HAL_NVIC_SetPriority    0x080056e1    0x2a  Code  Gb  stm32f4xx_hal_cortex.o [1]
HAL_NVIC_SetPriorityGrouping
                        0x080056d5     0xc  Code  Gb  stm32f4xx_hal_cortex.o [1]
HAL_RCC_ClockConfig     0x080033a5   0x14a  Code  Gb  stm32f4xx_hal_rcc.o [1]
HAL_RCC_GetHCLKFreq     0x080034ef     0x6  Code  Gb  stm32f4xx_hal_rcc.o [1]
HAL_RCC_GetPCLK1Freq    0x080034f5    0x16  Code  Gb  stm32f4xx_hal_rcc.o [1]
HAL_RCC_GetPCLK2Freq    0x0800350b    0x16  Code  Gb  stm32f4xx_hal_rcc.o [1]
HAL_RCC_OscConfig       0x08006d8d   0x390  Code  Wk  stm32f4xx_hal_rcc.o [1]
HAL_SPI_Init            0x080089c5    0x8e  Code  Gb  stm32f4xx_hal_spi.o [1]
HAL_SPI_MspInit         0x0800602f    0x4a  Code  Gb  spi.o [1]
HAL_SRAM_Init           0x08003ab5    0x5c  Code  Gb  stm32f4xx_hal_sram.o [1]
HAL_SRAM_MspInit        0x08000a95    0xde  Code  Gb  lcd.o [1]
HAL_SYSTICK_CLKSourceConfig
                        0x08005725    0x20  Code  Gb  stm32f4xx_hal_cortex.o [1]
HAL_SYSTICK_Callback    0x08004587    0x66  Code  Gb  main.o [1]
HAL_SYSTICK_Callback::time_1ms_cnt
                        0x2000079c     0x4  Data  Lc  main.o [1]
HAL_SYSTICK_Config      0x08005719     0xc  Code  Gb  stm32f4xx_hal_cortex.o [1]
HAL_SYSTICK_IRQHandler  0x08005769     0x8  Code  Gb  stm32f4xx_hal_cortex.o [1]
HAL_UART_Init           0x08003f9d    0x76  Code  Gb  stm32f4xx_hal_uart.o [1]
HAL_UART_MspInit        0x08003b79    0x4c  Code  Gb  usart.o [1]
HAL_UART_Transmit       0x08004013    0xe0  Code  Gb  stm32f4xx_hal_uart.o [1]
HardFault_Handler       0x0800a457     0x2  Code  Gb  stm32f4xx_it.o [1]
LCD_Clear               0x08003047    0x32  Code  Gb  lcd.o [1]
LCD_Display_Dir         0x080008ab   0x1ce  Code  Gb  lcd.o [1]
LCD_DrawPoint           0x080006eb    0x24  Code  Gb  lcd.o [1]
LCD_Draw_Circle         0x08003079    0xbe  Code  Gb  lcd.o [1]
LCD_Fast_DrawPoint      0x0800070f   0x154  Code  Gb  lcd.o [1]
LCD_Init                0x08000ba1  0x24a6  Code  Gb  lcd.o [1]
LCD_RD_DATA             0x0800023b     0xa  Code  Gb  lcd.o [1]
LCD_SSD_BackLightSet    0x08000863    0x48  Code  Gb  lcd.o [1]
LCD_Scan_Dir            0x080003e7   0x304  Code  Gb  lcd.o [1]
LCD_SetCursor           0x08000261   0x186  Code  Gb  lcd.o [1]
LCD_ShowChar            0x08003137   0x138  Code  Gb  lcd.o [1]
LCD_ShowString          0x0800326f    0x80  Code  Gb  lcd.o [1]
LCD_ShowString_New      0x080032ef    0x52  Code  Gb  lcd.o [1]
LCD_WR_DATA             0x08000233     0x8  Code  Gb  lcd.o [1]
LCD_WR_REG              0x0800022b     0x8  Code  Gb  lcd.o [1]
LCD_WriteRAM_Prepare    0x08000253     0xe  Code  Gb  lcd.o [1]
LCD_WriteReg            0x08000245     0xe  Code  Gb  lcd.o [1]
LED_Init                0x0800608d    0x60  Code  Gb  led.o [1]
Lcd_Show_Int            0x08003343    0x3a  Code  Gb  lcd.o [1]
LoadInt                 0x0800483f    0x7a  Code  Lc  xprintffull.o [3]
MX_ADC1_Init            0x08005e05    0xf2  Code  Gb  adc.o [1]
MX_CAN1_Init            0x08005b55    0x62  Code  Gb  can.o [1]
MX_DMA_Init             0x08005b21    0x34  Code  Gb  dma.o [1]
MX_GPIO_Init            0x080057b5   0x18a  Code  Gb  gpio.o [1]
MX_SPI3_Init            0x08005fcd    0x62  Code  Gb  spi.o [1]
MX_USART1_UART_Init     0x08003b31    0x48  Code  Gb  usart.o [1]
MemManage_Handler       0x0800a459     0x2  Code  Gb  stm32f4xx_it.o [1]
NMI_Handler             0x0800a455     0x2  Code  Gb  stm32f4xx_it.o [1]
NVIC_EncodePriority     0x08005663    0x42  Code  Lc  stm32f4xx_hal_cortex.o [1]
POINT_COLOR             0x20000000     0x4  Data  Gb  lcd.o [1]
PendSV_Handler          0x0800a463     0x2  Code  Gb  stm32f4xx_it.o [1]
Region$$Table$$Base     0x0800a79c           --   Gb  - Linker created -
Region$$Table$$Limit    0x0800a7bc           --   Gb  - Linker created -
RxMessage               0x2000070c    0x24  Data  Lc  can.o [1]
SVC_Handler             0x0800a45f     0x2  Code  Gb  stm32f4xx_it.o [1]
SysTick_Config          0x080001b9    0x36  Code  Lc  lcd.o [1]
SysTick_Config          0x080056a5    0x30  Code  Lc  stm32f4xx_hal_cortex.o [1]
SysTick_Handler         0x0800a465     0xc  Code  Gb  stm32f4xx_it.o [1]
SystemClock_Config      0x080044c3    0xc4  Code  Gb  main.o [1]
SystemCoreClock         0x20000008     0x4  Data  Gb  system_stm32f4xx.o [1]
SystemInit              0x0800a505    0x4c  Code  Gb  system_stm32f4xx.o [1]
TFTSRAM_Handler         0x200005a0    0x50  Data  Gb  lcd.o [1]
TxMessage               0x20000750    0x1c  Data  Lc  can.o [1]
UART_SetConfig          0x08004161   0x2fc  Code  Lc  stm32f4xx_hal_uart.o [1]
UART_WaitOnFlagUntilTimeout
                        0x080040f3    0x6e  Code  Lc  stm32f4xx_hal_uart.o [1]
UsageFault_Handler      0x0800a45d     0x2  Code  Gb  stm32f4xx_it.o [1]
_Encoding_8859_1_Mbrlen
                        0x080035f9     0x2  Code  Gb  xencoding_8859_1.o [3]
_Encoding_8859_1_Wctomb
                        0x080035e7    0x12  Code  Gb  xencoding_8859_1.o [3]
_Error_Handler          0x08004611     0x2  Code  Gb  main.o [1]
_GenldFull              0x080052c1   0x274  Code  Lc  xprintffull.o [3]
_LdtobFull              0x08004e95   0x3fe  Code  Lc  xprintffull.o [3]
_LitobFull              0x08004d3d   0x112  Code  Lc  xprintffull.o [3]
_Locale_lconv           0x2000000c    0x38  Data  Lc  xlocale_c.o [3]
_PrintfFull             0x08004651   0x1d6  Code  Gb  xprintffull.o [3]
_PutcharsFull           0x08005535    0x2e  Code  Lc  xprintffull.o [3]
_PutfldFull             0x080048b9   0x2d0  Code  Lc  xprintffull.o [3]
_PutstrFull             0x08004c7f    0xbe  Code  Lc  xprintffull.o [3]
_PuttxtFull             0x08004b89    0xf6  Code  Lc  xprintffull.o [3]
_SNProut                0x080037a7    0x1a  Code  Gb  xsnprout.o [3]
_SProut                 0x080037fb     0xa  Code  Gb  xsprout.o [3]
__NVIC_EnableIRQ        0x08005617    0x20  Code  Lc  stm32f4xx_hal_cortex.o [1]
__NVIC_GetPriorityGrouping
                        0x0800560b     0xc  Code  Lc  stm32f4xx_hal_cortex.o [1]
__NVIC_SetPriority      0x08000189    0x30  Code  Lc  lcd.o [1]
__NVIC_SetPriority      0x08005637    0x2c  Code  Lc  stm32f4xx_hal_cortex.o [1]
__NVIC_SetPriorityGrouping
                        0x080055e9    0x22  Code  Lc  stm32f4xx_hal_cortex.o [1]
__aeabi_assert          0x08008519    0x24  Code  Gb  ABIassert.o [6]
__aeabi_cdcmple         0x0800739d          Code  Gb  DblCmpLe.o [4]
__aeabi_cdrcmple        0x080073cd          Code  Gb  DblCmpGe.o [4]
__aeabi_d2f             0x08008bdd          Code  Gb  DblToFlt.o [4]
__aeabi_d2iz            0x080037c1          Code  Gb  DblToS32.o [4]
__aeabi_d2uiz           0x08007889          Code  Gb  DblToU32.o [4]
__aeabi_dadd            0x08008a65          Code  Gb  DblAdd.o [4]
__aeabi_ddiv            0x08007641          Code  Gb  DblDiv.o [4]
__aeabi_dmul            0x08003605          Code  Gb  DblMul.o [4]
__aeabi_dsub            0x0800755d          Code  Gb  DblSub.o [4]
__aeabi_i2d             0x08007539          Code  Gb  S32ToDbl.o [4]
__aeabi_ldiv0           0x08005771          Code  Gb  I64DivZer.o [5]
__aeabi_memclr4         0x08008a5d          Code  Gb  ABImemclr4.o [5]
__aeabi_memcpy          0x08007285          Code  Gb  ABImemcpy.o [5]
__aeabi_memcpy4         0x080072a5          Code  Gb  ABImemcpy.o [5]
__aeabi_memcpy8         0x080072a5          Code  Gb  ABImemcpy.o [5]
__aeabi_ui2d            0x080035cd          Code  Gb  U32ToDbl.o [4]
__aeabi_uldivmod        0x08003c81          Code  Gb  I64DivMod.o [5]
__cmain                 0x0800a7bd          Code  Gb  cmain.o [5]
__exit                  0x08008c81    0x14  Code  Gb  exit.o [6]
__iar_Fail_s            0x080071a9    0x1c  Code  Gb  xfail_s.o [3]
__iar_Mbcurmax          0x08007279     0xa  Code  Gb  xmbcurmax.o [3]
__iar_Memchr            0x08007221          Code  Gb  memchr.o [5]
__iar_Memset4_word      0x08008c4d          Code  Gb  ABImemset48.o [5]
__iar_Memset8_word      0x08008c4d          Code  Gb  ABImemset48.o [5]
__iar_Strchr            0x08007191          Code  Gb  strchr.o [5]
__iar_dadd              0x0800756d          Code  Gb  DblSub.o [4]
__iar_data_init3        0x0800a751    0x28  Code  Gb  data_init.o [5]
__iar_dsub              0x08008a75          Code  Gb  DblAdd.o [4]
__iar_dsubStart         0x08008a87          Code  Gb  DblAdd.o [4]
__iar_frexp             0x08007339          Code  Gb  frexp.o [4]
__iar_frexpl            0x08007339          Code  Gb  frexp.o [4]
__iar_globLocale        0x20000044    0x48  Data  Lc  xlocale_c.o [3]
__iar_global_Locale     0x0800711d     0x4  Code  Gb  xlocale_c.o [3]
__iar_init_vfp          0x0800a779          Code  Gb  fpinit_M.o [4]
__iar_ldexp64           0x080073fd          Code  Gb  ldexp.o [4]
__iar_packbits_init_single3
                        0x0800a719    0x38  Code  Gb  packbits_init_single.o [5]
__iar_program_start     0x0800a895          Code  Gb  cstartup_M.o [5]
__iar_scalbln64         0x080073fd          Code  Gb  ldexp.o [4]
__iar_scalbn64          0x080073fd          Code  Gb  ldexp.o [4]
__iar_softfp___iar_frexp64
                        0x0800732d          Code  Gb  frexp.o [4]
__iar_softfp_frexp      0x0800732d          Code  Gb  frexp.o [4]
__iar_softfp_frexpl     0x0800732d          Code  Gb  frexp.o [4]
__iar_systems$$module {Abs}
                        0x00000001          Data  Gb  command line/config [2]
__iar_zero_init3        0x0800a6d9    0x40  Code  Gb  zero_init3.o [5]
__low_level_init        0x0800a7db     0x4  Code  Gb  low_level_init.o [3]
__vector_table          0x08000000          Data  Gb  startup_stm32f407xx.o [1]
_call_main              0x0800a7c9          Code  Gb  cmain.o [5]
_exit                   0x0800a7e5          Code  Gb  cexit.o [5]
_gLocale_mblen          0x0800717d     0x4  Code  Gb  xlocale_c.o [3]
_gLocale_mblenInt       0x08007145    0x34  Code  Gb  xlocale_c.o [3]
_gLocale_wctomb         0x08007181     0x4  Code  Gb  xlocale_c.o [3]
_gLocale_wctombInt      0x08007179     0x4  Code  Gb  xlocale_c.o [3]
_main                   0x0800a7d7          Code  Gb  cmain.o [5]
abort                   0x08008c45     0x6  Code  Gb  abort.o [3]
adc_exe                 0x08006c4d   0x140  Code  Gb  adc_func.o [1]
adc_flag                0x2000077c     0x4  Data  Gb  adc_func.o [1]
adc_power               0x20000780     0x4  Data  Gb  adc_func.o [1]
asc2_1206               0x08009fe0   0x474  Data  Gb  lcd.o [1]
asc2_1608               0x080099f0   0x5f0  Data  Gb  lcd.o [1]
asc2_2412               0x08008c94   0xd5c  Data  Gb  lcd.o [1]
canList                 0x200002f0   0x190  Data  Gb  can.o [1]
can_add_callback        0x08005cfd    0x56  Code  Gb  can.o [1]
can_func_init           0x08006ba1    0x10  Code  Gb  can_func.o [1]
can_init                0x08005c33    0x36  Code  Gb  can.o [1]
can_rx_show_lcd         0x08006bf9    0x4c  Code  Gb  can_func.o [1]
can_send_msg            0x08005cb1    0x4c  Code  Gb  can.o [1]
can_show_lcd_func       0x08006bb1    0x48  Code  Gb  can_func.o [1]
canlistnum              0x20000784     0x4  Data  Lc  can.o [1]
delay_us                0x080001ef    0x3c  Code  Gb  lcd.o [1]
delay_us::time_delay    0x2000078c     0x4  Data  Lc  lcd.o [1]
dial_state              0x20000788     0x4  Data  Gb  gpio.o [1]
exit                    0x0800a7df     0x4  Code  Gb  exit.o [3]
gpio_delayed_button     0x08005a51    0x84  Code  Gb  gpio.o [1]
gpio_delayed_button_ctrl
                        0x0800593f    0xa6  Code  Gb  gpio.o [1]
gpio_read_dial          0x080059e5    0x6c  Code  Gb  gpio.o [1]
hadc1                   0x200005f0    0x48  Data  Gb  adc.o [1]
hcan1                   0x20000638    0x44  Data  Gb  can.o [1]
hdma_adc1               0x200004e8    0x60  Data  Gb  adc.o [1]
hspi3                   0x20000548    0x58  Data  Gb  spi.o [1]
huart1                  0x2000067c    0x40  Data  Gb  usart.o [1]
lastbutton_1            0x2000008c     0x1  Data  Gb  gpio.o [1]
lastbutton_10           0x20000095     0x1  Data  Gb  gpio.o [1]
lastbutton_2            0x2000008d     0x1  Data  Gb  gpio.o [1]
lastbutton_3            0x2000008e     0x1  Data  Gb  gpio.o [1]
lastbutton_4            0x2000008f     0x1  Data  Gb  gpio.o [1]
lastbutton_5            0x20000090     0x1  Data  Gb  gpio.o [1]
lastbutton_6            0x20000091     0x1  Data  Gb  gpio.o [1]
lastbutton_7            0x20000092     0x1  Data  Gb  gpio.o [1]
lastbutton_8            0x20000093     0x1  Data  Gb  gpio.o [1]
lastbutton_9            0x20000094     0x1  Data  Gb  gpio.o [1]
lcd_robot_init_func     0x080060ed   0x154  Code  Gb  lcd_func.o [1]
lcd_robot_init_func::x  0x20000794     0x4  Data  Lc  lcd_func.o [1]
lcd_show_exc_func       0x08006241   0x1f0  Code  Gb  lcd_func.o [1]
lcddev                  0x2000076c    0x10  Data  Gb  lcd.o [1]
ldexp                   0x080073fd          Code  Gb  ldexp.o [4]
ldexpl                  0x080073fd          Code  Gb  ldexp.o [4]
localeconv              0x08007185     0x4  Code  Gb  xlocale_c.o [3]
main                    0x08004469    0x5a  Code  Gb  main.o [1]
main_flag               0x20000798     0x4  Data  Gb  main.o [1]
memchr                  0x08007221          Code  Gb  memchr.o [5]
mode                    0x20000790     0x4  Data  Gb  lcd_func.o [1]
rx_data                 0x200006e4    0x28  Data  Gb  can_func.o [1]
rx_msg                  0x20000730    0x20  Data  Gb  can_func.o [1]
sFilterConfig           0x200006bc    0x28  Data  Gb  can.o [1]
scalbln                 0x080073fd          Code  Gb  ldexp.o [4]
scalblnl                0x080073fd          Code  Gb  ldexp.o [4]
scalbn                  0x080073fd          Code  Gb  ldexp.o [4]
scalbnl                 0x080073fd          Code  Gb  ldexp.o [4]
scale                   0x08004e4f    0x46  Code  Lc  xprintffull.o [3]
sec_hand                0x200007a4     0x4  Data  Lc  xfail_s.o [3]
sprintf                 0x08003c0d    0x40  Code  Gb  sprintf.o [3]
strchr                  0x08007191          Code  Gb  strchr.o [5]
strlen                  0x080071e9          Code  Gb  strlen.o [5]
uart_buffer             0x20000480    0x68  Data  Gb  usart.o [1]
uprintf                 0x08003bc5    0x2e  Code  Gb  usart.o [1]
uwTick                  0x200007a0     0x4  Data  Gb  stm32f4xx_hal.o [1]
vsnprintf               0x08004615    0x3c  Code  Gb  vsnprint.o [3]


[1] = C:\Users\–Ï√˙‘∂\Desktop\robot\MR1\MR1_Chassis\newhandle\EWARM\handle\Obj
[2] = command line
[3] = dl7M_tlf.a
[4] = m7M_tls.a
[5] = rt7M_tl.a
[6] = shb_l.a

  36 824 bytes of readonly  code memory
   6 870 bytes of readonly  data memory
   4 006 bytes of readwrite data memory

Errors: none
Warnings: none
