###############################################################################
#
# IAR ELF Linker V8.22.1.15669/W32 for ARM                17/Jul/2019  16:22:37
# Copyright 2007-2018 IAR Systems AB.
#
#    Output file  =  C:\Users\HZM\Desktop\program\p008\EWARM\p008\Exe\p008.out
#    Map file     =  C:\Users\HZM\Desktop\program\p008\EWARM\p008\List\p008.map
#    Command line =  
#        -f C:\Users\HZM\AppData\Local\Temp\EW5B2F.tmp
#        (C:\Users\HZM\Desktop\program\p008\EWARM\p008\Obj\gpio.o
#        C:\Users\HZM\Desktop\program\p008\EWARM\p008\Obj\main.o
#        C:\Users\HZM\Desktop\program\p008\EWARM\p008\Obj\startup_stm32f103xb.o
#        C:\Users\HZM\Desktop\program\p008\EWARM\p008\Obj\stm32f1xx_hal.o
#        C:\Users\HZM\Desktop\program\p008\EWARM\p008\Obj\stm32f1xx_hal_cortex.o
#        C:\Users\HZM\Desktop\program\p008\EWARM\p008\Obj\stm32f1xx_hal_dma.o
#        C:\Users\HZM\Desktop\program\p008\EWARM\p008\Obj\stm32f1xx_hal_flash.o
#        C:\Users\HZM\Desktop\program\p008\EWARM\p008\Obj\stm32f1xx_hal_flash_ex.o
#        C:\Users\HZM\Desktop\program\p008\EWARM\p008\Obj\stm32f1xx_hal_gpio.o
#        C:\Users\HZM\Desktop\program\p008\EWARM\p008\Obj\stm32f1xx_hal_gpio_ex.o
#        C:\Users\HZM\Desktop\program\p008\EWARM\p008\Obj\stm32f1xx_hal_msp.o
#        C:\Users\HZM\Desktop\program\p008\EWARM\p008\Obj\stm32f1xx_hal_pwr.o
#        C:\Users\HZM\Desktop\program\p008\EWARM\p008\Obj\stm32f1xx_hal_rcc.o
#        C:\Users\HZM\Desktop\program\p008\EWARM\p008\Obj\stm32f1xx_hal_rcc_ex.o
#        C:\Users\HZM\Desktop\program\p008\EWARM\p008\Obj\stm32f1xx_hal_tim.o
#        C:\Users\HZM\Desktop\program\p008\EWARM\p008\Obj\stm32f1xx_hal_tim_ex.o
#        C:\Users\HZM\Desktop\program\p008\EWARM\p008\Obj\stm32f1xx_hal_uart.o
#        C:\Users\HZM\Desktop\program\p008\EWARM\p008\Obj\stm32f1xx_it.o
#        C:\Users\HZM\Desktop\program\p008\EWARM\p008\Obj\system_stm32f1xx.o
#        C:\Users\HZM\Desktop\program\p008\EWARM\p008\Obj\usart.o --redirect
#        _Printf=_PrintfFull --redirect _Scanf=_ScanfFull -o
#        C:\Users\HZM\Desktop\program\p008\EWARM\p008\Exe\p008.out --map
#        C:\Users\HZM\Desktop\program\p008\EWARM\p008\List\p008.map --config
#        C:\Users\HZM\Desktop\program\p008\EWARM/stm32f103xb_flash.icf
#        --semihosting --entry __iar_program_start --vfe --text_out locale)
#
###############################################################################

*******************************************************************************
*** RUNTIME MODEL ATTRIBUTES
***

CppFlavor       = *
__SystemLibrary = DLib
__dlib_version  = 6


*******************************************************************************
*** HEAP SELECTION
***

The basic heap was selected because no calls to memory allocation
functions were found in the application outside of system library
functions, and there are calls to deallocation functions in the
application.


*******************************************************************************
*** PLACEMENT SUMMARY
***

"A0":  place at 0x08000000 { ro section .intvec };
"P1":  place in [from 0x08000000 to 0x0801ffff] { ro };
define block CSTACK with size = 1K, alignment = 8 { };
define block HEAP with size = 512, alignment = 8 { };
"P2":  place in [from 0x20000000 to 0x20004fff] {
          rw, block CSTACK, block HEAP };
initialize by copy { rw };

  Section            Kind        Address    Size  Object
  -------            ----        -------    ----  ------
"A0":                                       0xec
  .intvec            ro code  0x08000000    0xec  startup_stm32f103xb.o [1]
                            - 0x080000ec    0xec

"P1":                                     0x12ea
  .text              ro code  0x080000ec   0x4f6  stm32f1xx_hal_rcc.o [1]
  .text              ro code  0x080005e4     0xc  stm32f1xx_hal.o [1]
  .text              ro code  0x080005f0    0x40  stm32f1xx_hal.o [1]
  .text              ro code  0x08000630    0xc8  stm32f1xx_hal_cortex.o [1]
  .text              ro code  0x080006f8   0x4f0  stm32f1xx_hal_uart.o [1]
  .text              ro code  0x08000be8   0x10a  usart.o [1]
  .text              ro code  0x08000cf4    0xb8  stm32f1xx_hal_dma.o [1]
  .text              ro code  0x08000dac     0x2  stm32f1xx_hal_uart.o [1]
  .text              ro code  0x08000dae     0x2  stm32f1xx_hal_uart.o [1]
  .text              ro code  0x08000db0    0xa0  main.o [1]
  .text              ro code  0x08000e50     0x6  ABImemclr4.o [4]
  .text              ro code  0x08000e58   0x1e2  stm32f1xx_hal_gpio.o [1]
  .text              ro code  0x0800103c    0x28  stm32f1xx_hal.o [1]
  .text              ro code  0x08001064    0x24  stm32f1xx_hal.o [1]
  .text              ro code  0x08001088    0xa0  gpio.o [1]
  .text              ro code  0x08001128    0x32  ABImemset48.o [4]
  .text              ro code  0x0800115c    0x48  stm32f1xx_hal_msp.o [1]
  .text              ro code  0x080011a4    0x5c  system_stm32f1xx.o [1]
  .text              ro code  0x08001200    0x38  packbits_init_single.o [4]
  .text              ro code  0x08001238    0x36  stm32f1xx_it.o [1]
  .text              ro code  0x08001270    0x10  stm32f1xx_hal.o [1]
  .text              ro code  0x08001280    0x28  data_init.o [4]
  .iar.init_table    const    0x080012a8    0x10  - Linker created -
  .text              ro code  0x080012b8    0x1e  cmain.o [4]
  .text              ro code  0x080012d6     0x4  low_level_init.o [3]
  .text              ro code  0x080012da     0x4  exit.o [3]
  .text              ro code  0x080012e0     0xa  cexit.o [4]
  .text              ro code  0x080012ec    0x14  exit.o [5]
  .text              ro code  0x08001300    0x10  startup_stm32f103xb.o [1]
  .text              ro code  0x08001310     0xc  cstartup_M.o [4]
  .rodata            const    0x0800131c     0x8  system_stm32f1xx.o [1]
  .text              ro code  0x08001324     0x4  startup_stm32f103xb.o [1]
  .text              ro code  0x08001328     0x4  startup_stm32f103xb.o [1]
  .text              ro code  0x0800132c     0x4  startup_stm32f103xb.o [1]
  .text              ro code  0x08001330     0x4  startup_stm32f103xb.o [1]
  .text              ro code  0x08001334     0x4  startup_stm32f103xb.o [1]
  .text              ro code  0x08001338     0x4  startup_stm32f103xb.o [1]
  .text              ro code  0x0800133c     0x4  startup_stm32f103xb.o [1]
  .text              ro code  0x08001340     0x4  startup_stm32f103xb.o [1]
  .text              ro code  0x08001344     0x4  startup_stm32f103xb.o [1]
  .text              ro code  0x08001348     0x4  startup_stm32f103xb.o [1]
  .text              ro code  0x0800134c     0x4  startup_stm32f103xb.o [1]
  .text              ro code  0x08001350     0x4  startup_stm32f103xb.o [1]
  .text              ro code  0x08001354     0x4  startup_stm32f103xb.o [1]
  .text              ro code  0x08001358     0x4  startup_stm32f103xb.o [1]
  .text              ro code  0x0800135c     0x4  startup_stm32f103xb.o [1]
  .text              ro code  0x08001360     0x4  startup_stm32f103xb.o [1]
  .text              ro code  0x08001364     0x4  startup_stm32f103xb.o [1]
  .text              ro code  0x08001368     0x4  startup_stm32f103xb.o [1]
  .text              ro code  0x0800136c     0x4  startup_stm32f103xb.o [1]
  .text              ro code  0x08001370     0x4  startup_stm32f103xb.o [1]
  .text              ro code  0x08001374     0x4  startup_stm32f103xb.o [1]
  .text              ro code  0x08001378     0x4  startup_stm32f103xb.o [1]
  .text              ro code  0x0800137c     0x4  startup_stm32f103xb.o [1]
  .text              ro code  0x08001380     0x4  startup_stm32f103xb.o [1]
  .text              ro code  0x08001384     0x4  startup_stm32f103xb.o [1]
  .text              ro code  0x08001388     0x4  startup_stm32f103xb.o [1]
  .text              ro code  0x0800138c     0x4  startup_stm32f103xb.o [1]
  .text              ro code  0x08001390     0x4  startup_stm32f103xb.o [1]
  .text              ro code  0x08001394     0x4  startup_stm32f103xb.o [1]
  .text              ro code  0x08001398     0x4  startup_stm32f103xb.o [1]
  .text              ro code  0x0800139c     0x4  startup_stm32f103xb.o [1]
  .text              ro code  0x080013a0     0x4  startup_stm32f103xb.o [1]
  .text              ro code  0x080013a4     0x4  startup_stm32f103xb.o [1]
  .text              ro code  0x080013a8     0x4  startup_stm32f103xb.o [1]
  .text              ro code  0x080013ac     0x4  startup_stm32f103xb.o [1]
  .text              ro code  0x080013b0     0x4  startup_stm32f103xb.o [1]
  .text              ro code  0x080013b4     0x4  startup_stm32f103xb.o [1]
  .text              ro code  0x080013b8     0x4  startup_stm32f103xb.o [1]
  .text              ro code  0x080013bc     0x4  startup_stm32f103xb.o [1]
  .text              ro code  0x080013c0     0x4  startup_stm32f103xb.o [1]
  .text              ro code  0x080013c4     0x4  startup_stm32f103xb.o [1]
  .rodata            const    0x080013c8     0x0  packbits_init_single.o [4]
  Initializer bytes  const    0x080013c8     0xe  <for P2-1>
                            - 0x080013d6  0x12ea

"P2", part 1 of 2:                          0x51
  P2-1                        0x20000000    0x51  <Init block>
    .data            inited   0x20000000     0xc  stm32f1xx_hal.o [1]
    .data            inited   0x2000000c     0x4  system_stm32f1xx.o [1]
    .bss             inited   0x20000010    0x41  usart.o [1]
                            - 0x20000051    0x51

"P2", part 2 of 2:                         0x400
  CSTACK                      0x20000058   0x400  <Block>
    CSTACK           uninit   0x20000058   0x400  <Block tail>
                            - 0x20000458   0x400


*******************************************************************************
*** INIT TABLE
***

          Address     Size
          -------     ----
Copy/packbits (__iar_packbits_init_single3)
    1 source range, total size 0xe (17% of destination):
          0x080013c8   0xe
    1 destination range, total size 0x51:
          0x20000000  0x51



*******************************************************************************
*** MODULE SUMMARY
***

    Module                  ro code  ro data  rw data
    ------                  -------  -------  -------
C:\Users\HZM\Desktop\program\p008\EWARM\p008\Obj: [1]
    gpio.o                      160
    main.o                      160
    startup_stm32f103xb.o       416
    stm32f1xx_hal.o             168        2       12
    stm32f1xx_hal_cortex.o      200
    stm32f1xx_hal_dma.o         184
    stm32f1xx_hal_gpio.o        482
    stm32f1xx_hal_msp.o          72
    stm32f1xx_hal_rcc.o       1 270
    stm32f1xx_hal_uart.o      1 268
    stm32f1xx_it.o               54
    system_stm32f1xx.o           92        8        4
    usart.o                     266       12       65
    -------------------------------------------------
    Total:                    4 792       22       81

command line: [2]
    -------------------------------------------------
    Total:

dl7M_tlf.a: [3]
    exit.o                        4
    low_level_init.o              4
    -------------------------------------------------
    Total:                        8

rt7M_tl.a: [4]
    ABImemclr4.o                  6
    ABImemset48.o                50
    cexit.o                      10
    cmain.o                      30
    cstartup_M.o                 12
    data_init.o                  40
    packbits_init_single.o       56
    -------------------------------------------------
    Total:                      204

shb_l.a: [5]
    exit.o                       20
    -------------------------------------------------
    Total:                       20

    Gaps                         16
    Linker created                        16    1 024
-----------------------------------------------------
    Grand Total:              5 040       38    1 105


*******************************************************************************
*** ENTRY LIST
***

Entry                      Address   Size  Type      Object
-----                      -------   ----  ----      ------
.iar.init_table$$Base   0x080012a8          --   Gb  - Linker created -
.iar.init_table$$Limit  0x080012b8          --   Gb  - Linker created -
?main                   0x080012b9         Code  Gb  cmain.o [4]
AHBPrescTable           0x080011f0   0x10  Data  Gb  system_stm32f1xx.o [1]
APBPrescTable           0x0800131c    0x8  Data  Gb  system_stm32f1xx.o [1]
BusFault_Handler        0x0800123f    0x2  Code  Gb  stm32f1xx_it.o [1]
CSTACK$$Base            0x20000058          --   Gb  - Linker created -
CSTACK$$Limit           0x20000458          --   Gb  - Linker created -
DebugMon_Handler        0x08001245    0x2  Code  Gb  stm32f1xx_it.o [1]
EXTI15_10_IRQHandler    0x08001259   0x16  Code  Gb  stm32f1xx_it.o [1]
Error_Handler           0x08000e3d    0x2  Code  Gb  main.o [1]
HAL_DMA_Abort_IT        0x08000cf5   0x9a  Code  Gb  stm32f1xx_hal_dma.o [1]
HAL_Delay               0x0800103d   0x28  Code  Wk  stm32f1xx_hal.o [1]
HAL_GPIO_EXTI_IRQHandler
                        0x08000fef   0x10  Code  Gb  stm32f1xx_hal_gpio.o [1]
HAL_GPIO_Init           0x08000e59  0x182  Code  Gb  stm32f1xx_hal_gpio.o [1]
HAL_GPIO_TogglePin      0x08000fe7    0x8  Code  Gb  stm32f1xx_hal_gpio.o [1]
HAL_GPIO_WritePin       0x08000fdb    0xc  Code  Gb  stm32f1xx_hal_gpio.o [1]
HAL_GetTick             0x080005e5    0xc  Code  Wk  stm32f1xx_hal.o [1]
HAL_IncTick             0x08001271   0x10  Code  Wk  stm32f1xx_hal.o [1]
HAL_Init                0x08001065   0x20  Code  Gb  stm32f1xx_hal.o [1]
HAL_InitTick            0x080005f1   0x40  Code  Wk  stm32f1xx_hal.o [1]
HAL_MspInit             0x0800115d   0x48  Code  Gb  stm32f1xx_hal_msp.o [1]
HAL_NVIC_EnableIRQ      0x080006a3    0xa  Code  Gb  stm32f1xx_hal_cortex.o [1]
HAL_NVIC_SetPriority    0x08000669   0x3a  Code  Gb  stm32f1xx_hal_cortex.o [1]
HAL_NVIC_SetPriorityGrouping
                        0x0800064f   0x1a  Code  Gb  stm32f1xx_hal_cortex.o [1]
HAL_RCC_ClockConfig     0x08000409  0x126  Code  Gb  stm32f1xx_hal_rcc.o [1]
HAL_RCC_GetPCLK1Freq    0x08000581   0x10  Code  Gb  stm32f1xx_hal_rcc.o [1]
HAL_RCC_GetPCLK2Freq    0x08000591    0xe  Code  Gb  stm32f1xx_hal_rcc.o [1]
HAL_RCC_GetSysClockFreq
                        0x08000545   0x3c  Code  Gb  stm32f1xx_hal_rcc.o [1]
HAL_RCC_GetSysClockFreq::aPLLMULFactorTable
                        0x080005d0   0x10  Data  Lc  stm32f1xx_hal_rcc.o [1]
HAL_RCC_GetSysClockFreq::aPredivFactorTable
                        0x080005e0    0x2  Data  Lc  stm32f1xx_hal_rcc.o [1]
HAL_RCC_OscConfig       0x080000ed  0x314  Code  Gb  stm32f1xx_hal_rcc.o [1]
HAL_SYSTICK_Config      0x080006b7   0x28  Code  Gb  stm32f1xx_hal_cortex.o [1]
HAL_UART_IRQHandler     0x08000889  0x152  Code  Gb  stm32f1xx_hal_uart.o [1]
HAL_UART_Init           0x080006f9   0x1e  Code  Gb  stm32f1xx_hal_uart.o [1]
HAL_UART_MspInit        0x08000c19   0x7c  Code  Gb  usart.o [1]
HAL_UART_Receive_IT     0x08000823   0x54  Code  Gb  stm32f1xx_hal_uart.o [1]
HAL_UART_RxCpltCallback
                        0x08000c95   0x3c  Code  Gb  usart.o [1]
HAL_UART_Transmit       0x08000771   0xaa  Code  Gb  stm32f1xx_hal_uart.o [1]
HardFault_Handler       0x0800123b    0x2  Code  Gb  stm32f1xx_it.o [1]
MX_GPIO_Init            0x08001089   0x94  Code  Gb  gpio.o [1]
MX_USART1_UART_Init     0x08000be9   0x30  Code  Gb  usart.o [1]
MemManage_Handler       0x0800123d    0x2  Code  Gb  stm32f1xx_it.o [1]
NMI_Handler             0x08001239    0x2  Code  Gb  stm32f1xx_it.o [1]
NVIC_SetPriority        0x08000631   0x1e  Code  Lc  stm32f1xx_hal_cortex.o [1]
PendSV_Handler          0x08001247    0x2  Code  Gb  stm32f1xx_it.o [1]
Region$$Table$$Base     0x080012a8          --   Gb  - Linker created -
Region$$Table$$Limit    0x080012b8          --   Gb  - Linker created -
SVC_Handler             0x08001243    0x2  Code  Gb  stm32f1xx_it.o [1]
SysTick_Handler         0x08001249    0x4  Code  Gb  stm32f1xx_it.o [1]
SystemClock_Config      0x08000de5   0x58  Code  Gb  main.o [1]
SystemCoreClock         0x2000000c    0x4  Data  Gb  system_stm32f1xx.o [1]
SystemInit              0x080011a5   0x3a  Code  Gb  system_stm32f1xx.o [1]
UART_DMAAbortOnError    0x08000a5d    0xc  Code  Lc  stm32f1xx_hal_uart.o [1]
UART_EndRxTransfer      0x08000a3f   0x1c  Code  Lc  stm32f1xx_hal_uart.o [1]
UART_Receive_IT         0x08000a69   0x96  Code  Lc  stm32f1xx_hal_uart.o [1]
UART_SetConfig          0x08000aff   0xde  Code  Lc  stm32f1xx_hal_uart.o [1]
UART_WaitOnFlagUntilTimeout
                        0x080009db   0x56  Code  Lc  stm32f1xx_hal_uart.o [1]
USART1_IRQHandler       0x0800124d    0x6  Code  Gb  stm32f1xx_it.o [1]
UsageFault_Handler      0x08001241    0x2  Code  Gb  stm32f1xx_it.o [1]
__aeabi_memclr4         0x08000e51         Code  Gb  ABImemclr4.o [4]
__cmain                 0x080012b9         Code  Gb  cmain.o [4]
__exit                  0x080012ed   0x14  Code  Gb  exit.o [5]
__iar_Memset4_word      0x08001129         Code  Gb  ABImemset48.o [4]
__iar_Memset8_word      0x08001129         Code  Gb  ABImemset48.o [4]
__iar_data_init3        0x08001281   0x28  Code  Gb  data_init.o [4]
__iar_packbits_init_single3
                        0x08001201   0x38  Code  Gb  packbits_init_single.o [4]
__iar_program_start     0x08001311         Code  Gb  cstartup_M.o [4]
__iar_systems$$module {Abs}
                        0x00000001         Data  Gb  command line/config [2]
__low_level_init        0x080012d7    0x4  Code  Gb  low_level_init.o [3]
__vector_table          0x08000000         Data  Gb  startup_stm32f103xb.o [1]
_call_main              0x080012c5         Code  Gb  cmain.o [4]
_exit                   0x080012e1         Code  Gb  cexit.o [4]
_main                   0x080012d3         Code  Gb  cmain.o [4]
buffer_rx_temp          0x20000050    0x1  Data  Gb  usart.o [1]
exit                    0x080012db    0x4  Code  Gb  exit.o [3]
huart1                  0x20000010   0x40  Data  Gb  usart.o [1]
main                    0x08000db1   0x2c  Code  Gb  main.o [1]
uwTick                  0x20000004    0x4  Data  Gb  stm32f1xx_hal.o [1]
uwTickFreq              0x20000000    0x1  Data  Gb  stm32f1xx_hal.o [1]
uwTickPrio              0x20000008    0x4  Data  Gb  stm32f1xx_hal.o [1]


[1] = C:\Users\HZM\Desktop\program\p008\EWARM\p008\Obj
[2] = command line
[3] = dl7M_tlf.a
[4] = rt7M_tl.a
[5] = shb_l.a

  5 040 bytes of readonly  code memory
     38 bytes of readonly  data memory
  1 105 bytes of readwrite data memory

Errors: none
Warnings: none
