###############################################################################
#
# IAR ELF Linker V8.22.1.15669/W32 for ARM                19/Jul/2019  14:38:58
# Copyright 2007-2018 IAR Systems AB.
#
#    Output file  =  C:\Users\HZM\Desktop\program\p013\EWARM\p013\Exe\p013.out
#    Map file     =  C:\Users\HZM\Desktop\program\p013\EWARM\p013\List\p013.map
#    Command line =  
#        -f C:\Users\HZM\AppData\Local\Temp\EW4449.tmp
#        (C:\Users\HZM\Desktop\program\p013\EWARM\p013\Obj\gpio.o
#        C:\Users\HZM\Desktop\program\p013\EWARM\p013\Obj\main.o
#        C:\Users\HZM\Desktop\program\p013\EWARM\p013\Obj\startup_stm32f103xb.o
#        C:\Users\HZM\Desktop\program\p013\EWARM\p013\Obj\stm32f1xx_hal.o
#        C:\Users\HZM\Desktop\program\p013\EWARM\p013\Obj\stm32f1xx_hal_cortex.o
#        C:\Users\HZM\Desktop\program\p013\EWARM\p013\Obj\stm32f1xx_hal_dma.o
#        C:\Users\HZM\Desktop\program\p013\EWARM\p013\Obj\stm32f1xx_hal_flash.o
#        C:\Users\HZM\Desktop\program\p013\EWARM\p013\Obj\stm32f1xx_hal_flash_ex.o
#        C:\Users\HZM\Desktop\program\p013\EWARM\p013\Obj\stm32f1xx_hal_gpio.o
#        C:\Users\HZM\Desktop\program\p013\EWARM\p013\Obj\stm32f1xx_hal_gpio_ex.o
#        C:\Users\HZM\Desktop\program\p013\EWARM\p013\Obj\stm32f1xx_hal_msp.o
#        C:\Users\HZM\Desktop\program\p013\EWARM\p013\Obj\stm32f1xx_hal_pwr.o
#        C:\Users\HZM\Desktop\program\p013\EWARM\p013\Obj\stm32f1xx_hal_rcc.o
#        C:\Users\HZM\Desktop\program\p013\EWARM\p013\Obj\stm32f1xx_hal_rcc_ex.o
#        C:\Users\HZM\Desktop\program\p013\EWARM\p013\Obj\stm32f1xx_hal_tim.o
#        C:\Users\HZM\Desktop\program\p013\EWARM\p013\Obj\stm32f1xx_hal_tim_ex.o
#        C:\Users\HZM\Desktop\program\p013\EWARM\p013\Obj\stm32f1xx_hal_uart.o
#        C:\Users\HZM\Desktop\program\p013\EWARM\p013\Obj\stm32f1xx_it.o
#        C:\Users\HZM\Desktop\program\p013\EWARM\p013\Obj\system_stm32f1xx.o
#        C:\Users\HZM\Desktop\program\p013\EWARM\p013\Obj\tim.o
#        C:\Users\HZM\Desktop\program\p013\EWARM\p013\Obj\usart.o --redirect
#        _Printf=_PrintfFull --redirect _Scanf=_ScanfFull -o
#        C:\Users\HZM\Desktop\program\p013\EWARM\p013\Exe\p013.out --map
#        C:\Users\HZM\Desktop\program\p013\EWARM\p013\List\p013.map --config
#        C:\Users\HZM\Desktop\program\p013\EWARM/stm32f103xb_flash.icf
#        --semihosting --entry __iar_program_start --vfe --text_out locale)
#
###############################################################################

*******************************************************************************
*** RUNTIME MODEL ATTRIBUTES
***

CppFlavor       = *
__SystemLibrary = DLib
__dlib_version  = 6


*******************************************************************************
*** HEAP SELECTION
***

The basic heap was selected because no calls to memory allocation
functions were found in the application outside of system library
functions, and there are calls to deallocation functions in the
application.


*******************************************************************************
*** PLACEMENT SUMMARY
***

"A0":  place at 0x08000000 { ro section .intvec };
"P1":  place in [from 0x08000000 to 0x0801ffff] { ro };
define block CSTACK with size = 1K, alignment = 8 { };
define block HEAP with size = 512, alignment = 8 { };
"P2":  place in [from 0x20000000 to 0x20004fff] {
          rw, block CSTACK, block HEAP };
initialize by copy { rw };

  Section            Kind        Address    Size  Object
  -------            ----        -------    ----  ------
"A0":                                       0xec
  .intvec            ro code  0x08000000    0xec  startup_stm32f103xb.o [1]
                            - 0x080000ec    0xec

"P1":                                     0x1f0c
  .text              ro code  0x080000ec   0x5b6  stm32f1xx_hal_tim.o [1]
  .text              ro code  0x080006a4   0x19c  tim.o [1]
  .text              ro code  0x08000840     0x2  stm32f1xx_hal_tim.o [1]
  .text              ro code  0x08000842     0x2  stm32f1xx_hal_tim.o [1]
  .text              ro code  0x08000844     0x2  stm32f1xx_hal_tim.o [1]
  .text              ro code  0x08000846     0x2  stm32f1xx_hal_tim.o [1]
  .text              ro code  0x08000848     0x2  stm32f1xx_hal_tim_ex.o [1]
  .text              ro code  0x0800084a     0x2  stm32f1xx_hal_tim.o [1]
  .text              ro code  0x0800084c     0x2  stm32f1xx_hal_tim_ex.o [1]
  .text              ro code  0x0800084e     0x2  stm32f1xx_hal_tim.o [1]
  .text              ro code  0x08000850     0x6  ABImemclr4.o [5]
  .text              ro code  0x08000858    0x92  main.o [1]
  .text              ro code  0x080008ec    0x4a  stm32f1xx_hal_tim_ex.o [1]
  .text              ro code  0x08000938    0xc8  stm32f1xx_hal_cortex.o [1]
  .text              ro code  0x08000a00   0x1c4  stm32f1xx_hal_gpio.o [1]
  .text              ro code  0x08000bc4    0x1a  U32ToDbl.o [4]
  .text              ro code  0x08000be0   0x1a2  DblMul.o [4]
  .text              ro code  0x08000d84   0x178  DblAdd.o [4]
  .text              ro code  0x08000efc    0x28  DblToU32.o [4]
  .text              ro code  0x08000f24    0x32  ABImemset48.o [5]
  .text              ro code  0x08000f58    0x24  stm32f1xx_hal.o [1]
  .text              ro code  0x08000f7c    0x88  gpio.o [1]
  .text              ro code  0x08001004   0x154  usart.o [1]
  .text              ro code  0x08001158   0x4f0  stm32f1xx_hal_uart.o [1]
  .text              ro code  0x08001648   0x4f6  stm32f1xx_hal_rcc.o [1]
  .text              ro code  0x08001b40    0xd2  DblSub.o [4]
  .text              ro code  0x08001c14    0x40  stm32f1xx_hal.o [1]
  .text              ro code  0x08001c54    0x48  stm32f1xx_hal_msp.o [1]
  .text              ro code  0x08001c9c    0x28  stm32f1xx_hal.o [1]
  .text              ro code  0x08001cc4     0xc  stm32f1xx_hal.o [1]
  .text              ro code  0x08001cd0    0xb8  stm32f1xx_hal_dma.o [1]
  .text              ro code  0x08001d88     0x2  stm32f1xx_hal_uart.o [1]
  .text              ro code  0x08001d8a     0x2  stm32f1xx_hal_uart.o [1]
  .text              ro code  0x08001d8c    0x5c  system_stm32f1xx.o [1]
  .text              ro code  0x08001de8    0x40  zero_init3.o [5]
  .text              ro code  0x08001e28    0x2c  copy_init3.o [5]
  .text              ro code  0x08001e54    0x28  stm32f1xx_it.o [1]
  .text              ro code  0x08001e7c    0x10  stm32f1xx_hal.o [1]
  .text              ro code  0x08001e8c    0x28  data_init.o [5]
  .iar.init_table    const    0x08001eb4    0x24  - Linker created -
  .text              ro code  0x08001ed8    0x1e  cmain.o [5]
  .text              ro code  0x08001ef6     0x4  low_level_init.o [3]
  .text              ro code  0x08001efa     0x4  exit.o [3]
  .text              ro code  0x08001f00     0xa  cexit.o [5]
  .text              ro code  0x08001f0c    0x14  exit.o [6]
  .text              ro code  0x08001f20    0x10  startup_stm32f103xb.o [1]
  Initializer bytes  const    0x08001f30    0x10  <for P2-1>
  .text              ro code  0x08001f40     0xc  cstartup_M.o [5]
  .rodata            const    0x08001f4c     0x8  system_stm32f1xx.o [1]
  .text              ro code  0x08001f54     0x4  startup_stm32f103xb.o [1]
  .text              ro code  0x08001f58     0x4  startup_stm32f103xb.o [1]
  .text              ro code  0x08001f5c     0x4  startup_stm32f103xb.o [1]
  .text              ro code  0x08001f60     0x4  startup_stm32f103xb.o [1]
  .text              ro code  0x08001f64     0x4  startup_stm32f103xb.o [1]
  .text              ro code  0x08001f68     0x4  startup_stm32f103xb.o [1]
  .text              ro code  0x08001f6c     0x4  startup_stm32f103xb.o [1]
  .text              ro code  0x08001f70     0x4  startup_stm32f103xb.o [1]
  .text              ro code  0x08001f74     0x4  startup_stm32f103xb.o [1]
  .text              ro code  0x08001f78     0x4  startup_stm32f103xb.o [1]
  .text              ro code  0x08001f7c     0x4  startup_stm32f103xb.o [1]
  .text              ro code  0x08001f80     0x4  startup_stm32f103xb.o [1]
  .text              ro code  0x08001f84     0x4  startup_stm32f103xb.o [1]
  .text              ro code  0x08001f88     0x4  startup_stm32f103xb.o [1]
  .text              ro code  0x08001f8c     0x4  startup_stm32f103xb.o [1]
  .text              ro code  0x08001f90     0x4  startup_stm32f103xb.o [1]
  .text              ro code  0x08001f94     0x4  startup_stm32f103xb.o [1]
  .text              ro code  0x08001f98     0x4  startup_stm32f103xb.o [1]
  .text              ro code  0x08001f9c     0x4  startup_stm32f103xb.o [1]
  .text              ro code  0x08001fa0     0x4  startup_stm32f103xb.o [1]
  .text              ro code  0x08001fa4     0x4  startup_stm32f103xb.o [1]
  .text              ro code  0x08001fa8     0x4  startup_stm32f103xb.o [1]
  .text              ro code  0x08001fac     0x4  startup_stm32f103xb.o [1]
  .text              ro code  0x08001fb0     0x4  startup_stm32f103xb.o [1]
  .text              ro code  0x08001fb4     0x4  startup_stm32f103xb.o [1]
  .text              ro code  0x08001fb8     0x4  startup_stm32f103xb.o [1]
  .text              ro code  0x08001fbc     0x4  startup_stm32f103xb.o [1]
  .text              ro code  0x08001fc0     0x4  startup_stm32f103xb.o [1]
  .text              ro code  0x08001fc4     0x4  startup_stm32f103xb.o [1]
  .text              ro code  0x08001fc8     0x4  startup_stm32f103xb.o [1]
  .text              ro code  0x08001fcc     0x4  startup_stm32f103xb.o [1]
  .text              ro code  0x08001fd0     0x4  startup_stm32f103xb.o [1]
  .text              ro code  0x08001fd4     0x4  startup_stm32f103xb.o [1]
  .text              ro code  0x08001fd8     0x4  startup_stm32f103xb.o [1]
  .text              ro code  0x08001fdc     0x4  startup_stm32f103xb.o [1]
  .text              ro code  0x08001fe0     0x4  startup_stm32f103xb.o [1]
  .text              ro code  0x08001fe4     0x4  startup_stm32f103xb.o [1]
  .text              ro code  0x08001fe8     0x4  startup_stm32f103xb.o [1]
  .text              ro code  0x08001fec     0x4  startup_stm32f103xb.o [1]
  .text              ro code  0x08001ff0     0x4  startup_stm32f103xb.o [1]
  .text              ro code  0x08001ff4     0x4  startup_stm32f103xb.o [1]
  .rodata            const    0x08001ff8     0x0  zero_init3.o [5]
  .rodata            const    0x08001ff8     0x0  copy_init3.o [5]
                            - 0x08001ff8  0x1f0c

"P2", part 1 of 3:                          0x10
  P2-1                        0x20000000    0x10  <Init block>
    .data            inited   0x20000000     0xc  stm32f1xx_hal.o [1]
    .data            inited   0x2000000c     0x4  system_stm32f1xx.o [1]
                            - 0x20000010    0x10

"P2", part 2 of 3:                          0x8c
  .bss               zero     0x20000010    0x4c  usart.o [1]
  .bss               zero     0x2000005c    0x40  tim.o [1]
                            - 0x2000009c    0x8c

"P2", part 3 of 3:                         0x400
  CSTACK                      0x200000a0   0x400  <Block>
    CSTACK           uninit   0x200000a0   0x400  <Block tail>
                            - 0x200004a0   0x400


*******************************************************************************
*** INIT TABLE
***

          Address     Size
          -------     ----
Zero (__iar_zero_init3)
    1 destination range, total size 0x8c:
          0x20000010  0x8c

Copy (__iar_copy_init3)
    1 source range, total size 0x10:
          0x08001f30  0x10
    1 destination range, total size 0x10:
          0x20000000  0x10



*******************************************************************************
*** MODULE SUMMARY
***

    Module                  ro code  ro data  rw data
    ------                  -------  -------  -------
C:\Users\HZM\Desktop\program\p013\EWARM\p013\Obj: [1]
    gpio.o                      136
    main.o                      146
    startup_stm32f103xb.o       416
    stm32f1xx_hal.o             168       12       12
    stm32f1xx_hal_cortex.o      200
    stm32f1xx_hal_dma.o         184
    stm32f1xx_hal_gpio.o        452
    stm32f1xx_hal_msp.o          72
    stm32f1xx_hal_rcc.o       1 270
    stm32f1xx_hal_tim.o       1 474
    stm32f1xx_hal_tim_ex.o       78
    stm32f1xx_hal_uart.o      1 268
    stm32f1xx_it.o               40
    system_stm32f1xx.o           92       12        4
    tim.o                       412                64
    usart.o                     340                76
    -------------------------------------------------
    Total:                    6 748       24      156

command line: [2]
    -------------------------------------------------
    Total:

dl7M_tlf.a: [3]
    exit.o                        4
    low_level_init.o              4
    -------------------------------------------------
    Total:                        8

m7M_tl.a: [4]
    DblAdd.o                    376
    DblMul.o                    418
    DblSub.o                    210
    DblToU32.o                   40
    U32ToDbl.o                   26
    -------------------------------------------------
    Total:                    1 070

rt7M_tl.a: [5]
    ABImemclr4.o                  6
    ABImemset48.o                50
    cexit.o                      10
    cmain.o                      30
    copy_init3.o                 44
    cstartup_M.o                 12
    data_init.o                  40
    zero_init3.o                 64
    -------------------------------------------------
    Total:                      256

shb_l.a: [6]
    exit.o                       20
    -------------------------------------------------
    Total:                       20

    Gaps                         22
    Linker created                        36    1 024
-----------------------------------------------------
    Grand Total:              8 124       60    1 180


*******************************************************************************
*** ENTRY LIST
***

Entry                      Address   Size  Type      Object
-----                      -------   ----  ----      ------
.iar.init_table$$Base   0x08001eb4          --   Gb  - Linker created -
.iar.init_table$$Limit  0x08001ed8          --   Gb  - Linker created -
?main                   0x08001ed9         Code  Gb  cmain.o [5]
AHBPrescTable           0x08001dd8   0x10  Data  Gb  system_stm32f1xx.o [1]
APBPrescTable           0x08001f4c    0x8  Data  Gb  system_stm32f1xx.o [1]
BusFault_Handler        0x08001e5b    0x2  Code  Gb  stm32f1xx_it.o [1]
CSTACK$$Base            0x200000a0          --   Gb  - Linker created -
CSTACK$$Limit           0x200004a0          --   Gb  - Linker created -
DebugMon_Handler        0x08001e61    0x2  Code  Gb  stm32f1xx_it.o [1]
Error_Handler           0x080008e9    0x2  Code  Gb  main.o [1]
HAL_DMA_Abort_IT        0x08001cd1   0x9a  Code  Gb  stm32f1xx_hal_dma.o [1]
HAL_Delay               0x08001c9d   0x28  Code  Wk  stm32f1xx_hal.o [1]
HAL_GPIO_Init           0x08000a01  0x182  Code  Gb  stm32f1xx_hal_gpio.o [1]
HAL_GPIO_WritePin       0x08000b83    0xc  Code  Gb  stm32f1xx_hal_gpio.o [1]
HAL_GetTick             0x08001cc5    0xc  Code  Wk  stm32f1xx_hal.o [1]
HAL_IncTick             0x08001e7d   0x10  Code  Wk  stm32f1xx_hal.o [1]
HAL_Init                0x08000f59   0x20  Code  Gb  stm32f1xx_hal.o [1]
HAL_InitTick            0x08001c15   0x40  Code  Wk  stm32f1xx_hal.o [1]
HAL_MspInit             0x08001c55   0x48  Code  Gb  stm32f1xx_hal_msp.o [1]
HAL_NVIC_EnableIRQ      0x080009ab    0xa  Code  Gb  stm32f1xx_hal_cortex.o [1]
HAL_NVIC_SetPriority    0x08000971   0x3a  Code  Gb  stm32f1xx_hal_cortex.o [1]
HAL_NVIC_SetPriorityGrouping
                        0x08000957   0x1a  Code  Gb  stm32f1xx_hal_cortex.o [1]
HAL_RCC_ClockConfig     0x08001965  0x126  Code  Gb  stm32f1xx_hal_rcc.o [1]
HAL_RCC_GetPCLK1Freq    0x08001add   0x10  Code  Gb  stm32f1xx_hal_rcc.o [1]
HAL_RCC_GetPCLK2Freq    0x08001aed    0xe  Code  Gb  stm32f1xx_hal_rcc.o [1]
HAL_RCC_GetSysClockFreq
                        0x08001aa1   0x3c  Code  Gb  stm32f1xx_hal_rcc.o [1]
HAL_RCC_GetSysClockFreq::aPLLMULFactorTable
                        0x08001b2c   0x10  Data  Lc  stm32f1xx_hal_rcc.o [1]
HAL_RCC_GetSysClockFreq::aPredivFactorTable
                        0x08001b3c    0x2  Data  Lc  stm32f1xx_hal_rcc.o [1]
HAL_RCC_OscConfig       0x08001649  0x314  Code  Gb  stm32f1xx_hal_rcc.o [1]
HAL_SYSTICK_Config      0x080009bf   0x28  Code  Gb  stm32f1xx_hal_cortex.o [1]
HAL_TIMEx_BreakCallback
                        0x08000849    0x2  Code  Wk  stm32f1xx_hal_tim_ex.o [1]
HAL_TIMEx_CommutationCallback
                        0x0800084d    0x2  Code  Wk  stm32f1xx_hal_tim_ex.o [1]
HAL_TIMEx_MasterConfigSynchronization
                        0x080008ed   0x4a  Code  Gb  stm32f1xx_hal_tim_ex.o [1]
HAL_TIM_Base_Init       0x080000ed   0x1a  Code  Gb  stm32f1xx_hal_tim.o [1]
HAL_TIM_Base_MspInit    0x08000747   0x34  Code  Gb  tim.o [1]
HAL_TIM_ConfigClockSource
                        0x080003b1   0xac  Code  Gb  stm32f1xx_hal_tim.o [1]
HAL_TIM_IRQHandler      0x08000181  0x142  Code  Gb  stm32f1xx_hal_tim.o [1]
HAL_TIM_MspPostInit     0x0800077b   0x52  Code  Gb  tim.o [1]
HAL_TIM_PWM_ConfigChannel
                        0x080002c9   0xc0  Code  Gb  stm32f1xx_hal_tim.o [1]
HAL_TIM_PWM_Init        0x0800011b   0x1a  Code  Gb  stm32f1xx_hal_tim.o [1]
HAL_TIM_PWM_Start       0x08000135    0x2  Code  Gb  stm32f1xx_hal_tim.o [1]
HAL_UART_IRQHandler     0x080012e9  0x152  Code  Gb  stm32f1xx_hal_uart.o [1]
HAL_UART_Init           0x08001159   0x1e  Code  Gb  stm32f1xx_hal_uart.o [1]
HAL_UART_MspInit        0x08001037   0x7c  Code  Gb  usart.o [1]
HAL_UART_Receive_IT     0x08001283   0x54  Code  Gb  stm32f1xx_hal_uart.o [1]
HAL_UART_RxCpltCallback
                        0x080010b3   0x86  Code  Gb  usart.o [1]
HAL_UART_Transmit       0x080011d1   0xaa  Code  Gb  stm32f1xx_hal_uart.o [1]
HardFault_Handler       0x08001e57    0x2  Code  Gb  stm32f1xx_it.o [1]
MX_GPIO_Init            0x08000f7d   0x80  Code  Gb  gpio.o [1]
MX_TIM3_Init            0x080006a5   0xa2  Code  Gb  tim.o [1]
MX_USART1_UART_Init     0x08001005   0x32  Code  Gb  usart.o [1]
MemManage_Handler       0x08001e59    0x2  Code  Gb  stm32f1xx_it.o [1]
NMI_Handler             0x08001e55    0x2  Code  Gb  stm32f1xx_it.o [1]
NVIC_SetPriority        0x08000939   0x1e  Code  Lc  stm32f1xx_hal_cortex.o [1]
PendSV_Handler          0x08001e63    0x2  Code  Gb  stm32f1xx_it.o [1]
Region$$Table$$Base     0x08001eb4          --   Gb  - Linker created -
Region$$Table$$Limit    0x08001ed8          --   Gb  - Linker created -
SVC_Handler             0x08001e5f    0x2  Code  Gb  stm32f1xx_it.o [1]
SysTick_Handler         0x08001e65    0x4  Code  Gb  stm32f1xx_it.o [1]
SystemClock_Config      0x08000891   0x58  Code  Gb  main.o [1]
SystemCoreClock         0x2000000c    0x4  Data  Gb  system_stm32f1xx.o [1]
SystemInit              0x08001d8d   0x3a  Code  Gb  system_stm32f1xx.o [1]
TIM3_IRQHandler         0x08001e69    0x6  Code  Gb  stm32f1xx_it.o [1]
TIM_Base_SetConfig      0x08000487   0x5e  Code  Gb  stm32f1xx_hal_tim.o [1]
TIM_CCxChannelCmd       0x0800068b   0x12  Code  Gb  stm32f1xx_hal_tim.o [1]
TIM_ETR_SetConfig       0x08000677   0x14  Code  Lc  stm32f1xx_hal_tim.o [1]
TIM_ITRx_SetConfig      0x08000667   0x10  Code  Lc  stm32f1xx_hal_tim.o [1]
TIM_OC1_SetConfig       0x080004e5   0x44  Code  Lc  stm32f1xx_hal_tim.o [1]
TIM_OC2_SetConfig       0x08000529   0x52  Code  Gb  stm32f1xx_hal_tim.o [1]
TIM_OC3_SetConfig       0x0800057b   0x4a  Code  Lc  stm32f1xx_hal_tim.o [1]
TIM_OC4_SetConfig       0x080005d1   0x40  Code  Lc  stm32f1xx_hal_tim.o [1]
TIM_TI1_ConfigInputStage
                        0x08000625   0x1e  Code  Lc  stm32f1xx_hal_tim.o [1]
TIM_TI2_ConfigInputStage
                        0x08000643   0x24  Code  Lc  stm32f1xx_hal_tim.o [1]
UART_DMAAbortOnError    0x080014bd    0xc  Code  Lc  stm32f1xx_hal_uart.o [1]
UART_EndRxTransfer      0x0800149f   0x1c  Code  Lc  stm32f1xx_hal_uart.o [1]
UART_Receive_IT         0x080014c9   0x96  Code  Lc  stm32f1xx_hal_uart.o [1]
UART_SetConfig          0x0800155f   0xde  Code  Lc  stm32f1xx_hal_uart.o [1]
UART_WaitOnFlagUntilTimeout
                        0x0800143b   0x56  Code  Lc  stm32f1xx_hal_uart.o [1]
USART1_IRQHandler       0x08001e6f    0x6  Code  Gb  stm32f1xx_it.o [1]
UsageFault_Handler      0x08001e5d    0x2  Code  Gb  stm32f1xx_it.o [1]
__aeabi_d2uiz           0x08000efd         Code  Gb  DblToU32.o [4]
__aeabi_dadd            0x08000d85         Code  Gb  DblAdd.o [4]
__aeabi_dmul            0x08000be1         Code  Gb  DblMul.o [4]
__aeabi_memclr4         0x08000851         Code  Gb  ABImemclr4.o [5]
__aeabi_ui2d            0x08000bc5         Code  Gb  U32ToDbl.o [4]
__cmain                 0x08001ed9         Code  Gb  cmain.o [5]
__exit                  0x08001f0d   0x14  Code  Gb  exit.o [6]
__iar_Memset4_word      0x08000f25         Code  Gb  ABImemset48.o [5]
__iar_Memset8_word      0x08000f25         Code  Gb  ABImemset48.o [5]
__iar_copy_init3        0x08001e29   0x2c  Code  Gb  copy_init3.o [5]
__iar_dadd              0x08001b41         Code  Gb  DblSub.o [4]
__iar_data_init3        0x08001e8d   0x28  Code  Gb  data_init.o [5]
__iar_dsub              0x08000d95         Code  Gb  DblAdd.o [4]
__iar_dsubStart         0x08000da7         Code  Gb  DblAdd.o [4]
__iar_program_start     0x08001f41         Code  Gb  cstartup_M.o [5]
__iar_systems$$module {Abs}
                        0x00000001         Data  Gb  command line/config [2]
__iar_zero_init3        0x08001de9   0x40  Code  Gb  zero_init3.o [5]
__low_level_init        0x08001ef7    0x4  Code  Gb  low_level_init.o [3]
__vector_table          0x08000000         Data  Gb  startup_stm32f103xb.o [1]
_call_main              0x08001ee5         Code  Gb  cmain.o [5]
_exit                   0x08001f01         Code  Gb  cexit.o [5]
_main                   0x08001ef3         Code  Gb  cmain.o [5]
exit                    0x08001efb    0x4  Code  Gb  exit.o [3]
htim3                   0x2000005c   0x40  Data  Gb  tim.o [1]
huart1                  0x2000001c   0x40  Data  Gb  usart.o [1]
main                    0x08000859   0x2a  Code  Gb  main.o [1]
temp                    0x20000010    0xc  Data  Gb  usart.o [1]
user_pwm_setfrequency   0x080007cd   0x14  Code  Gb  tim.o [1]
user_pwm_setpulse       0x080007e1   0x24  Code  Gb  tim.o [1]
uwTick                  0x20000004    0x4  Data  Gb  stm32f1xx_hal.o [1]
uwTickFreq              0x20000000    0x1  Data  Gb  stm32f1xx_hal.o [1]
uwTickPrio              0x20000008    0x4  Data  Gb  stm32f1xx_hal.o [1]


[1] = C:\Users\HZM\Desktop\program\p013\EWARM\p013\Obj
[2] = command line
[3] = dl7M_tlf.a
[4] = m7M_tl.a
[5] = rt7M_tl.a
[6] = shb_l.a

  8 124 bytes of readonly  code memory
     60 bytes of readonly  data memory
  1 180 bytes of readwrite data memory

Errors: none
Warnings: none
