###############################################################################
#
# IAR ELF Linker V8.22.1.15669/W32 for ARM                22/Jul/2019  08:55:39
# Copyright 2007-2018 IAR Systems AB.
#
#    Output file  =  
#        C:\Users\HZM\Desktop\program\p017r\EWARM\p017r\Exe\p017r.out
#    Map file     =  
#        C:\Users\HZM\Desktop\program\p017r\EWARM\p017r\List\p017r.map
#    Command line =  
#        -f C:\Users\HZM\AppData\Local\Temp\EW7422.tmp
#        (C:\Users\HZM\Desktop\program\p017r\EWARM\p017r\Obj\can.o
#        C:\Users\HZM\Desktop\program\p017r\EWARM\p017r\Obj\gpio.o
#        C:\Users\HZM\Desktop\program\p017r\EWARM\p017r\Obj\main.o
#        C:\Users\HZM\Desktop\program\p017r\EWARM\p017r\Obj\startup_stm32f103xb.o
#        C:\Users\HZM\Desktop\program\p017r\EWARM\p017r\Obj\stm32f1xx_hal.o
#        C:\Users\HZM\Desktop\program\p017r\EWARM\p017r\Obj\stm32f1xx_hal_can.o
#        C:\Users\HZM\Desktop\program\p017r\EWARM\p017r\Obj\stm32f1xx_hal_cortex.o
#        C:\Users\HZM\Desktop\program\p017r\EWARM\p017r\Obj\stm32f1xx_hal_dma.o
#        C:\Users\HZM\Desktop\program\p017r\EWARM\p017r\Obj\stm32f1xx_hal_flash.o
#        C:\Users\HZM\Desktop\program\p017r\EWARM\p017r\Obj\stm32f1xx_hal_flash_ex.o
#        C:\Users\HZM\Desktop\program\p017r\EWARM\p017r\Obj\stm32f1xx_hal_gpio.o
#        C:\Users\HZM\Desktop\program\p017r\EWARM\p017r\Obj\stm32f1xx_hal_gpio_ex.o
#        C:\Users\HZM\Desktop\program\p017r\EWARM\p017r\Obj\stm32f1xx_hal_msp.o
#        C:\Users\HZM\Desktop\program\p017r\EWARM\p017r\Obj\stm32f1xx_hal_pwr.o
#        C:\Users\HZM\Desktop\program\p017r\EWARM\p017r\Obj\stm32f1xx_hal_rcc.o
#        C:\Users\HZM\Desktop\program\p017r\EWARM\p017r\Obj\stm32f1xx_hal_rcc_ex.o
#        C:\Users\HZM\Desktop\program\p017r\EWARM\p017r\Obj\stm32f1xx_hal_tim.o
#        C:\Users\HZM\Desktop\program\p017r\EWARM\p017r\Obj\stm32f1xx_hal_tim_ex.o
#        C:\Users\HZM\Desktop\program\p017r\EWARM\p017r\Obj\stm32f1xx_hal_uart.o
#        C:\Users\HZM\Desktop\program\p017r\EWARM\p017r\Obj\stm32f1xx_it.o
#        C:\Users\HZM\Desktop\program\p017r\EWARM\p017r\Obj\system_stm32f1xx.o
#        C:\Users\HZM\Desktop\program\p017r\EWARM\p017r\Obj\usart.o --redirect
#        _Printf=_PrintfFull --redirect _Scanf=_ScanfFull -o
#        C:\Users\HZM\Desktop\program\p017r\EWARM\p017r\Exe\p017r.out --map
#        C:\Users\HZM\Desktop\program\p017r\EWARM\p017r\List\p017r.map --config
#        C:\Users\HZM\Desktop\program\p017r\EWARM/stm32f103xb_flash.icf
#        --semihosting --entry __iar_program_start --vfe --text_out locale)
#
###############################################################################

*******************************************************************************
*** RUNTIME MODEL ATTRIBUTES
***

CppFlavor       = *
__SystemLibrary = DLib
__dlib_version  = 6


*******************************************************************************
*** HEAP SELECTION
***

The basic heap was selected because no calls to memory allocation
functions were found in the application outside of system library
functions, and there are calls to deallocation functions in the
application.


*******************************************************************************
*** PLACEMENT SUMMARY
***

"A0":  place at 0x08000000 { ro section .intvec };
"P1":  place in [from 0x08000000 to 0x0801ffff] { ro };
define block CSTACK with size = 1K, alignment = 8 { };
define block HEAP with size = 512, alignment = 8 { };
"P2":  place in [from 0x20000000 to 0x20004fff] {
          rw, block CSTACK, block HEAP };
initialize by copy { rw };

  Section            Kind        Address    Size  Object
  -------            ----        -------    ----  ------
"A0":                                       0xec
  .intvec            ro code  0x08000000    0xec  startup_stm32f103xb.o [1]
                            - 0x080000ec    0xec

"P1":                                     0x18d8
  .text              ro code  0x080000ec   0x57a  stm32f1xx_hal_can.o [1]
  .text              ro code  0x08000668   0x166  can.o [1]
  .text              ro code  0x080007d0     0xc  stm32f1xx_hal.o [1]
  .text              ro code  0x080007dc     0x2  stm32f1xx_hal_can.o [1]
  .text              ro code  0x080007de     0x2  stm32f1xx_hal_can.o [1]
  .text              ro code  0x080007e0     0x2  stm32f1xx_hal_can.o [1]
  .text              ro code  0x080007e2     0x2  stm32f1xx_hal_can.o [1]
  .text              ro code  0x080007e4     0x2  stm32f1xx_hal_can.o [1]
  .text              ro code  0x080007e6     0x2  stm32f1xx_hal_can.o [1]
  .text              ro code  0x080007e8     0x2  stm32f1xx_hal_can.o [1]
  .text              ro code  0x080007ea     0x2  stm32f1xx_hal_can.o [1]
  .text              ro code  0x080007ec     0x2  stm32f1xx_hal_can.o [1]
  .text              ro code  0x080007ee     0x2  stm32f1xx_hal_can.o [1]
  .text              ro code  0x080007f0     0x2  stm32f1xx_hal_can.o [1]
  .text              ro code  0x080007f2    0x76  main.o [1]
  .text              ro code  0x08000868     0x6  ABImemclr4.o [4]
  .text              ro code  0x08000870   0x1c4  stm32f1xx_hal_gpio.o [1]
  .text              ro code  0x08000a34    0xc8  stm32f1xx_hal_cortex.o [1]
  .text              ro code  0x08000afc   0x494  stm32f1xx_hal_uart.o [1]
  .text              ro code  0x08000f90    0x24  stm32f1xx_hal.o [1]
  .text              ro code  0x08000fb4    0x78  gpio.o [1]
  .text              ro code  0x0800102c    0xbc  usart.o [1]
  .text              ro code  0x080010e8   0x4f6  stm32f1xx_hal_rcc.o [1]
  .text              ro code  0x080015e0    0x32  ABImemset48.o [4]
  .text              ro code  0x08001614    0xb8  stm32f1xx_hal_dma.o [1]
  .text              ro code  0x080016cc     0x2  stm32f1xx_hal_uart.o [1]
  .text              ro code  0x080016ce     0x2  stm32f1xx_hal_uart.o [1]
  .text              ro code  0x080016d0     0x2  stm32f1xx_hal_uart.o [1]
  .text              ro code  0x080016d4    0x40  stm32f1xx_hal.o [1]
  .text              ro code  0x08001714    0x44  stm32f1xx_hal_msp.o [1]
  .text              ro code  0x08001758    0x5c  system_stm32f1xx.o [1]
  .text              ro code  0x080017b4    0x40  zero_init3.o [4]
  .text              ro code  0x080017f4    0x2c  copy_init3.o [4]
  .text              ro code  0x08001820    0x28  stm32f1xx_it.o [1]
  .text              ro code  0x08001848    0x10  stm32f1xx_hal.o [1]
  .text              ro code  0x08001858    0x28  data_init.o [4]
  .iar.init_table    const    0x08001880    0x24  - Linker created -
  .text              ro code  0x080018a4    0x1e  cmain.o [4]
  .text              ro code  0x080018c2     0x4  low_level_init.o [3]
  .text              ro code  0x080018c6     0x4  exit.o [3]
  .text              ro code  0x080018cc     0xa  cexit.o [4]
  .text              ro code  0x080018d8    0x14  exit.o [5]
  .text              ro code  0x080018ec    0x10  startup_stm32f103xb.o [1]
  Initializer bytes  const    0x080018fc    0x10  <for P2-1>
  .text              ro code  0x0800190c     0xc  cstartup_M.o [4]
  .rodata            const    0x08001918     0x8  system_stm32f1xx.o [1]
  .text              ro code  0x08001920     0x4  startup_stm32f103xb.o [1]
  .text              ro code  0x08001924     0x4  startup_stm32f103xb.o [1]
  .text              ro code  0x08001928     0x4  startup_stm32f103xb.o [1]
  .text              ro code  0x0800192c     0x4  startup_stm32f103xb.o [1]
  .text              ro code  0x08001930     0x4  startup_stm32f103xb.o [1]
  .text              ro code  0x08001934     0x4  startup_stm32f103xb.o [1]
  .text              ro code  0x08001938     0x4  startup_stm32f103xb.o [1]
  .text              ro code  0x0800193c     0x4  startup_stm32f103xb.o [1]
  .text              ro code  0x08001940     0x4  startup_stm32f103xb.o [1]
  .text              ro code  0x08001944     0x4  startup_stm32f103xb.o [1]
  .text              ro code  0x08001948     0x4  startup_stm32f103xb.o [1]
  .text              ro code  0x0800194c     0x4  startup_stm32f103xb.o [1]
  .text              ro code  0x08001950     0x4  startup_stm32f103xb.o [1]
  .text              ro code  0x08001954     0x4  startup_stm32f103xb.o [1]
  .text              ro code  0x08001958     0x4  startup_stm32f103xb.o [1]
  .text              ro code  0x0800195c     0x4  startup_stm32f103xb.o [1]
  .text              ro code  0x08001960     0x4  startup_stm32f103xb.o [1]
  .text              ro code  0x08001964     0x4  startup_stm32f103xb.o [1]
  .text              ro code  0x08001968     0x4  startup_stm32f103xb.o [1]
  .text              ro code  0x0800196c     0x4  startup_stm32f103xb.o [1]
  .text              ro code  0x08001970     0x4  startup_stm32f103xb.o [1]
  .text              ro code  0x08001974     0x4  startup_stm32f103xb.o [1]
  .text              ro code  0x08001978     0x4  startup_stm32f103xb.o [1]
  .text              ro code  0x0800197c     0x4  startup_stm32f103xb.o [1]
  .text              ro code  0x08001980     0x4  startup_stm32f103xb.o [1]
  .text              ro code  0x08001984     0x4  startup_stm32f103xb.o [1]
  .text              ro code  0x08001988     0x4  startup_stm32f103xb.o [1]
  .text              ro code  0x0800198c     0x4  startup_stm32f103xb.o [1]
  .text              ro code  0x08001990     0x4  startup_stm32f103xb.o [1]
  .text              ro code  0x08001994     0x4  startup_stm32f103xb.o [1]
  .text              ro code  0x08001998     0x4  startup_stm32f103xb.o [1]
  .text              ro code  0x0800199c     0x4  startup_stm32f103xb.o [1]
  .text              ro code  0x080019a0     0x4  startup_stm32f103xb.o [1]
  .text              ro code  0x080019a4     0x4  startup_stm32f103xb.o [1]
  .text              ro code  0x080019a8     0x4  startup_stm32f103xb.o [1]
  .text              ro code  0x080019ac     0x4  startup_stm32f103xb.o [1]
  .text              ro code  0x080019b0     0x4  startup_stm32f103xb.o [1]
  .text              ro code  0x080019b4     0x4  startup_stm32f103xb.o [1]
  .text              ro code  0x080019b8     0x4  startup_stm32f103xb.o [1]
  .text              ro code  0x080019bc     0x4  startup_stm32f103xb.o [1]
  .text              ro code  0x080019c0     0x4  startup_stm32f103xb.o [1]
  .rodata            const    0x080019c4     0x0  zero_init3.o [4]
  .rodata            const    0x080019c4     0x0  copy_init3.o [4]
                            - 0x080019c4  0x18d8

"P2", part 1 of 3:                          0x10
  P2-1                        0x20000000    0x10  <Init block>
    .data            inited   0x20000000     0xc  stm32f1xx_hal.o [1]
    .data            inited   0x2000000c     0x4  system_stm32f1xx.o [1]
                            - 0x20000010    0x10

"P2", part 2 of 3:                          0x8c
  .bss               zero     0x20000010    0x40  usart.o [1]
  .bss               zero     0x20000050    0x28  can.o [1]
  .bss               zero     0x20000078    0x24  can.o [1]
                            - 0x2000009c    0x8c

"P2", part 3 of 3:                         0x400
  CSTACK                      0x200000a0   0x400  <Block>
    CSTACK           uninit   0x200000a0   0x400  <Block tail>
                            - 0x200004a0   0x400


*******************************************************************************
*** INIT TABLE
***

          Address     Size
          -------     ----
Zero (__iar_zero_init3)
    1 destination range, total size 0x8c:
          0x20000010  0x8c

Copy (__iar_copy_init3)
    1 source range, total size 0x10:
          0x080018fc  0x10
    1 destination range, total size 0x10:
          0x20000000  0x10



*******************************************************************************
*** MODULE SUMMARY
***

    Module                  ro code  ro data  rw data
    ------                  -------  -------  -------
C:\Users\HZM\Desktop\program\p017r\EWARM\p017r\Obj: [1]
    can.o                       358                76
    gpio.o                      120
    main.o                      118
    startup_stm32f103xb.o       416
    stm32f1xx_hal.o             128       12       12
    stm32f1xx_hal_can.o       1 424
    stm32f1xx_hal_cortex.o      200
    stm32f1xx_hal_dma.o         184
    stm32f1xx_hal_gpio.o        452
    stm32f1xx_hal_msp.o          68
    stm32f1xx_hal_rcc.o       1 270
    stm32f1xx_hal_uart.o      1 178
    stm32f1xx_it.o               40
    system_stm32f1xx.o           92       12        4
    usart.o                     188                64
    -------------------------------------------------
    Total:                    6 236       24      156

command line: [2]
    -------------------------------------------------
    Total:

dl7M_tlf.a: [3]
    exit.o                        4
    low_level_init.o              4
    -------------------------------------------------
    Total:                        8

rt7M_tl.a: [4]
    ABImemclr4.o                  6
    ABImemset48.o                50
    cexit.o                      10
    cmain.o                      30
    copy_init3.o                 44
    cstartup_M.o                 12
    data_init.o                  40
    zero_init3.o                 64
    -------------------------------------------------
    Total:                      256

shb_l.a: [5]
    exit.o                       20
    -------------------------------------------------
    Total:                       20

    Gaps                         16
    Linker created                        36    1 024
-----------------------------------------------------
    Grand Total:              6 536       60    1 180


*******************************************************************************
*** ENTRY LIST
***

Entry                      Address   Size  Type      Object
-----                      -------   ----  ----      ------
.iar.init_table$$Base   0x08001880          --   Gb  - Linker created -
.iar.init_table$$Limit  0x080018a4          --   Gb  - Linker created -
?main                   0x080018a5         Code  Gb  cmain.o [4]
AHBPrescTable           0x080017a4   0x10  Data  Gb  system_stm32f1xx.o [1]
APBPrescTable           0x08001918    0x8  Data  Gb  system_stm32f1xx.o [1]
BusFault_Handler        0x08001827    0x2  Code  Gb  stm32f1xx_it.o [1]
CAN_Config              0x08000725   0x50  Code  Gb  can.o [1]
CSTACK$$Base            0x200000a0          --   Gb  - Linker created -
CSTACK$$Limit           0x200004a0          --   Gb  - Linker created -
DebugMon_Handler        0x0800182d    0x2  Code  Gb  stm32f1xx_it.o [1]
Error_Handler           0x08000867    0x2  Code  Gb  main.o [1]
HAL_CAN_ActivateNotification
                        0x08000453   0x16  Code  Gb  stm32f1xx_hal_can.o [1]
HAL_CAN_ConfigFilter    0x080001fb   0xc0  Code  Gb  stm32f1xx_hal_can.o [1]
HAL_CAN_GetRxMessage    0x08000355   0xea  Code  Gb  stm32f1xx_hal_can.o [1]
HAL_CAN_IRQHandler      0x0800046f  0x1f8  Code  Gb  stm32f1xx_hal_can.o [1]
HAL_CAN_Init            0x080000ed  0x10e  Code  Gb  stm32f1xx_hal_can.o [1]
HAL_CAN_MspInit         0x080006a9   0x7c  Code  Gb  can.o [1]
HAL_CAN_RxFifo0FullCallback
                        0x080007cd    0x2  Code  Gb  can.o [1]
HAL_CAN_RxFifo0MsgPendingCallback
                        0x08000775   0x3e  Code  Gb  can.o [1]
HAL_CAN_Start           0x080002c9   0x4c  Code  Gb  stm32f1xx_hal_can.o [1]
HAL_DMA_Abort_IT        0x08001615   0x9a  Code  Gb  stm32f1xx_hal_dma.o [1]
HAL_GPIO_Init           0x08000871  0x182  Code  Gb  stm32f1xx_hal_gpio.o [1]
HAL_GPIO_WritePin       0x080009f3    0xc  Code  Gb  stm32f1xx_hal_gpio.o [1]
HAL_GetTick             0x080007d1    0xc  Code  Wk  stm32f1xx_hal.o [1]
HAL_IncTick             0x08001849   0x10  Code  Wk  stm32f1xx_hal.o [1]
HAL_Init                0x08000f91   0x20  Code  Gb  stm32f1xx_hal.o [1]
HAL_InitTick            0x080016d5   0x40  Code  Wk  stm32f1xx_hal.o [1]
HAL_MspInit             0x08001715   0x44  Code  Gb  stm32f1xx_hal_msp.o [1]
HAL_NVIC_EnableIRQ      0x08000aa7    0xa  Code  Gb  stm32f1xx_hal_cortex.o [1]
HAL_NVIC_SetPriority    0x08000a6d   0x3a  Code  Gb  stm32f1xx_hal_cortex.o [1]
HAL_NVIC_SetPriorityGrouping
                        0x08000a53   0x1a  Code  Gb  stm32f1xx_hal_cortex.o [1]
HAL_RCC_ClockConfig     0x08001405  0x126  Code  Gb  stm32f1xx_hal_rcc.o [1]
HAL_RCC_GetPCLK1Freq    0x0800157d   0x10  Code  Gb  stm32f1xx_hal_rcc.o [1]
HAL_RCC_GetPCLK2Freq    0x0800158d    0xe  Code  Gb  stm32f1xx_hal_rcc.o [1]
HAL_RCC_GetSysClockFreq
                        0x08001541   0x3c  Code  Gb  stm32f1xx_hal_rcc.o [1]
HAL_RCC_GetSysClockFreq::aPLLMULFactorTable
                        0x080015cc   0x10  Data  Lc  stm32f1xx_hal_rcc.o [1]
HAL_RCC_GetSysClockFreq::aPredivFactorTable
                        0x080015dc    0x2  Data  Lc  stm32f1xx_hal_rcc.o [1]
HAL_RCC_OscConfig       0x080010e9  0x314  Code  Gb  stm32f1xx_hal_rcc.o [1]
HAL_SYSTICK_Config      0x08000abb   0x28  Code  Gb  stm32f1xx_hal_cortex.o [1]
HAL_UART_IRQHandler     0x08000c33  0x152  Code  Gb  stm32f1xx_hal_uart.o [1]
HAL_UART_Init           0x08000afd   0x1e  Code  Gb  stm32f1xx_hal_uart.o [1]
HAL_UART_MspInit        0x0800105d   0x7c  Code  Gb  usart.o [1]
HAL_UART_Transmit       0x08000b75   0xaa  Code  Gb  stm32f1xx_hal_uart.o [1]
HardFault_Handler       0x08001823    0x2  Code  Gb  stm32f1xx_it.o [1]
MX_CAN_Init             0x08000669   0x40  Code  Gb  can.o [1]
MX_GPIO_Init            0x08000fb5   0x6e  Code  Gb  gpio.o [1]
MX_USART1_UART_Init     0x0800102d   0x30  Code  Gb  usart.o [1]
MemManage_Handler       0x08001825    0x2  Code  Gb  stm32f1xx_it.o [1]
NMI_Handler             0x08001821    0x2  Code  Gb  stm32f1xx_it.o [1]
NVIC_SetPriority        0x08000a35   0x1e  Code  Lc  stm32f1xx_hal_cortex.o [1]
PendSV_Handler          0x0800182f    0x2  Code  Gb  stm32f1xx_it.o [1]
Region$$Table$$Base     0x08001880          --   Gb  - Linker created -
Region$$Table$$Limit    0x080018a4          --   Gb  - Linker created -
RxData                  0x20000094    0x8  Data  Gb  can.o [1]
RxHeader                0x20000078   0x1c  Data  Gb  can.o [1]
SVC_Handler             0x0800182b    0x2  Code  Gb  stm32f1xx_it.o [1]
SysTick_Handler         0x08001831    0x4  Code  Gb  stm32f1xx_it.o [1]
SystemClock_Config      0x0800080f   0x58  Code  Gb  main.o [1]
SystemCoreClock         0x2000000c    0x4  Data  Gb  system_stm32f1xx.o [1]
SystemInit              0x08001759   0x3a  Code  Gb  system_stm32f1xx.o [1]
UART_DMAAbortOnError    0x08000e05    0xc  Code  Lc  stm32f1xx_hal_uart.o [1]
UART_EndRxTransfer      0x08000de9   0x1c  Code  Lc  stm32f1xx_hal_uart.o [1]
UART_Receive_IT         0x08000e11   0x96  Code  Lc  stm32f1xx_hal_uart.o [1]
UART_SetConfig          0x08000ea7   0xde  Code  Lc  stm32f1xx_hal_uart.o [1]
UART_WaitOnFlagUntilTimeout
                        0x08000d85   0x56  Code  Lc  stm32f1xx_hal_uart.o [1]
USART1_IRQHandler       0x0800183b    0x6  Code  Gb  stm32f1xx_it.o [1]
USB_LP_CAN1_RX0_IRQHandler
                        0x08001835    0x6  Code  Gb  stm32f1xx_it.o [1]
UsageFault_Handler      0x08001829    0x2  Code  Gb  stm32f1xx_it.o [1]
__aeabi_memclr4         0x08000869         Code  Gb  ABImemclr4.o [4]
__cmain                 0x080018a5         Code  Gb  cmain.o [4]
__exit                  0x080018d9   0x14  Code  Gb  exit.o [5]
__iar_Memset4_word      0x080015e1         Code  Gb  ABImemset48.o [4]
__iar_Memset8_word      0x080015e1         Code  Gb  ABImemset48.o [4]
__iar_copy_init3        0x080017f5   0x2c  Code  Gb  copy_init3.o [4]
__iar_data_init3        0x08001859   0x28  Code  Gb  data_init.o [4]
__iar_program_start     0x0800190d         Code  Gb  cstartup_M.o [4]
__iar_systems$$module {Abs}
                        0x00000001         Data  Gb  command line/config [2]
__iar_zero_init3        0x080017b5   0x40  Code  Gb  zero_init3.o [4]
__low_level_init        0x080018c3    0x4  Code  Gb  low_level_init.o [3]
__vector_table          0x08000000         Data  Gb  startup_stm32f103xb.o [1]
_call_main              0x080018b1         Code  Gb  cmain.o [4]
_exit                   0x080018cd         Code  Gb  cexit.o [4]
_main                   0x080018bf         Code  Gb  cmain.o [4]
exit                    0x080018c7    0x4  Code  Gb  exit.o [3]
hcan                    0x20000050   0x28  Data  Gb  can.o [1]
huart1                  0x20000010   0x40  Data  Gb  usart.o [1]
main                    0x080007f3   0x1c  Code  Gb  main.o [1]
uwTick                  0x20000004    0x4  Data  Gb  stm32f1xx_hal.o [1]
uwTickFreq              0x20000000    0x1  Data  Gb  stm32f1xx_hal.o [1]
uwTickPrio              0x20000008    0x4  Data  Gb  stm32f1xx_hal.o [1]


[1] = C:\Users\HZM\Desktop\program\p017r\EWARM\p017r\Obj
[2] = command line
[3] = dl7M_tlf.a
[4] = rt7M_tl.a
[5] = shb_l.a

  6 536 bytes of readonly  code memory
     60 bytes of readonly  data memory
  1 180 bytes of readwrite data memory

Errors: none
Warnings: none
